Archive member included because of file (symbol)

c:/winavr-20100110/bin/../lib/gcc/avr/4.3.3/avr5\libgcc.a(_mulsi3.o)
                              ../avrlib/timer.o (__mulsi3)
c:/winavr-20100110/bin/../lib/gcc/avr/4.3.3/avr5\libgcc.a(_udivmodqi4.o)
                              ps2main.o (__udivmodqi4)
c:/winavr-20100110/bin/../lib/gcc/avr/4.3.3/avr5\libgcc.a(_udivmodhi4.o)
                              udelay.o (__udivmodhi4)
c:/winavr-20100110/bin/../lib/gcc/avr/4.3.3/avr5\libgcc.a(_divmodhi4.o)
                              ledrender.o (__divmodhi4)
c:/winavr-20100110/bin/../lib/gcc/avr/4.3.3/avr5\libgcc.a(_udivmodsi4.o)
                              ../avrlib/timer.o (__udivmodsi4)
c:/winavr-20100110/bin/../lib/gcc/avr/4.3.3/avr5\libgcc.a(_divmodsi4.o)
                              ps2main.o (__divmodsi4)
c:/winavr-20100110/bin/../lib/gcc/avr/4.3.3/avr5\libgcc.a(_exit.o)
                              c:/winavr-20100110/bin/../lib/gcc/avr/4.3.3/../../../../avr/lib/avr5/crtm32.o (exit)
c:/winavr-20100110/bin/../lib/gcc/avr/4.3.3/avr5\libgcc.a(_copy_data.o)
                              usbdrv/usbdrv.o (__do_copy_data)
c:/winavr-20100110/bin/../lib/gcc/avr/4.3.3/avr5\libgcc.a(_clear_bss.o)
                              ../avrlib/timer.o (__do_clear_bss)
c:/winavr-20100110/bin/../lib/gcc/avr/4.3.3/../../../../avr/lib/avr5\libc.a(memcpy.o)
                              usbmain.o (memcpy)
c:/winavr-20100110/bin/../lib/gcc/avr/4.3.3/../../../../avr/lib/avr5\libc.a(memmove.o)
                              ps2avru_util.o (memmove)
c:/winavr-20100110/bin/../lib/gcc/avr/4.3.3/../../../../avr/lib/avr5\libc.a(itoa.o)
                              macrobuffer.o (itoa)
c:/winavr-20100110/bin/../lib/gcc/avr/4.3.3/../../../../avr/lib/avr5\libc.a(sprintf.o)
                              keymapper.o (sprintf)
c:/winavr-20100110/bin/../lib/gcc/avr/4.3.3/../../../../avr/lib/avr5\libc.a(vfprintf_std.o)
                              c:/winavr-20100110/bin/../lib/gcc/avr/4.3.3/../../../../avr/lib/avr5\libc.a(sprintf.o) (vfprintf)
c:/winavr-20100110/bin/../lib/gcc/avr/4.3.3/../../../../avr/lib/avr5\libc.a(eerd_byte_atmega32.o)
                              ledrender.o (__eerd_byte_m32)
c:/winavr-20100110/bin/../lib/gcc/avr/4.3.3/../../../../avr/lib/avr5\libc.a(eewr_byte_atmega32.o)
                              ledrender.o (__eewr_byte_m32)
c:/winavr-20100110/bin/../lib/gcc/avr/4.3.3/../../../../avr/lib/avr5\libc.a(strnlen_P.o)
                              c:/winavr-20100110/bin/../lib/gcc/avr/4.3.3/../../../../avr/lib/avr5\libc.a(vfprintf_std.o) (strnlen_P)
c:/winavr-20100110/bin/../lib/gcc/avr/4.3.3/../../../../avr/lib/avr5\libc.a(strnlen.o)
                              c:/winavr-20100110/bin/../lib/gcc/avr/4.3.3/../../../../avr/lib/avr5\libc.a(vfprintf_std.o) (strnlen)
c:/winavr-20100110/bin/../lib/gcc/avr/4.3.3/../../../../avr/lib/avr5\libc.a(strrev.o)
                              c:/winavr-20100110/bin/../lib/gcc/avr/4.3.3/../../../../avr/lib/avr5\libc.a(itoa.o) (strrev)
c:/winavr-20100110/bin/../lib/gcc/avr/4.3.3/../../../../avr/lib/avr5\libc.a(fputc.o)
                              c:/winavr-20100110/bin/../lib/gcc/avr/4.3.3/../../../../avr/lib/avr5\libc.a(vfprintf_std.o) (fputc)
c:/winavr-20100110/bin/../lib/gcc/avr/4.3.3/../../../../avr/lib/avr5\libc.a(ultoa_invert.o)
                              c:/winavr-20100110/bin/../lib/gcc/avr/4.3.3/../../../../avr/lib/avr5\libc.a(vfprintf_std.o) (__ultoa_invert)
c:/winavr-20100110/bin/../lib/gcc/avr/4.3.3/avr5\libgcc.a(_prologue.o)
                              c:/winavr-20100110/bin/../lib/gcc/avr/4.3.3/../../../../avr/lib/avr5\libc.a(sprintf.o) (__prologue_saves__)
c:/winavr-20100110/bin/../lib/gcc/avr/4.3.3/avr5\libgcc.a(_epilogue.o)
                              c:/winavr-20100110/bin/../lib/gcc/avr/4.3.3/../../../../avr/lib/avr5\libc.a(sprintf.o) (__epilogue_restores__)

Allocating common symbols
Common symbol       size              file

usbTxBuf            0xb               usbdrv/usbdrv.o
usbTxStatus1        0xc               usbdrv/usbdrv.o
_macroIndex         0x1               keymapper.o
Timer0Reg0          0x4               ../avrlib/timer.o
TimerPauseReg       0x4               ../avrlib/timer.o
_macroPressedBuffer
                    0x10              keymapper.o
lastState           0x1               ps2main.o
prevMatrix          0x11              keymatrix.o
Timer2Reg0          0x4               ../avrlib/timer.o
usbDeviceAddr       0x1               usbdrv/usbdrv.o
usbRxToken          0x1               usbdrv/usbdrv.o
usbInputBufOffset   0x1               usbdrv/usbdrv.o
KFLA                0x90              ps2main.o
reportIndex         0x1               usbmain.o
lastSent            0x1               ps2main.o
m_state             0x1               ps2main.o
usbMsgPtr           0x2               usbdrv/usbdrv.o
_newKeyMap          0x88              keymapper.o
usbRxLen            0x1               usbdrv/usbdrv.o
kbd_state           0x1               keysta.o
usbNewDeviceAddr    0x1               usbdrv/usbdrv.o
_macroInputBuffer   0x20              keymapper.o
usbCurrentTok       0x1               usbdrv/usbdrv.o
kbd_flags           0x1               keysta.o
usbConfiguration    0x1               usbdrv/usbdrv.o
usbRxBuf            0x16              usbdrv/usbdrv.o
currentMatrix       0x11              keymatrix.o
_macroBufferIndex   0x1               keymapper.o

Memory Configuration

Name             Origin             Length             Attributes
text             0x00000000         0x00020000         xr
data             0x00800060         0x0000ffa0         rw !x
eeprom           0x00810000         0x00010000         rw !x
fuse             0x00820000         0x00000400         rw !x
lock             0x00830000         0x00000400         rw !x
signature        0x00840000         0x00000400         rw !x
*default*        0x00000000         0xffffffff

Linker script and memory map

LOAD c:/winavr-20100110/bin/../lib/gcc/avr/4.3.3/../../../../avr/lib/avr5/crtm32.o
LOAD usbdrv/usbdrvasm.o
LOAD ../avrlib/timer.o
LOAD keysta.o
LOAD usbdrv/usbdrv.o
LOAD usbdrv/oddebug.o
LOAD ledrender.o
LOAD sleep.o
LOAD keymapper.o
LOAD ps2avru_util.o
LOAD macrobuffer.o
LOAD keymap.o
LOAD keymatrix.o
LOAD ps2main.o
LOAD usbmain.o
LOAD udelay.o
LOAD keymain.o
LOAD c:/winavr-20100110/bin/../lib/gcc/avr/4.3.3/avr5\libgcc.a
LOAD c:/winavr-20100110/bin/../lib/gcc/avr/4.3.3/../../../../avr/lib/avr5\libc.a
LOAD c:/winavr-20100110/bin/../lib/gcc/avr/4.3.3/avr5\libgcc.a

.hash
 *(.hash)

.dynsym
 *(.dynsym)

.dynstr
 *(.dynstr)

.gnu.version
 *(.gnu.version)

.gnu.version_d
 *(.gnu.version_d)

.gnu.version_r
 *(.gnu.version_r)

.rel.init
 *(.rel.init)

.rela.init
 *(.rela.init)

.rel.text
 *(.rel.text)
 *(.rel.text.*)
 *(.rel.gnu.linkonce.t*)

.rela.text
 *(.rela.text)
 *(.rela.text.*)
 *(.rela.gnu.linkonce.t*)

.rel.fini
 *(.rel.fini)

.rela.fini
 *(.rela.fini)

.rel.rodata
 *(.rel.rodata)
 *(.rel.rodata.*)
 *(.rel.gnu.linkonce.r*)

.rela.rodata
 *(.rela.rodata)
 *(.rela.rodata.*)
 *(.rela.gnu.linkonce.r*)

.rel.data
 *(.rel.data)
 *(.rel.data.*)
 *(.rel.gnu.linkonce.d*)

.rela.data
 *(.rela.data)
 *(.rela.data.*)
 *(.rela.gnu.linkonce.d*)

.rel.ctors
 *(.rel.ctors)

.rela.ctors
 *(.rela.ctors)

.rel.dtors
 *(.rel.dtors)

.rela.dtors
 *(.rela.dtors)

.rel.got
 *(.rel.got)

.rela.got
 *(.rela.got)

.rel.bss
 *(.rel.bss)

.rela.bss
 *(.rela.bss)

.rel.plt
 *(.rel.plt)

.rela.plt
 *(.rela.plt)

.text           0x00000000     0x4898
 *(.vectors)
 .vectors       0x00000000       0x54 c:/winavr-20100110/bin/../lib/gcc/avr/4.3.3/../../../../avr/lib/avr5/crtm32.o
                0x00000000                __vectors
                0x00000000                __vector_default
 *(.vectors)
 *(.progmem.gcc*)
 .progmem.gcc_sw_table
                0x00000054       0xbe macrobuffer.o
 *(.progmem*)
 .progmem.data  0x00000112       0x1c ../avrlib/timer.o
                0x0000011e                TimerRTCPrescaleFactor
                0x00000112                TimerPrescaleFactor
 .progmem.data  0x0000012e       0x64 usbdrv/usbdrv.o
                0x0000015e                usbDescriptorDevice
                0x0000012e                usbDescriptorString0
                0x00000170                usbDescriptorConfiguration
                0x00000132                usbDescriptorStringVendor
                0x0000014e                usbDescriptorStringDevice
 .progmem.data  0x00000192      0x2db keymapper.o
                0x0000036f                str_save_layer
                0x00000350                str_input_command
                0x0000027a                str_prepare_message
                0x000003f6                str_exit_macro
                0x000002f5                str_save_end_mapping
                0x00000231                str_mapper_3
                0x000001c5                str_macro_message
                0x00000241                str_mapper_4
                0x00000205                str_mapper_1
                0x00000367                str_nothing
                0x00000331                str_reset_mapping
                0x0000039f                str_col_row
                0x00000448                str_invalid_macro_number
                0x000001f3                str_back_6
                0x00000257                str_mapper_9
                0x000001e0                str_macro_2
                0x00000214                str_mapper_2
                0x000002b4                str_choose_key
                0x00000282                str_choose_layer
                0x00000411                str_input_macro
                0x0000019e                str_select_mode1
                0x000001e7                str_macro_9
                0x000003ab                str_invalid_keycode
                0x000003c9                str_select_number
                0x000001cb                str_macro_1
                0x00000395                str_saving
                0x000001b4                str_select_mode3
                0x000001bb                str_exit
                0x000002d3                str_input_keycode
                0x00000192                str_select_mode
                0x00000464                str_clear_all_macro
                0x0000030d                str_cancel_mapping
                0x00000382                str_load_layer
                0x000001ac                str_select_mode2
                0x000001fa                str_mapper_message
 .progmem.data  0x0000046d      0x2a7 keymap.o
                0x000004fd                keycode_USB_multimedia
                0x00000540                keycode_set2_extend
                0x00000531                keycode_USB_extend
                0x0000046d                keycode_set2
                0x00000535                keycode_set2_special
                0x0000057c                keymap_code
                0x0000053c                keycode_set2_make_break
                0x00000538                keycode_set2_makeonly
                0x0000056d                keycode_set2_proc_shift
 .progmem.data  0x00000714       0x55 usbmain.o
                0x00000714                usbDescriptorHidReport
                0x0000076a                . = ALIGN (0x2)
 *fill*         0x00000769        0x1 00
                0x0000076a                __trampolines_start = .
 *(.trampolines)
 .trampolines   0x0000076a        0x0 linker stubs
 *(.trampolines*)
                0x0000076a                __trampolines_end = .
 *(.jumptables)
 *(.jumptables*)
 *(.lowtext)
 *(.lowtext*)
                0x0000076a                __ctors_start = .
 *(.ctors)
                0x0000076a                __ctors_end = .
                0x0000076a                __dtors_start = .
 *(.dtors)
                0x0000076a                __dtors_end = .
 SORT(*)(.ctors)
 SORT(*)(.dtors)
 *(.init0)
 .init0         0x0000076a        0x0 c:/winavr-20100110/bin/../lib/gcc/avr/4.3.3/../../../../avr/lib/avr5/crtm32.o
                0x0000076a                __init
 *(.init0)
 *(.init1)
 *(.init1)
 *(.init2)
 .init2         0x0000076a        0xc c:/winavr-20100110/bin/../lib/gcc/avr/4.3.3/../../../../avr/lib/avr5/crtm32.o
 *(.init2)
 *(.init3)
 *(.init3)
 *(.init4)
 .init4         0x00000776       0x16 c:/winavr-20100110/bin/../lib/gcc/avr/4.3.3/avr5\libgcc.a(_copy_data.o)
                0x00000776                __do_copy_data
 .init4         0x0000078c       0x10 c:/winavr-20100110/bin/../lib/gcc/avr/4.3.3/avr5\libgcc.a(_clear_bss.o)
                0x0000078c                __do_clear_bss
 *(.init4)
 *(.init5)
 *(.init5)
 *(.init6)
 *(.init6)
 *(.init7)
 *(.init7)
 *(.init8)
 *(.init8)
 *(.init9)
 .init9         0x0000079c        0x8 c:/winavr-20100110/bin/../lib/gcc/avr/4.3.3/../../../../avr/lib/avr5/crtm32.o
 *(.init9)
 *(.text)
 .text          0x000007a4        0x4 c:/winavr-20100110/bin/../lib/gcc/avr/4.3.3/../../../../avr/lib/avr5/crtm32.o
                0x000007a4                __vector_12
                0x000007a4                __bad_interrupt
                0x000007a4                __vector_3
                0x000007a4                __vector_13
                0x000007a4                __vector_17
                0x000007a4                __vector_19
                0x000007a4                __vector_2
                0x000007a4                __vector_15
                0x000007a4                __vector_14
                0x000007a4                __vector_16
                0x000007a4                __vector_18
                0x000007a4                __vector_20
 .text          0x000007a8      0x2a6 usbdrv/usbdrvasm.o
                0x000007da                __vector_1
                0x000007a8                usbCrc16
                0x000007d2                usbCrc16Append
 .text          0x00000a4e      0x682 ../avrlib/timer.o
                0x00000cb8                timer2GetOverflowCount
                0x00000b54                timerDetach
                0x00000adc                timer1SetPrescaler
                0x00000d74                timer1PWMBOff
                0x00000b24                timer2GetPrescaler
                0x0000101c                __vector_6
                0x00000a50                timer0Init
                0x00000d66                timer1PWMAOff
                0x00000d88                timer1PWMBSet
                0x00000d8e                __vector_11
                0x00000cfe                timer1PWMInitICR
                0x00000af0                timer0GetPrescaler
                0x00000f68                __vector_7
                0x00000c90                timer0GetOverflowCount
                0x00000e8e                __vector_5
                0x00000aa8                timerInit
                0x00000ae6                timer2SetPrescaler
                0x00000d4a                timer1PWMAOn
                0x00000ad2                timer0SetPrescaler
                0x00000a4e                delay_us
                0x00001076                __vector_4
                0x00000c7e                timer0ClearOverflowCount
                0x00000e34                __vector_9
                0x00000a72                timer1Init
                0x00000cce                timer1PWMInit
                0x00000d58                timer1PWMBOn
                0x00000a86                timer2Init
                0x00000fc2                __vector_8
                0x00000d82                timer1PWMASet
                0x00000b3e                timerAttach
                0x00000d24                timer1PWMOff
                0x00000f0e                __vector_10
                0x00000b0a                timer1GetPrescaler
                0x00000ca6                timer2ClearOverflowCount
                0x00000b6a                timerPause
 .text          0x000010d0      0x27a keysta.o
                0x000010ee                kbd_get_rx_char
                0x0000131e                kbd_init
                0x000010d0                kbd_set_tx
 .text          0x0000134a      0x2b4 usbdrv/usbdrv.o
                0x00001364                usbPoll
                0x000015b8                usbSetInterrupt
                0x0000134a                usbInit
 .text          0x000015fe        0x0 usbdrv/oddebug.o
 .text          0x000015fe      0x5ec ledrender.o
                0x00001732                doSleep
                0x00001700                sleepLED
                0x00001b68                increaseLedBrightness
                0x00001b36                reduceLedBrightness
                0x00001604                getLEDState
                0x0000160a                clearLEDInited
                0x00001610                setLEDIndicate
                0x00001b10                changeFullLedState
                0x00001b06                wakeUpLED
                0x00001672                applyKeyDownForFullLED
                0x00001790                renderLED
                0x00001b9c                initFullLEDState
                0x000015fe                setLEDState
 .text          0x00001bea       0x8a sleep.o
                0x00001bf0                sleep
                0x00001c52                wakeUp
                0x00001c04                countSleep
                0x00001bea                isSleep
 .text          0x00001c74      0xdca keymapper.o
                0x0000285a                prepareKeyMapper
                0x00001cd6                readyKeyMappingOnBoot
                0x00001f56                printMacroMessage
                0x000028f4                applyMacro
                0x00001ce8                isMacroKey
                0x00002118                saveMacro
                0x0000206e                printSelectMode
                0x00001c90                applyKeyMapping
                0x00001f0c                saveCurrentLayer
                0x0000278c                saveCurrentLayerAfter
                0x00002a2c                startKeyMappingOnBoot
                0x000020ae                printMapperMessageAfter
                0x0000287e                getCurrentKeycode
                0x00001cde                stopKeyMapping
                0x00001ea2                resetCurrentLayer
                0x00001cd0                isReadyKeyMappingOnBoot
                0x00001c88                isDeepKeyMapping
                0x00002160                readMacro
                0x000029b2                enterFrameForMapper
                0x00001eee                clearMacro
                0x00001f48                printPrepareString
                0x00001cf6                escapeMacroKeycode
                0x00001c74                setWillStartKeyMapping
                0x00002924                startKeyMapping
                0x00001c80                isKeyMapping
                0x00001d12                resetMacroInput
                0x00002948                prepareKeyMapping
                0x00002232                putKeyCode
                0x000021aa                loadCurrentLayer
                0x000020ee                clearMacroAfter
                0x00002978                countKeyMappingEnabled
 .text          0x00002a3e       0xc8 ps2avru_util.o
                0x00002a8a                delete
                0x00002a5e                equalAll
                0x00002a3e                findIndex
                0x00002aee                append
                0x00002ab2                insert
 .text          0x00002b06      0x25e macrobuffer.o
                0x00002b88                isEmptyM
                0x00002d08                popMWithKey
                0x00002b06                pushM
                0x00002bd6                setMacroProcessEnd
                0x00002ce2                clearMacroPressedBuffer
                0x00002cc6                toString
                0x00002bdc                charToKey
                0x00002b50                popM
                0x00002ba6                isMacroProcessEnd
 .text          0x00002d64        0x0 keymap.o
 .text          0x00002d64      0x324 keymatrix.o
                0x00002fe4                applyFN
                0x00002ece                getLayer
                0x00002d88                isAllKeyRelease
                0x00002da4                getLiveMatrix
                0x00002d64                clearMatrix
                0x00002eb0                setCurrentMatrix
 .text          0x00003088      0x908 ps2main.o
                0x000033b8                putKey
                0x00003584                tx_state
                0x0000337e                prepareKeyMappingPs2
                0x0000325c                pushKey
                0x00003166                clear
                0x00003404                scanKeyPS2
                0x0000319e                keymap_init
                0x00003110                pop
                0x00003398                hasMacroPs2
                0x0000359c                ps2_main
                0x00003148                isEmpty
                0x00003088                push
                0x000033a8                initInterfacePs2
 .text          0x00003990      0x52c usbmain.o
                0x00003ce4                usb_main
                0x00003a3c                clearReportBuffer
                0x00003df2                prepareKeyMappingUsb
                0x00003a20                hasMacroUsb
                0x00003e12                usbFunctionSetup
                0x00003e02                initInterfaceUsb
                0x00003990                makeReportBuffer
                0x00003b20                scanKeyUSB
                0x00003a52                scanMacroUsb
                0x00003e96                usbFunctionWrite
 .text          0x00003ebc       0x38 udelay.o
                0x00003ebc                _delay_us_m
 .text          0x00003ef4      0x210 keymain.o
                0x00003efa                setUsbOff
                0x00003f00                getUserSelectedInterface
                0x00003f86                main
                0x00003ef4                setUsbOn
                0x00003f12                clearTimers
                0x00003f72                clearInterface
 .text          0x00004104        0x0 c:/winavr-20100110/bin/../lib/gcc/avr/4.3.3/avr5\libgcc.a(_mulsi3.o)
 .text          0x00004104        0x0 c:/winavr-20100110/bin/../lib/gcc/avr/4.3.3/avr5\libgcc.a(_udivmodqi4.o)
 .text          0x00004104        0x0 c:/winavr-20100110/bin/../lib/gcc/avr/4.3.3/avr5\libgcc.a(_udivmodhi4.o)
 .text          0x00004104        0x0 c:/winavr-20100110/bin/../lib/gcc/avr/4.3.3/avr5\libgcc.a(_divmodhi4.o)
 .text          0x00004104        0x0 c:/winavr-20100110/bin/../lib/gcc/avr/4.3.3/avr5\libgcc.a(_udivmodsi4.o)
 .text          0x00004104        0x0 c:/winavr-20100110/bin/../lib/gcc/avr/4.3.3/avr5\libgcc.a(_divmodsi4.o)
 .text          0x00004104        0x0 c:/winavr-20100110/bin/../lib/gcc/avr/4.3.3/avr5\libgcc.a(_exit.o)
 .text          0x00004104        0x0 c:/winavr-20100110/bin/../lib/gcc/avr/4.3.3/avr5\libgcc.a(_copy_data.o)
 .text          0x00004104        0x0 c:/winavr-20100110/bin/../lib/gcc/avr/4.3.3/avr5\libgcc.a(_clear_bss.o)
 .text          0x00004104        0x0 c:/winavr-20100110/bin/../lib/gcc/avr/4.3.3/../../../../avr/lib/avr5\libc.a(memcpy.o)
 .text          0x00004104        0x0 c:/winavr-20100110/bin/../lib/gcc/avr/4.3.3/../../../../avr/lib/avr5\libc.a(memmove.o)
 .text          0x00004104        0x0 c:/winavr-20100110/bin/../lib/gcc/avr/4.3.3/../../../../avr/lib/avr5\libc.a(itoa.o)
 .text          0x00004104        0x0 c:/winavr-20100110/bin/../lib/gcc/avr/4.3.3/../../../../avr/lib/avr5\libc.a(sprintf.o)
 .text          0x00004104        0x0 c:/winavr-20100110/bin/../lib/gcc/avr/4.3.3/../../../../avr/lib/avr5\libc.a(vfprintf_std.o)
 .text          0x00004104        0x0 c:/winavr-20100110/bin/../lib/gcc/avr/4.3.3/../../../../avr/lib/avr5\libc.a(eerd_byte_atmega32.o)
 .text          0x00004104        0x0 c:/winavr-20100110/bin/../lib/gcc/avr/4.3.3/../../../../avr/lib/avr5\libc.a(eewr_byte_atmega32.o)
 .text          0x00004104        0x0 c:/winavr-20100110/bin/../lib/gcc/avr/4.3.3/../../../../avr/lib/avr5\libc.a(strnlen_P.o)
 .text          0x00004104        0x0 c:/winavr-20100110/bin/../lib/gcc/avr/4.3.3/../../../../avr/lib/avr5\libc.a(strnlen.o)
 .text          0x00004104        0x0 c:/winavr-20100110/bin/../lib/gcc/avr/4.3.3/../../../../avr/lib/avr5\libc.a(strrev.o)
 .text          0x00004104        0x0 c:/winavr-20100110/bin/../lib/gcc/avr/4.3.3/../../../../avr/lib/avr5\libc.a(fputc.o)
 .text          0x00004104        0x0 c:/winavr-20100110/bin/../lib/gcc/avr/4.3.3/../../../../avr/lib/avr5\libc.a(ultoa_invert.o)
 .text          0x00004104        0x0 c:/winavr-20100110/bin/../lib/gcc/avr/4.3.3/avr5\libgcc.a(_prologue.o)
 .text          0x00004104        0x0 c:/winavr-20100110/bin/../lib/gcc/avr/4.3.3/avr5\libgcc.a(_epilogue.o)
                0x00004104                . = ALIGN (0x2)
 *(.text.*)
 .text.libgcc   0x00004104       0x3e c:/winavr-20100110/bin/../lib/gcc/avr/4.3.3/avr5\libgcc.a(_mulsi3.o)
                0x00004104                __mulsi3
 .text.libgcc   0x00004142       0x18 c:/winavr-20100110/bin/../lib/gcc/avr/4.3.3/avr5\libgcc.a(_udivmodqi4.o)
                0x00004142                __udivmodqi4
 .text.libgcc   0x0000415a       0x28 c:/winavr-20100110/bin/../lib/gcc/avr/4.3.3/avr5\libgcc.a(_udivmodhi4.o)
                0x0000415a                __udivmodhi4
 .text.libgcc   0x00004182       0x26 c:/winavr-20100110/bin/../lib/gcc/avr/4.3.3/avr5\libgcc.a(_divmodhi4.o)
                0x00004182                __divmodhi4
                0x00004182                _div
 .text.libgcc   0x000041a8       0x44 c:/winavr-20100110/bin/../lib/gcc/avr/4.3.3/avr5\libgcc.a(_udivmodsi4.o)
                0x000041a8                __udivmodsi4
 .text.libgcc   0x000041ec       0x36 c:/winavr-20100110/bin/../lib/gcc/avr/4.3.3/avr5\libgcc.a(_divmodsi4.o)
                0x000041ec                __divmodsi4
 .text.libgcc   0x00004222        0x0 c:/winavr-20100110/bin/../lib/gcc/avr/4.3.3/avr5\libgcc.a(_exit.o)
 .text.libgcc   0x00004222        0x0 c:/winavr-20100110/bin/../lib/gcc/avr/4.3.3/avr5\libgcc.a(_copy_data.o)
 .text.libgcc   0x00004222        0x0 c:/winavr-20100110/bin/../lib/gcc/avr/4.3.3/avr5\libgcc.a(_clear_bss.o)
 .text.avr-libc
                0x00004222       0x12 c:/winavr-20100110/bin/../lib/gcc/avr/4.3.3/../../../../avr/lib/avr5\libc.a(memcpy.o)
                0x00004222                memcpy
 .text.avr-libc
                0x00004234       0x24 c:/winavr-20100110/bin/../lib/gcc/avr/4.3.3/../../../../avr/lib/avr5\libc.a(memmove.o)
                0x00004234                memmove
 .text.avr-libc
                0x00004258       0x42 c:/winavr-20100110/bin/../lib/gcc/avr/4.3.3/../../../../avr/lib/avr5\libc.a(itoa.o)
                0x00004258                itoa
 .text.avr-libc
                0x0000429a       0x48 c:/winavr-20100110/bin/../lib/gcc/avr/4.3.3/../../../../avr/lib/avr5\libc.a(sprintf.o)
                0x0000429a                sprintf
 .text.avr-libc
                0x000042e2      0x3ba c:/winavr-20100110/bin/../lib/gcc/avr/4.3.3/../../../../avr/lib/avr5\libc.a(vfprintf_std.o)
                0x000042e2                vfprintf
 .text.avr-libc
                0x0000469c       0x10 c:/winavr-20100110/bin/../lib/gcc/avr/4.3.3/../../../../avr/lib/avr5\libc.a(eerd_byte_atmega32.o)
                0x0000469c                __eerd_byte_m32
 .text.avr-libc
                0x000046ac       0x1a c:/winavr-20100110/bin/../lib/gcc/avr/4.3.3/../../../../avr/lib/avr5\libc.a(eewr_byte_atmega32.o)
                0x000046ae                __eewr_r18_m32
                0x000046ac                __eewr_byte_m32
 .text.avr-libc
                0x000046c6       0x16 c:/winavr-20100110/bin/../lib/gcc/avr/4.3.3/../../../../avr/lib/avr5\libc.a(strnlen_P.o)
                0x000046c6                strnlen_P
 .text.avr-libc
                0x000046dc       0x16 c:/winavr-20100110/bin/../lib/gcc/avr/4.3.3/../../../../avr/lib/avr5\libc.a(strnlen.o)
                0x000046dc                strnlen
 .text.avr-libc
                0x000046f2       0x20 c:/winavr-20100110/bin/../lib/gcc/avr/4.3.3/../../../../avr/lib/avr5\libc.a(strrev.o)
                0x000046f2                strrev
 .text.avr-libc
                0x00004712       0x58 c:/winavr-20100110/bin/../lib/gcc/avr/4.3.3/../../../../avr/lib/avr5\libc.a(fputc.o)
                0x00004712                fputc
 .text.avr-libc
                0x0000476a       0xbc c:/winavr-20100110/bin/../lib/gcc/avr/4.3.3/../../../../avr/lib/avr5\libc.a(ultoa_invert.o)
                0x0000476a                __ultoa_invert
 .text.libgcc   0x00004826       0x38 c:/winavr-20100110/bin/../lib/gcc/avr/4.3.3/avr5\libgcc.a(_prologue.o)
                0x00004826                __prologue_saves__
 .text.libgcc   0x0000485e       0x36 c:/winavr-20100110/bin/../lib/gcc/avr/4.3.3/avr5\libgcc.a(_epilogue.o)
                0x0000485e                __epilogue_restores__
                0x00004894                . = ALIGN (0x2)
 *(.fini9)
 .fini9         0x00004894        0x0 c:/winavr-20100110/bin/../lib/gcc/avr/4.3.3/avr5\libgcc.a(_exit.o)
                0x00004894                exit
                0x00004894                _exit
 *(.fini9)
 *(.fini8)
 *(.fini8)
 *(.fini7)
 *(.fini7)
 *(.fini6)
 *(.fini6)
 *(.fini5)
 *(.fini5)
 *(.fini4)
 *(.fini4)
 *(.fini3)
 *(.fini3)
 *(.fini2)
 *(.fini2)
 *(.fini1)
 *(.fini1)
 *(.fini0)
 .fini0         0x00004894        0x4 c:/winavr-20100110/bin/../lib/gcc/avr/4.3.3/avr5\libgcc.a(_exit.o)
 *(.fini0)
                0x00004898                _etext = .

.data           0x00800060       0x62 load address 0x00004898
                0x00800060                PROVIDE (__data_start, .)
 *(.data)
 .data          0x00800060        0x0 c:/winavr-20100110/bin/../lib/gcc/avr/4.3.3/../../../../avr/lib/avr5/crtm32.o
 .data          0x00800060        0x0 usbdrv/usbdrvasm.o
 .data          0x00800060        0x0 ../avrlib/timer.o
 .data          0x00800060        0x0 keysta.o
 .data          0x00800060        0x2 usbdrv/usbdrv.o
                0x00800060                usbTxLen
 .data          0x00800062        0x0 usbdrv/oddebug.o
 .data          0x00800062        0x2 ledrender.o
 .data          0x00800064        0x0 sleep.o
 .data          0x00800064       0x35 keymapper.o
 .data          0x00800099        0x0 ps2avru_util.o
 .data          0x00800099        0x0 macrobuffer.o
 .data          0x00800099        0x0 keymap.o
 .data          0x00800099       0x22 keymatrix.o
                0x00800099                modmask
 .data          0x008000bb        0x5 ps2main.o
 .data          0x008000c0        0x1 usbmain.o
 .data          0x008000c1        0x0 udelay.o
 .data          0x008000c1        0x1 keymain.o
                0x008000c1                INTERFACE
 .data          0x008000c2        0x0 c:/winavr-20100110/bin/../lib/gcc/avr/4.3.3/avr5\libgcc.a(_mulsi3.o)
 .data          0x008000c2        0x0 c:/winavr-20100110/bin/../lib/gcc/avr/4.3.3/avr5\libgcc.a(_udivmodqi4.o)
 .data          0x008000c2        0x0 c:/winavr-20100110/bin/../lib/gcc/avr/4.3.3/avr5\libgcc.a(_udivmodhi4.o)
 .data          0x008000c2        0x0 c:/winavr-20100110/bin/../lib/gcc/avr/4.3.3/avr5\libgcc.a(_divmodhi4.o)
 .data          0x008000c2        0x0 c:/winavr-20100110/bin/../lib/gcc/avr/4.3.3/avr5\libgcc.a(_udivmodsi4.o)
 .data          0x008000c2        0x0 c:/winavr-20100110/bin/../lib/gcc/avr/4.3.3/avr5\libgcc.a(_divmodsi4.o)
 .data          0x008000c2        0x0 c:/winavr-20100110/bin/../lib/gcc/avr/4.3.3/avr5\libgcc.a(_exit.o)
 .data          0x008000c2        0x0 c:/winavr-20100110/bin/../lib/gcc/avr/4.3.3/avr5\libgcc.a(_copy_data.o)
 .data          0x008000c2        0x0 c:/winavr-20100110/bin/../lib/gcc/avr/4.3.3/avr5\libgcc.a(_clear_bss.o)
 .data          0x008000c2        0x0 c:/winavr-20100110/bin/../lib/gcc/avr/4.3.3/../../../../avr/lib/avr5\libc.a(memcpy.o)
 .data          0x008000c2        0x0 c:/winavr-20100110/bin/../lib/gcc/avr/4.3.3/../../../../avr/lib/avr5\libc.a(memmove.o)
 .data          0x008000c2        0x0 c:/winavr-20100110/bin/../lib/gcc/avr/4.3.3/../../../../avr/lib/avr5\libc.a(itoa.o)
 .data          0x008000c2        0x0 c:/winavr-20100110/bin/../lib/gcc/avr/4.3.3/../../../../avr/lib/avr5\libc.a(sprintf.o)
 .data          0x008000c2        0x0 c:/winavr-20100110/bin/../lib/gcc/avr/4.3.3/../../../../avr/lib/avr5\libc.a(vfprintf_std.o)
 .data          0x008000c2        0x0 c:/winavr-20100110/bin/../lib/gcc/avr/4.3.3/../../../../avr/lib/avr5\libc.a(eerd_byte_atmega32.o)
 .data          0x008000c2        0x0 c:/winavr-20100110/bin/../lib/gcc/avr/4.3.3/../../../../avr/lib/avr5\libc.a(eewr_byte_atmega32.o)
 .data          0x008000c2        0x0 c:/winavr-20100110/bin/../lib/gcc/avr/4.3.3/../../../../avr/lib/avr5\libc.a(strnlen_P.o)
 .data          0x008000c2        0x0 c:/winavr-20100110/bin/../lib/gcc/avr/4.3.3/../../../../avr/lib/avr5\libc.a(strnlen.o)
 .data          0x008000c2        0x0 c:/winavr-20100110/bin/../lib/gcc/avr/4.3.3/../../../../avr/lib/avr5\libc.a(strrev.o)
 .data          0x008000c2        0x0 c:/winavr-20100110/bin/../lib/gcc/avr/4.3.3/../../../../avr/lib/avr5\libc.a(fputc.o)
 .data          0x008000c2        0x0 c:/winavr-20100110/bin/../lib/gcc/avr/4.3.3/../../../../avr/lib/avr5\libc.a(ultoa_invert.o)
 .data          0x008000c2        0x0 c:/winavr-20100110/bin/../lib/gcc/avr/4.3.3/avr5\libgcc.a(_prologue.o)
 .data          0x008000c2        0x0 c:/winavr-20100110/bin/../lib/gcc/avr/4.3.3/avr5\libgcc.a(_epilogue.o)
 *(.data*)
 *(.rodata)
 *(.rodata*)
 *(.gnu.linkonce.d*)
                0x008000c2                . = ALIGN (0x2)
                0x008000c2                _edata = .
                0x008000c2                PROVIDE (__data_end, .)

.bss            0x008000c2      0x43f
                0x008000c2                PROVIDE (__bss_start, .)
 *(.bss)
 .bss           0x008000c2        0x0 c:/winavr-20100110/bin/../lib/gcc/avr/4.3.3/../../../../avr/lib/avr5/crtm32.o
 .bss           0x008000c2        0x0 usbdrv/usbdrvasm.o
 .bss           0x008000c2       0x10 ../avrlib/timer.o
 .bss           0x008000d2        0x4 keysta.o
 .bss           0x008000d6        0x1 usbdrv/usbdrv.o
 .bss           0x008000d7        0x0 usbdrv/oddebug.o
 .bss           0x008000d7       0x18 ledrender.o
 .bss           0x008000ef        0x5 sleep.o
 .bss           0x008000f4       0x19 keymapper.o
                0x008000f7                _isTiredEscapeKey
                0x008000f6                _isPressedEscapeKey
                0x008000f4                _pressedEscapeKeyCount
 .bss           0x0080010d        0x0 ps2avru_util.o
 .bss           0x0080010d      0x128 macrobuffer.o
                0x0080010d                _pressedBuffer
 .bss           0x00800235        0x0 keymap.o
 .bss           0x00800235        0x3 keymatrix.o
                0x00800235                isBeyondFN
                0x00800236                currentKeymap
 .bss           0x00800238       0xe2 ps2main.o
                0x00800238                txScanCode
 .bss           0x0080031a       0x2e usbmain.o
                0x0080031a                _isMultimediaPressed
 .bss           0x00800348        0x2 udelay.o
 .bss           0x0080034a        0x3 keymain.o
                0x0080034c                interfaceReady
                0x0080034a                interfaceCount
 .bss           0x0080034d        0x0 c:/winavr-20100110/bin/../lib/gcc/avr/4.3.3/avr5\libgcc.a(_mulsi3.o)
 .bss           0x0080034d        0x0 c:/winavr-20100110/bin/../lib/gcc/avr/4.3.3/avr5\libgcc.a(_udivmodqi4.o)
 .bss           0x0080034d        0x0 c:/winavr-20100110/bin/../lib/gcc/avr/4.3.3/avr5\libgcc.a(_udivmodhi4.o)
 .bss           0x0080034d        0x0 c:/winavr-20100110/bin/../lib/gcc/avr/4.3.3/avr5\libgcc.a(_divmodhi4.o)
 .bss           0x0080034d        0x0 c:/winavr-20100110/bin/../lib/gcc/avr/4.3.3/avr5\libgcc.a(_udivmodsi4.o)
 .bss           0x0080034d        0x0 c:/winavr-20100110/bin/../lib/gcc/avr/4.3.3/avr5\libgcc.a(_divmodsi4.o)
 .bss           0x0080034d        0x0 c:/winavr-20100110/bin/../lib/gcc/avr/4.3.3/avr5\libgcc.a(_exit.o)
 .bss           0x0080034d        0x0 c:/winavr-20100110/bin/../lib/gcc/avr/4.3.3/avr5\libgcc.a(_copy_data.o)
 .bss           0x0080034d        0x0 c:/winavr-20100110/bin/../lib/gcc/avr/4.3.3/avr5\libgcc.a(_clear_bss.o)
 .bss           0x0080034d        0x0 c:/winavr-20100110/bin/../lib/gcc/avr/4.3.3/../../../../avr/lib/avr5\libc.a(memcpy.o)
 .bss           0x0080034d        0x0 c:/winavr-20100110/bin/../lib/gcc/avr/4.3.3/../../../../avr/lib/avr5\libc.a(memmove.o)
 .bss           0x0080034d        0x0 c:/winavr-20100110/bin/../lib/gcc/avr/4.3.3/../../../../avr/lib/avr5\libc.a(itoa.o)
 .bss           0x0080034d        0x0 c:/winavr-20100110/bin/../lib/gcc/avr/4.3.3/../../../../avr/lib/avr5\libc.a(sprintf.o)
 .bss           0x0080034d        0x0 c:/winavr-20100110/bin/../lib/gcc/avr/4.3.3/../../../../avr/lib/avr5\libc.a(vfprintf_std.o)
 .bss           0x0080034d        0x0 c:/winavr-20100110/bin/../lib/gcc/avr/4.3.3/../../../../avr/lib/avr5\libc.a(eerd_byte_atmega32.o)
 .bss           0x0080034d        0x0 c:/winavr-20100110/bin/../lib/gcc/avr/4.3.3/../../../../avr/lib/avr5\libc.a(eewr_byte_atmega32.o)
 .bss           0x0080034d        0x0 c:/winavr-20100110/bin/../lib/gcc/avr/4.3.3/../../../../avr/lib/avr5\libc.a(strnlen_P.o)
 .bss           0x0080034d        0x0 c:/winavr-20100110/bin/../lib/gcc/avr/4.3.3/../../../../avr/lib/avr5\libc.a(strnlen.o)
 .bss           0x0080034d        0x0 c:/winavr-20100110/bin/../lib/gcc/avr/4.3.3/../../../../avr/lib/avr5\libc.a(strrev.o)
 .bss           0x0080034d        0x0 c:/winavr-20100110/bin/../lib/gcc/avr/4.3.3/../../../../avr/lib/avr5\libc.a(fputc.o)
 .bss           0x0080034d        0x0 c:/winavr-20100110/bin/../lib/gcc/avr/4.3.3/../../../../avr/lib/avr5\libc.a(ultoa_invert.o)
 .bss           0x0080034d        0x0 c:/winavr-20100110/bin/../lib/gcc/avr/4.3.3/avr5\libgcc.a(_prologue.o)
 .bss           0x0080034d        0x0 c:/winavr-20100110/bin/../lib/gcc/avr/4.3.3/avr5\libgcc.a(_epilogue.o)
 *(.bss*)
 *(COMMON)
 COMMON         0x0080034d        0xc ../avrlib/timer.o
                0x0080034d                Timer0Reg0
                0x00800351                TimerPauseReg
                0x00800355                Timer2Reg0
 COMMON         0x00800359        0x2 keysta.o
                0x00800359                kbd_state
                0x0080035a                kbd_flags
 COMMON         0x0080035b       0x36 usbdrv/usbdrv.o
                0x0080035b                usbTxBuf
                0x00800366                usbTxStatus1
                0x00800372                usbDeviceAddr
                0x00800373                usbRxToken
                0x00800374                usbInputBufOffset
                0x00800375                usbMsgPtr
                0x00800377                usbRxLen
                0x00800378                usbNewDeviceAddr
                0x00800379                usbCurrentTok
                0x0080037a                usbConfiguration
                0x0080037b                usbRxBuf
 COMMON         0x00800391       0xba keymapper.o
                0x00800391                _macroIndex
                0x00800392                _macroPressedBuffer
                0x008003a2                _newKeyMap
                0x0080042a                _macroInputBuffer
                0x0080044a                _macroBufferIndex
 COMMON         0x0080044b       0x22 keymatrix.o
                0x0080044b                prevMatrix
                0x0080045c                currentMatrix
 COMMON         0x0080046d       0x93 ps2main.o
                0x0080046d                lastState
                0x0080046e                KFLA
                0x008004fe                lastSent
                0x008004ff                m_state
 COMMON         0x00800500        0x1 usbmain.o
                0x00800500                reportIndex
                0x00800501                PROVIDE (__bss_end, .)
                0x00004898                __data_load_start = LOADADDR (.data)
                0x000048fa                __data_load_end = (__data_load_start + SIZEOF (.data))

.noinit         0x00800501        0x0
                0x00800501                PROVIDE (__noinit_start, .)
 *(.noinit*)
                0x00800501                PROVIDE (__noinit_end, .)
                0x00800501                _end = .
                0x00800501                PROVIDE (__heap_start, .)

.eeprom         0x00810000        0x0
 *(.eeprom*)
                0x00810000                __eeprom_end = .

.fuse
 *(.fuse)
 *(.lfuse)
 *(.hfuse)
 *(.efuse)

.lock
 *(.lock*)

.signature
 *(.signature*)

.stab
 *(.stab)

.stabstr
 *(.stabstr)

.stab.excl
 *(.stab.excl)

.stab.exclstr
 *(.stab.exclstr)

.stab.index
 *(.stab.index)

.stab.indexstr
 *(.stab.indexstr)

.comment
 *(.comment)

.debug
 *(.debug)

.line
 *(.line)

.debug_srcinfo
 *(.debug_srcinfo)

.debug_sfnames
 *(.debug_sfnames)

.debug_aranges  0x00000000      0x1a0
 *(.debug_aranges)
 .debug_aranges
                0x00000000       0x20 ../avrlib/timer.o
 .debug_aranges
                0x00000020       0x20 keysta.o
 .debug_aranges
                0x00000040       0x20 usbdrv/usbdrv.o
 .debug_aranges
                0x00000060       0x20 ledrender.o
 .debug_aranges
                0x00000080       0x20 sleep.o
 .debug_aranges
                0x000000a0       0x20 keymapper.o
 .debug_aranges
                0x000000c0       0x20 ps2avru_util.o
 .debug_aranges
                0x000000e0       0x20 macrobuffer.o
 .debug_aranges
                0x00000100       0x20 keymatrix.o
 .debug_aranges
                0x00000120       0x20 ps2main.o
 .debug_aranges
                0x00000140       0x20 usbmain.o
 .debug_aranges
                0x00000160       0x20 udelay.o
 .debug_aranges
                0x00000180       0x20 keymain.o

.debug_pubnames
                0x00000000     0x11d1
 *(.debug_pubnames)
 .debug_pubnames
                0x00000000      0x302 ../avrlib/timer.o
 .debug_pubnames
                0x00000302       0x5e keysta.o
 .debug_pubnames
                0x00000360      0x190 usbdrv/usbdrv.o
 .debug_pubnames
                0x000004f0      0x106 ledrender.o
 .debug_pubnames
                0x000005f6       0x42 sleep.o
 .debug_pubnames
                0x00000638      0x5fe keymapper.o
 .debug_pubnames
                0x00000c36       0x4e ps2avru_util.o
 .debug_pubnames
                0x00000c84       0xb9 macrobuffer.o
 .debug_pubnames
                0x00000d3d       0xe8 keymap.o
 .debug_pubnames
                0x00000e25       0xc4 keymatrix.o
 .debug_pubnames
                0x00000ee9      0x106 ps2main.o
 .debug_pubnames
                0x00000fef      0x116 usbmain.o
 .debug_pubnames
                0x00001105       0x22 udelay.o
 .debug_pubnames
                0x00001127       0xaa keymain.o

.debug_info     0x00000000     0x5c51
 *(.debug_info)
 .debug_info    0x00000000      0x76c ../avrlib/timer.o
 .debug_info    0x0000076c      0x32b keysta.o
 .debug_info    0x00000a97      0x8ee usbdrv/usbdrv.o
 .debug_info    0x00001385       0x64 usbdrv/oddebug.o
 .debug_info    0x000013e9      0x49f ledrender.o
 .debug_info    0x00001888       0xfa sleep.o
 .debug_info    0x00001982     0x1598 keymapper.o
 .debug_info    0x00002f1a      0x1d7 ps2avru_util.o
 .debug_info    0x000030f1      0x66d macrobuffer.o
 .debug_info    0x0000375e      0x1d8 keymap.o
 .debug_info    0x00003936      0x66d keymatrix.o
 .debug_info    0x00003fa3      0xaf4 ps2main.o
 .debug_info    0x00004a97      0x9df usbmain.o
 .debug_info    0x00005476       0xc0 udelay.o
 .debug_info    0x00005536      0x71b keymain.o
 *(.gnu.linkonce.wi.*)

.debug_abbrev   0x00000000     0x166d
 *(.debug_abbrev)
 .debug_abbrev  0x00000000      0x256 ../avrlib/timer.o
 .debug_abbrev  0x00000256       0xe8 keysta.o
 .debug_abbrev  0x0000033e      0x2ac usbdrv/usbdrv.o
 .debug_abbrev  0x000005ea       0x33 usbdrv/oddebug.o
 .debug_abbrev  0x0000061d      0x1ed ledrender.o
 .debug_abbrev  0x0000080a       0x7b sleep.o
 .debug_abbrev  0x00000885      0x346 keymapper.o
 .debug_abbrev  0x00000bcb       0xdf ps2avru_util.o
 .debug_abbrev  0x00000caa      0x17e macrobuffer.o
 .debug_abbrev  0x00000e28       0x6a keymap.o
 .debug_abbrev  0x00000e92      0x106 keymatrix.o
 .debug_abbrev  0x00000f98      0x254 ps2main.o
 .debug_abbrev  0x000011ec      0x200 usbmain.o
 .debug_abbrev  0x000013ec       0x79 udelay.o
 .debug_abbrev  0x00001465      0x208 keymain.o

.debug_line     0x00000000     0x3f0e
 *(.debug_line)
 .debug_line    0x00000000      0x5db ../avrlib/timer.o
 .debug_line    0x000005db      0x3cb keysta.o
 .debug_line    0x000009a6      0x3ea usbdrv/usbdrv.o
 .debug_line    0x00000d90       0x3e usbdrv/oddebug.o
 .debug_line    0x00000dce      0x679 ledrender.o
 .debug_line    0x00001447      0x114 sleep.o
 .debug_line    0x0000155b      0xe97 keymapper.o
 .debug_line    0x000023f2      0x13b ps2avru_util.o
 .debug_line    0x0000252d      0x30e macrobuffer.o
 .debug_line    0x0000283b       0x83 keymap.o
 .debug_line    0x000028be      0x392 keymatrix.o
 .debug_line    0x00002c50      0x829 ps2main.o
 .debug_line    0x00003479      0x5de usbmain.o
 .debug_line    0x00003a57       0x62 udelay.o
 .debug_line    0x00003ab9      0x455 keymain.o

.debug_frame    0x00000000      0xa10
 *(.debug_frame)
 .debug_frame   0x00000000      0x240 ../avrlib/timer.o
 .debug_frame   0x00000240       0x50 keysta.o
 .debug_frame   0x00000290       0x40 usbdrv/usbdrv.o
 .debug_frame   0x000002d0      0x100 ledrender.o
 .debug_frame   0x000003d0       0x50 sleep.o
 .debug_frame   0x00000420      0x250 keymapper.o
 .debug_frame   0x00000670       0x60 ps2avru_util.o
 .debug_frame   0x000006d0       0xa0 macrobuffer.o
 .debug_frame   0x00000770       0x70 keymatrix.o
 .debug_frame   0x000007e0       0xe0 ps2main.o
 .debug_frame   0x000008c0       0xb0 usbmain.o
 .debug_frame   0x00000970       0x20 udelay.o
 .debug_frame   0x00000990       0x80 keymain.o

.debug_str      0x00000000     0x1e77
 *(.debug_str)
 .debug_str     0x00000000      0x384 ../avrlib/timer.o
                                0x3bd (size before relaxing)
 .debug_str     0x00000384      0x1c2 keysta.o
                                0x273 (size before relaxing)
 .debug_str     0x00000546      0x323 usbdrv/usbdrv.o
                                0x3fb (size before relaxing)
 .debug_str     0x00000869       0x11 usbdrv/oddebug.o
                                 0xa0 (size before relaxing)
 .debug_str     0x0000087a      0x2ba ledrender.o
                                0x37c (size before relaxing)
 .debug_str     0x00000b34       0x35 sleep.o
                                 0xf6 (size before relaxing)
 .debug_str     0x00000b69      0xcc4 keymapper.o
                                0xdcb (size before relaxing)
 .debug_str     0x0000182d       0x46 ps2avru_util.o
                                 0xe9 (size before relaxing)
 .debug_str     0x00001873       0xc3 macrobuffer.o
                                0x6cf (size before relaxing)
 .debug_str     0x00001936       0xaf keymap.o
                                0x15b (size before relaxing)
 .debug_str     0x000019e5       0xd5 keymatrix.o
                                0x6dc (size before relaxing)
 .debug_str     0x00001aba      0x18f ps2main.o
                                0x893 (size before relaxing)
 .debug_str     0x00001c49      0x168 usbmain.o
                                0x8de (size before relaxing)
 .debug_str     0x00001db1       0x15 udelay.o
                                 0xda (size before relaxing)
 .debug_str     0x00001dc6       0xb1 keymain.o
                                0x767 (size before relaxing)

.debug_loc      0x00000000     0x17b6
 *(.debug_loc)
 .debug_loc     0x00000000      0x196 ../avrlib/timer.o
 .debug_loc     0x00000196       0x13 keysta.o
 .debug_loc     0x000001a9      0x38f usbdrv/usbdrv.o
 .debug_loc     0x00000538       0x5e ledrender.o
 .debug_loc     0x00000596      0x489 keymapper.o
 .debug_loc     0x00000a1f      0x16f ps2avru_util.o
 .debug_loc     0x00000b8e       0xb2 macrobuffer.o
 .debug_loc     0x00000c40      0x176 keymatrix.o
 .debug_loc     0x00000db6      0x55f ps2main.o
 .debug_loc     0x00001315      0x366 usbmain.o
 .debug_loc     0x0000167b       0x18 udelay.o
 .debug_loc     0x00001693      0x123 keymain.o

.debug_macinfo
 *(.debug_macinfo)
OUTPUT(keymain.elf elf32-avr)
LOAD linker stubs

.debug_ranges   0x00000000       0xc8
 .debug_ranges  0x00000000       0x38 usbdrv/usbdrv.o
 .debug_ranges  0x00000038       0x18 ledrender.o
 .debug_ranges  0x00000050       0x30 ps2main.o
 .debug_ranges  0x00000080       0x48 keymain.o

Cross Reference Table

Symbol                                            File
INTERFACE                                         keymain.o
                                                  usbmain.o
                                                  ps2main.o
                                                  keymapper.o
KFLA                                              ps2main.o
Timer0Reg0                                        ../avrlib/timer.o
Timer2Reg0                                        ../avrlib/timer.o
TimerPauseReg                                     ../avrlib/timer.o
TimerPrescaleFactor                               ../avrlib/timer.o
TimerRTCPrescaleFactor                            ../avrlib/timer.o
__bad_interrupt                                   c:/winavr-20100110/bin/../lib/gcc/avr/4.3.3/../../../../avr/lib/avr5/crtm32.o
__bss_end                                         c:/winavr-20100110/bin/../lib/gcc/avr/4.3.3/avr5\libgcc.a(_clear_bss.o)
__bss_start                                       c:/winavr-20100110/bin/../lib/gcc/avr/4.3.3/avr5\libgcc.a(_clear_bss.o)
__data_end                                        c:/winavr-20100110/bin/../lib/gcc/avr/4.3.3/avr5\libgcc.a(_copy_data.o)
__data_load_start                                 c:/winavr-20100110/bin/../lib/gcc/avr/4.3.3/avr5\libgcc.a(_copy_data.o)
__data_start                                      c:/winavr-20100110/bin/../lib/gcc/avr/4.3.3/avr5\libgcc.a(_copy_data.o)
__divmodhi4                                       c:/winavr-20100110/bin/../lib/gcc/avr/4.3.3/avr5\libgcc.a(_divmodhi4.o)
                                                  ps2main.o
                                                  macrobuffer.o
                                                  ledrender.o
__divmodsi4                                       c:/winavr-20100110/bin/../lib/gcc/avr/4.3.3/avr5\libgcc.a(_divmodsi4.o)
                                                  ps2main.o
__do_clear_bss                                    c:/winavr-20100110/bin/../lib/gcc/avr/4.3.3/avr5\libgcc.a(_clear_bss.o)
                                                  keymain.o
                                                  udelay.o
                                                  usbmain.o
                                                  ps2main.o
                                                  keymatrix.o
                                                  macrobuffer.o
                                                  keymapper.o
                                                  sleep.o
                                                  ledrender.o
                                                  usbdrv/usbdrv.o
                                                  keysta.o
                                                  ../avrlib/timer.o
__do_copy_data                                    c:/winavr-20100110/bin/../lib/gcc/avr/4.3.3/avr5\libgcc.a(_copy_data.o)
                                                  keymain.o
                                                  usbmain.o
                                                  ps2main.o
                                                  keymatrix.o
                                                  macrobuffer.o
                                                  keymapper.o
                                                  ledrender.o
                                                  usbdrv/usbdrv.o
__eerd_byte_m32                                   c:/winavr-20100110/bin/../lib/gcc/avr/4.3.3/../../../../avr/lib/avr5\libc.a(eerd_byte_atmega32.o)
                                                  keymain.o
                                                  keymapper.o
                                                  ledrender.o
__eewr_byte_m32                                   c:/winavr-20100110/bin/../lib/gcc/avr/4.3.3/../../../../avr/lib/avr5\libc.a(eewr_byte_atmega32.o)
                                                  keymain.o
                                                  keymapper.o
                                                  ledrender.o
__eewr_r18_m32                                    c:/winavr-20100110/bin/../lib/gcc/avr/4.3.3/../../../../avr/lib/avr5\libc.a(eewr_byte_atmega32.o)
__epilogue_restores__                             c:/winavr-20100110/bin/../lib/gcc/avr/4.3.3/avr5\libgcc.a(_epilogue.o)
                                                  c:/winavr-20100110/bin/../lib/gcc/avr/4.3.3/../../../../avr/lib/avr5\libc.a(vfprintf_std.o)
                                                  c:/winavr-20100110/bin/../lib/gcc/avr/4.3.3/../../../../avr/lib/avr5\libc.a(sprintf.o)
__heap_end                                        c:/winavr-20100110/bin/../lib/gcc/avr/4.3.3/../../../../avr/lib/avr5/crtm32.o
__init                                            c:/winavr-20100110/bin/../lib/gcc/avr/4.3.3/../../../../avr/lib/avr5/crtm32.o
__mulsi3                                          c:/winavr-20100110/bin/../lib/gcc/avr/4.3.3/avr5\libgcc.a(_mulsi3.o)
                                                  udelay.o
                                                  ps2main.o
                                                  ../avrlib/timer.o
__prologue_saves__                                c:/winavr-20100110/bin/../lib/gcc/avr/4.3.3/avr5\libgcc.a(_prologue.o)
                                                  c:/winavr-20100110/bin/../lib/gcc/avr/4.3.3/../../../../avr/lib/avr5\libc.a(vfprintf_std.o)
                                                  c:/winavr-20100110/bin/../lib/gcc/avr/4.3.3/../../../../avr/lib/avr5\libc.a(sprintf.o)
__stack                                           c:/winavr-20100110/bin/../lib/gcc/avr/4.3.3/../../../../avr/lib/avr5/crtm32.o
__udivmodhi4                                      c:/winavr-20100110/bin/../lib/gcc/avr/4.3.3/avr5\libgcc.a(_udivmodhi4.o)
                                                  c:/winavr-20100110/bin/../lib/gcc/avr/4.3.3/../../../../avr/lib/avr5\libc.a(itoa.o)
                                                  c:/winavr-20100110/bin/../lib/gcc/avr/4.3.3/avr5\libgcc.a(_divmodhi4.o)
                                                  udelay.o
__udivmodqi4                                      c:/winavr-20100110/bin/../lib/gcc/avr/4.3.3/avr5\libgcc.a(_udivmodqi4.o)
                                                  ps2main.o
__udivmodsi4                                      c:/winavr-20100110/bin/../lib/gcc/avr/4.3.3/avr5\libgcc.a(_udivmodsi4.o)
                                                  c:/winavr-20100110/bin/../lib/gcc/avr/4.3.3/avr5\libgcc.a(_divmodsi4.o)
                                                  ../avrlib/timer.o
__ultoa_invert                                    c:/winavr-20100110/bin/../lib/gcc/avr/4.3.3/../../../../avr/lib/avr5\libc.a(ultoa_invert.o)
                                                  c:/winavr-20100110/bin/../lib/gcc/avr/4.3.3/../../../../avr/lib/avr5\libc.a(vfprintf_std.o)
__vector_1                                        usbdrv/usbdrvasm.o
                                                  c:/winavr-20100110/bin/../lib/gcc/avr/4.3.3/../../../../avr/lib/avr5/crtm32.o
__vector_10                                       ../avrlib/timer.o
                                                  c:/winavr-20100110/bin/../lib/gcc/avr/4.3.3/../../../../avr/lib/avr5/crtm32.o
__vector_11                                       ../avrlib/timer.o
                                                  c:/winavr-20100110/bin/../lib/gcc/avr/4.3.3/../../../../avr/lib/avr5/crtm32.o
__vector_12                                       c:/winavr-20100110/bin/../lib/gcc/avr/4.3.3/../../../../avr/lib/avr5/crtm32.o
__vector_13                                       c:/winavr-20100110/bin/../lib/gcc/avr/4.3.3/../../../../avr/lib/avr5/crtm32.o
__vector_14                                       c:/winavr-20100110/bin/../lib/gcc/avr/4.3.3/../../../../avr/lib/avr5/crtm32.o
__vector_15                                       c:/winavr-20100110/bin/../lib/gcc/avr/4.3.3/../../../../avr/lib/avr5/crtm32.o
__vector_16                                       c:/winavr-20100110/bin/../lib/gcc/avr/4.3.3/../../../../avr/lib/avr5/crtm32.o
__vector_17                                       c:/winavr-20100110/bin/../lib/gcc/avr/4.3.3/../../../../avr/lib/avr5/crtm32.o
__vector_18                                       c:/winavr-20100110/bin/../lib/gcc/avr/4.3.3/../../../../avr/lib/avr5/crtm32.o
__vector_19                                       c:/winavr-20100110/bin/../lib/gcc/avr/4.3.3/../../../../avr/lib/avr5/crtm32.o
__vector_2                                        c:/winavr-20100110/bin/../lib/gcc/avr/4.3.3/../../../../avr/lib/avr5/crtm32.o
__vector_20                                       c:/winavr-20100110/bin/../lib/gcc/avr/4.3.3/../../../../avr/lib/avr5/crtm32.o
__vector_3                                        c:/winavr-20100110/bin/../lib/gcc/avr/4.3.3/../../../../avr/lib/avr5/crtm32.o
__vector_4                                        ../avrlib/timer.o
                                                  c:/winavr-20100110/bin/../lib/gcc/avr/4.3.3/../../../../avr/lib/avr5/crtm32.o
__vector_5                                        ../avrlib/timer.o
                                                  c:/winavr-20100110/bin/../lib/gcc/avr/4.3.3/../../../../avr/lib/avr5/crtm32.o
__vector_6                                        ../avrlib/timer.o
                                                  c:/winavr-20100110/bin/../lib/gcc/avr/4.3.3/../../../../avr/lib/avr5/crtm32.o
__vector_7                                        ../avrlib/timer.o
                                                  c:/winavr-20100110/bin/../lib/gcc/avr/4.3.3/../../../../avr/lib/avr5/crtm32.o
__vector_8                                        ../avrlib/timer.o
                                                  c:/winavr-20100110/bin/../lib/gcc/avr/4.3.3/../../../../avr/lib/avr5/crtm32.o
__vector_9                                        ../avrlib/timer.o
                                                  c:/winavr-20100110/bin/../lib/gcc/avr/4.3.3/../../../../avr/lib/avr5/crtm32.o
__vector_default                                  c:/winavr-20100110/bin/../lib/gcc/avr/4.3.3/../../../../avr/lib/avr5/crtm32.o
__vectors                                         c:/winavr-20100110/bin/../lib/gcc/avr/4.3.3/../../../../avr/lib/avr5/crtm32.o
_delay_us_m                                       udelay.o
                                                  keymain.o
                                                  keymatrix.o
_div                                              c:/winavr-20100110/bin/../lib/gcc/avr/4.3.3/avr5\libgcc.a(_divmodhi4.o)
_exit                                             c:/winavr-20100110/bin/../lib/gcc/avr/4.3.3/avr5\libgcc.a(_exit.o)
_isMultimediaPressed                              usbmain.o
_isPressedEscapeKey                               keymapper.o
_isTiredEscapeKey                                 keymapper.o
_macroBufferIndex                                 keymapper.o
_macroIndex                                       keymapper.o
_macroInputBuffer                                 keymapper.o
_macroPressedBuffer                               keymapper.o
_newKeyMap                                        keymapper.o
_pressedBuffer                                    macrobuffer.o
                                                  usbmain.o
_pressedEscapeKeyCount                            keymapper.o
append                                            ps2avru_util.o
                                                  macrobuffer.o
                                                  keymapper.o
applyFN                                           keymatrix.o
                                                  usbmain.o
                                                  ps2main.o
applyKeyDownForFullLED                            ledrender.o
                                                  keymatrix.o
applyKeyMapping                                   keymapper.o
                                                  usbmain.o
                                                  ps2main.o
applyMacro                                        keymapper.o
                                                  usbmain.o
                                                  ps2main.o
changeFullLedState                                ledrender.o
                                                  keymatrix.o
charToKey                                         macrobuffer.o
                                                  keymapper.o
clear                                             ps2main.o
clearInterface                                    keymain.o
clearLEDInited                                    ledrender.o
                                                  keymain.o
clearMacro                                        keymapper.o
clearMacroAfter                                   keymapper.o
clearMacroPressedBuffer                           macrobuffer.o
                                                  keymapper.o
clearMatrix                                       keymatrix.o
                                                  ps2main.o
clearReportBuffer                                 usbmain.o
clearTimers                                       keymain.o
countKeyMappingEnabled                            keymapper.o
countSleep                                        sleep.o
                                                  usbmain.o
currentKeymap                                     keymatrix.o
currentMatrix                                     keymain.o
                                                  usbmain.o
                                                  ps2main.o
                                                  keymatrix.o
delay_us                                          ../avrlib/timer.o
delete                                            ps2avru_util.o
                                                  macrobuffer.o
                                                  keymapper.o
doSleep                                           ledrender.o
enterFrameForMapper                               keymapper.o
                                                  keymatrix.o
equalAll                                          ps2avru_util.o
escapeMacroKeycode                                keymapper.o
exit                                              c:/winavr-20100110/bin/../lib/gcc/avr/4.3.3/avr5\libgcc.a(_exit.o)
                                                  c:/winavr-20100110/bin/../lib/gcc/avr/4.3.3/../../../../avr/lib/avr5/crtm32.o
findIndex                                         ps2avru_util.o
                                                  usbmain.o
                                                  macrobuffer.o
                                                  keymapper.o
fputc                                             c:/winavr-20100110/bin/../lib/gcc/avr/4.3.3/../../../../avr/lib/avr5\libc.a(fputc.o)
                                                  c:/winavr-20100110/bin/../lib/gcc/avr/4.3.3/../../../../avr/lib/avr5\libc.a(vfprintf_std.o)
getCurrentKeycode                                 keymapper.o
                                                  usbmain.o
                                                  ps2main.o
                                                  keymatrix.o
getLEDState                                       ledrender.o
                                                  keymatrix.o
getLayer                                          keymatrix.o
                                                  usbmain.o
                                                  ps2main.o
getLiveMatrix                                     keymatrix.o
                                                  keymain.o
getUserSelectedInterface                          keymain.o
hasMacroPs2                                       ps2main.o
hasMacroUsb                                       usbmain.o
increaseLedBrightness                             ledrender.o
                                                  keymatrix.o
initFullLEDState                                  ledrender.o
                                                  usbmain.o
                                                  ps2main.o
initInterfacePs2                                  ps2main.o
initInterfaceUsb                                  usbmain.o
insert                                            ps2avru_util.o
interfaceCount                                    keymain.o
                                                  usbmain.o
                                                  ps2main.o
interfaceReady                                    keymain.o
                                                  usbmain.o
                                                  ps2main.o
isAllKeyRelease                                   keymatrix.o
                                                  keymapper.o
isBeyondFN                                        keymatrix.o
                                                  usbmain.o
                                                  ps2main.o
isDeepKeyMapping                                  keymapper.o
isEmpty                                           ps2main.o
isEmptyM                                          macrobuffer.o
                                                  usbmain.o
                                                  ps2main.o
                                                  keymapper.o
isKeyMapping                                      keymapper.o
                                                  usbmain.o
                                                  ps2main.o
isMacroKey                                        keymapper.o
isMacroProcessEnd                                 macrobuffer.o
                                                  keymapper.o
isReadyKeyMappingOnBoot                           keymapper.o
                                                  keymatrix.o
isSleep                                           sleep.o
                                                  ledrender.o
itoa                                              c:/winavr-20100110/bin/../lib/gcc/avr/4.3.3/../../../../avr/lib/avr5\libc.a(itoa.o)
                                                  macrobuffer.o
kbd_flags                                         ps2main.o
                                                  keysta.o
kbd_get_rx_char                                   keysta.o
                                                  ps2main.o
kbd_init                                          keysta.o
                                                  ps2main.o
kbd_set_tx                                        keysta.o
                                                  ps2main.o
kbd_state                                         keysta.o
keycode_USB_extend                                keymap.o
                                                  usbmain.o
keycode_USB_multimedia                            keymap.o
                                                  usbmain.o
keycode_set2                                      keymap.o
                                                  ps2main.o
keycode_set2_extend                               keymap.o
                                                  ps2main.o
keycode_set2_make_break                           keymap.o
                                                  ps2main.o
keycode_set2_makeonly                             keymap.o
                                                  ps2main.o
keycode_set2_proc_shift                           keymap.o
                                                  ps2main.o
keycode_set2_special                              keymap.o
                                                  ps2main.o
keymap_code                                       keymap.o
                                                  keymain.o
                                                  keymapper.o
keymap_init                                       ps2main.o
lastSent                                          ps2main.o
lastState                                         ps2main.o
loadCurrentLayer                                  keymapper.o
m_state                                           ps2main.o
main                                              keymain.o
                                                  c:/winavr-20100110/bin/../lib/gcc/avr/4.3.3/../../../../avr/lib/avr5/crtm32.o
makeReportBuffer                                  usbmain.o
memcpy                                            c:/winavr-20100110/bin/../lib/gcc/avr/4.3.3/../../../../avr/lib/avr5\libc.a(memcpy.o)
                                                  c:/winavr-20100110/bin/../lib/gcc/avr/4.3.3/../../../../avr/lib/avr5\libc.a(memmove.o)
                                                  usbmain.o
memmove                                           c:/winavr-20100110/bin/../lib/gcc/avr/4.3.3/../../../../avr/lib/avr5\libc.a(memmove.o)
                                                  ps2avru_util.o
modmask                                           keymatrix.o
                                                  usbmain.o
                                                  ps2main.o
pop                                               ps2main.o
popM                                              macrobuffer.o
popMWithKey                                       macrobuffer.o
                                                  usbmain.o
                                                  ps2main.o
prepareKeyMapper                                  keymapper.o
prepareKeyMapping                                 keymapper.o
prepareKeyMappingPs2                              ps2main.o
                                                  keymapper.o
prepareKeyMappingUsb                              usbmain.o
                                                  keymapper.o
prevMatrix                                        usbmain.o
                                                  ps2main.o
                                                  keymatrix.o
printMacroMessage                                 keymapper.o
printMapperMessageAfter                           keymapper.o
printPrepareString                                keymapper.o
printSelectMode                                   keymapper.o
ps2_main                                          ps2main.o
                                                  keymain.o
push                                              ps2main.o
pushKey                                           ps2main.o
pushM                                             macrobuffer.o
                                                  keymapper.o
putKey                                            ps2main.o
putKeyCode                                        keymapper.o
                                                  usbmain.o
                                                  ps2main.o
readMacro                                         keymapper.o
readyKeyMappingOnBoot                             keymapper.o
                                                  keymain.o
reduceLedBrightness                               ledrender.o
                                                  keymatrix.o
renderLED                                         ledrender.o
                                                  usbmain.o
                                                  ps2main.o
reportIndex                                       usbmain.o
resetCurrentLayer                                 keymapper.o
resetMacroInput                                   keymapper.o
saveCurrentLayer                                  keymapper.o
saveCurrentLayerAfter                             keymapper.o
saveMacro                                         keymapper.o
scanKeyPS2                                        ps2main.o
scanKeyUSB                                        usbmain.o
scanMacroUsb                                      usbmain.o
setCurrentMatrix                                  keymatrix.o
                                                  usbmain.o
                                                  ps2main.o
setLEDIndicate                                    ledrender.o
                                                  usbmain.o
                                                  ps2main.o
setLEDState                                       ledrender.o
                                                  usbmain.o
                                                  ps2main.o
setMacroProcessEnd                                macrobuffer.o
                                                  usbmain.o
                                                  ps2main.o
setUsbOff                                         keymain.o
setUsbOn                                          keymain.o
setWillStartKeyMapping                            keymapper.o
sleep                                             sleep.o
sleepLED                                          ledrender.o
                                                  sleep.o
sprintf                                           c:/winavr-20100110/bin/../lib/gcc/avr/4.3.3/../../../../avr/lib/avr5\libc.a(sprintf.o)
                                                  keymapper.o
startKeyMapping                                   keymapper.o
                                                  keymatrix.o
startKeyMappingOnBoot                             keymapper.o
                                                  usbmain.o
                                                  ps2main.o
stopKeyMapping                                    keymapper.o
str_back_6                                        keymapper.o
str_cancel_mapping                                keymapper.o
str_choose_key                                    keymapper.o
str_choose_layer                                  keymapper.o
str_clear_all_macro                               keymapper.o
str_col_row                                       keymapper.o
str_exit                                          keymapper.o
str_exit_macro                                    keymapper.o
str_input_command                                 keymapper.o
str_input_keycode                                 keymapper.o
str_input_macro                                   keymapper.o
str_invalid_keycode                               keymapper.o
str_invalid_macro_number                          keymapper.o
str_load_layer                                    keymapper.o
str_macro_1                                       keymapper.o
str_macro_2                                       keymapper.o
str_macro_9                                       keymapper.o
str_macro_message                                 keymapper.o
str_mapper_1                                      keymapper.o
str_mapper_2                                      keymapper.o
str_mapper_3                                      keymapper.o
str_mapper_4                                      keymapper.o
str_mapper_9                                      keymapper.o
str_mapper_message                                keymapper.o
str_nothing                                       keymapper.o
str_prepare_message                               keymapper.o
str_reset_mapping                                 keymapper.o
str_save_end_mapping                              keymapper.o
str_save_layer                                    keymapper.o
str_saving                                        keymapper.o
str_select_mode                                   keymapper.o
str_select_mode1                                  keymapper.o
str_select_mode2                                  keymapper.o
str_select_mode3                                  keymapper.o
str_select_number                                 keymapper.o
strnlen                                           c:/winavr-20100110/bin/../lib/gcc/avr/4.3.3/../../../../avr/lib/avr5\libc.a(strnlen.o)
                                                  c:/winavr-20100110/bin/../lib/gcc/avr/4.3.3/../../../../avr/lib/avr5\libc.a(vfprintf_std.o)
strnlen_P                                         c:/winavr-20100110/bin/../lib/gcc/avr/4.3.3/../../../../avr/lib/avr5\libc.a(strnlen_P.o)
                                                  c:/winavr-20100110/bin/../lib/gcc/avr/4.3.3/../../../../avr/lib/avr5\libc.a(vfprintf_std.o)
strrev                                            c:/winavr-20100110/bin/../lib/gcc/avr/4.3.3/../../../../avr/lib/avr5\libc.a(strrev.o)
                                                  c:/winavr-20100110/bin/../lib/gcc/avr/4.3.3/../../../../avr/lib/avr5\libc.a(itoa.o)
timer0ClearOverflowCount                          ../avrlib/timer.o
timer0GetOverflowCount                            ../avrlib/timer.o
timer0GetPrescaler                                ../avrlib/timer.o
timer0Init                                        ../avrlib/timer.o
timer0SetPrescaler                                ../avrlib/timer.o
timer1GetPrescaler                                ../avrlib/timer.o
timer1Init                                        ../avrlib/timer.o
                                                  ledrender.o
timer1PWMAOff                                     ../avrlib/timer.o
timer1PWMAOn                                      ../avrlib/timer.o
timer1PWMASet                                     ../avrlib/timer.o
timer1PWMBOff                                     ../avrlib/timer.o
timer1PWMBOn                                      ../avrlib/timer.o
                                                  ledrender.o
timer1PWMBSet                                     ../avrlib/timer.o
                                                  ledrender.o
timer1PWMInit                                     ../avrlib/timer.o
                                                  ledrender.o
timer1PWMInitICR                                  ../avrlib/timer.o
timer1PWMOff                                      ../avrlib/timer.o
timer1SetPrescaler                                ../avrlib/timer.o
timer2ClearOverflowCount                          ../avrlib/timer.o
timer2GetOverflowCount                            ../avrlib/timer.o
timer2GetPrescaler                                ../avrlib/timer.o
timer2Init                                        ../avrlib/timer.o
                                                  keysta.o
timer2SetPrescaler                                ../avrlib/timer.o
                                                  keysta.o
timerAttach                                       ../avrlib/timer.o
                                                  keysta.o
timerDetach                                       ../avrlib/timer.o
                                                  keymain.o
timerInit                                         ../avrlib/timer.o
timerPause                                        ../avrlib/timer.o
toString                                          macrobuffer.o
                                                  keymapper.o
txScanCode                                        ps2main.o
tx_state                                          ps2main.o
usbConfiguration                                  usbdrv/usbdrv.o
usbCrc16                                          usbdrv/usbdrvasm.o
usbCrc16Append                                    usbdrv/usbdrvasm.o
                                                  usbdrv/usbdrv.o
usbCurrentTok                                     usbdrv/usbdrv.o
                                                  usbdrv/usbdrvasm.o
usbDescriptorConfiguration                        usbdrv/usbdrv.o
usbDescriptorDevice                               usbdrv/usbdrv.o
usbDescriptorHidReport                            usbmain.o
                                                  usbdrv/usbdrv.o
usbDescriptorString0                              usbdrv/usbdrv.o
usbDescriptorStringDevice                         usbdrv/usbdrv.o
usbDescriptorStringVendor                         usbdrv/usbdrv.o
usbDeviceAddr                                     usbdrv/usbdrv.o
                                                  usbdrv/usbdrvasm.o
usbFunctionSetup                                  usbmain.o
                                                  usbdrv/usbdrv.o
usbFunctionWrite                                  usbmain.o
                                                  usbdrv/usbdrv.o
usbInit                                           usbdrv/usbdrv.o
                                                  usbmain.o
usbInputBufOffset                                 usbdrv/usbdrv.o
                                                  usbdrv/usbdrvasm.o
usbMsgPtr                                         usbmain.o
                                                  usbdrv/usbdrv.o
usbNewDeviceAddr                                  usbdrv/usbdrv.o
                                                  usbdrv/usbdrvasm.o
usbPoll                                           usbdrv/usbdrv.o
                                                  usbmain.o
usbRxBuf                                          usbdrv/usbdrv.o
                                                  usbdrv/usbdrvasm.o
usbRxLen                                          usbdrv/usbdrv.o
                                                  usbdrv/usbdrvasm.o
usbRxToken                                        usbdrv/usbdrv.o
                                                  usbdrv/usbdrvasm.o
usbSetInterrupt                                   usbdrv/usbdrv.o
                                                  usbmain.o
usbTxBuf                                          usbdrv/usbdrv.o
                                                  usbdrv/usbdrvasm.o
usbTxLen                                          usbdrv/usbdrv.o
                                                  usbdrv/usbdrvasm.o
usbTxStatus1                                      usbmain.o
                                                  usbdrv/usbdrv.o
                                                  usbdrv/usbdrvasm.o
usb_main                                          usbmain.o
                                                  keymain.o
vfprintf                                          c:/winavr-20100110/bin/../lib/gcc/avr/4.3.3/../../../../avr/lib/avr5\libc.a(vfprintf_std.o)
                                                  c:/winavr-20100110/bin/../lib/gcc/avr/4.3.3/../../../../avr/lib/avr5\libc.a(sprintf.o)
wakeUp                                            sleep.o
                                                  usbmain.o
wakeUpLED                                         ledrender.o
                                                  sleep.o
