Archive member included because of file (symbol)

c:/winavr-20100110/bin/../lib/gcc/avr/4.3.3/avr5\libgcc.a(_mulsi3.o)
                              ../avrlib/timer.o (__mulsi3)
c:/winavr-20100110/bin/../lib/gcc/avr/4.3.3/avr5\libgcc.a(_udivmodqi4.o)
                              ps2main.o (__udivmodqi4)
c:/winavr-20100110/bin/../lib/gcc/avr/4.3.3/avr5\libgcc.a(_udivmodhi4.o)
                              udelay.o (__udivmodhi4)
c:/winavr-20100110/bin/../lib/gcc/avr/4.3.3/avr5\libgcc.a(_divmodhi4.o)
                              ledrender.o (__divmodhi4)
c:/winavr-20100110/bin/../lib/gcc/avr/4.3.3/avr5\libgcc.a(_udivmodsi4.o)
                              ../avrlib/timer.o (__udivmodsi4)
c:/winavr-20100110/bin/../lib/gcc/avr/4.3.3/avr5\libgcc.a(_divmodsi4.o)
                              ps2main.o (__divmodsi4)
c:/winavr-20100110/bin/../lib/gcc/avr/4.3.3/avr5\libgcc.a(_exit.o)
                              c:/winavr-20100110/bin/../lib/gcc/avr/4.3.3/../../../../avr/lib/avr5/crtm32.o (exit)
c:/winavr-20100110/bin/../lib/gcc/avr/4.3.3/avr5\libgcc.a(_copy_data.o)
                              usbdrv/usbdrv.o (__do_copy_data)
c:/winavr-20100110/bin/../lib/gcc/avr/4.3.3/avr5\libgcc.a(_clear_bss.o)
                              ../avrlib/timer.o (__do_clear_bss)
c:/winavr-20100110/bin/../lib/gcc/avr/4.3.3/../../../../avr/lib/avr5\libc.a(memcpy.o)
                              usbmain.o (memcpy)
c:/winavr-20100110/bin/../lib/gcc/avr/4.3.3/../../../../avr/lib/avr5\libc.a(memmove.o)
                              ps2avru_util.o (memmove)
c:/winavr-20100110/bin/../lib/gcc/avr/4.3.3/../../../../avr/lib/avr5\libc.a(itoa.o)
                              macrobuffer.o (itoa)
c:/winavr-20100110/bin/../lib/gcc/avr/4.3.3/../../../../avr/lib/avr5\libc.a(sprintf.o)
                              keymapper.o (sprintf)
c:/winavr-20100110/bin/../lib/gcc/avr/4.3.3/../../../../avr/lib/avr5\libc.a(vfprintf_std.o)
                              c:/winavr-20100110/bin/../lib/gcc/avr/4.3.3/../../../../avr/lib/avr5\libc.a(sprintf.o) (vfprintf)
c:/winavr-20100110/bin/../lib/gcc/avr/4.3.3/../../../../avr/lib/avr5\libc.a(eerd_byte_atmega32.o)
                              ledrender.o (__eerd_byte_m32)
c:/winavr-20100110/bin/../lib/gcc/avr/4.3.3/../../../../avr/lib/avr5\libc.a(eewr_byte_atmega32.o)
                              ledrender.o (__eewr_byte_m32)
c:/winavr-20100110/bin/../lib/gcc/avr/4.3.3/../../../../avr/lib/avr5\libc.a(strnlen_P.o)
                              c:/winavr-20100110/bin/../lib/gcc/avr/4.3.3/../../../../avr/lib/avr5\libc.a(vfprintf_std.o) (strnlen_P)
c:/winavr-20100110/bin/../lib/gcc/avr/4.3.3/../../../../avr/lib/avr5\libc.a(strnlen.o)
                              c:/winavr-20100110/bin/../lib/gcc/avr/4.3.3/../../../../avr/lib/avr5\libc.a(vfprintf_std.o) (strnlen)
c:/winavr-20100110/bin/../lib/gcc/avr/4.3.3/../../../../avr/lib/avr5\libc.a(strrev.o)
                              c:/winavr-20100110/bin/../lib/gcc/avr/4.3.3/../../../../avr/lib/avr5\libc.a(itoa.o) (strrev)
c:/winavr-20100110/bin/../lib/gcc/avr/4.3.3/../../../../avr/lib/avr5\libc.a(fputc.o)
                              c:/winavr-20100110/bin/../lib/gcc/avr/4.3.3/../../../../avr/lib/avr5\libc.a(vfprintf_std.o) (fputc)
c:/winavr-20100110/bin/../lib/gcc/avr/4.3.3/../../../../avr/lib/avr5\libc.a(ultoa_invert.o)
                              c:/winavr-20100110/bin/../lib/gcc/avr/4.3.3/../../../../avr/lib/avr5\libc.a(vfprintf_std.o) (__ultoa_invert)
c:/winavr-20100110/bin/../lib/gcc/avr/4.3.3/avr5\libgcc.a(_prologue.o)
                              c:/winavr-20100110/bin/../lib/gcc/avr/4.3.3/../../../../avr/lib/avr5\libc.a(sprintf.o) (__prologue_saves__)
c:/winavr-20100110/bin/../lib/gcc/avr/4.3.3/avr5\libgcc.a(_epilogue.o)
                              c:/winavr-20100110/bin/../lib/gcc/avr/4.3.3/../../../../avr/lib/avr5\libc.a(sprintf.o) (__epilogue_restores__)

Allocating common symbols
Common symbol       size              file

usbTxBuf            0xb               usbdrv/usbdrv.o
usbTxStatus1        0xc               usbdrv/usbdrv.o
_macroIndex         0x1               keymapper.o
Timer0Reg0          0x4               ../avrlib/timer.o
TimerPauseReg       0x4               ../avrlib/timer.o
_macroPressedBuffer
                    0x18              keymapper.o
lastState           0x1               ps2main.o
prevMatrix          0x11              keymatrix.o
Timer2Reg0          0x4               ../avrlib/timer.o
usbDeviceAddr       0x1               usbdrv/usbdrv.o
usbRxToken          0x1               usbdrv/usbdrv.o
usbInputBufOffset   0x1               usbdrv/usbdrv.o
KFLA                0xb0              ps2main.o
reportIndex         0x1               usbmain.o
lastSent            0x1               ps2main.o
m_state             0x1               ps2main.o
ghostFilterMatrix   0x11              keymatrix.o
usbMsgPtr           0x2               usbdrv/usbdrv.o
_newKeyMap          0x88              keymapper.o
usbRxLen            0x1               usbdrv/usbdrv.o
kbd_state           0x1               keysta.o
usbNewDeviceAddr    0x1               usbdrv/usbdrv.o
_macroInputBuffer   0x30              keymapper.o
usbCurrentTok       0x1               usbdrv/usbdrv.o
kbd_flags           0x1               keysta.o
usbConfiguration    0x1               usbdrv/usbdrv.o
usbRxBuf            0x16              usbdrv/usbdrv.o
currentMatrix       0x11              keymatrix.o
_macroBufferIndex   0x1               keymapper.o

Memory Configuration

Name             Origin             Length             Attributes
text             0x00000000         0x00020000         xr
data             0x00800060         0x0000ffa0         rw !x
eeprom           0x00810000         0x00010000         rw !x
fuse             0x00820000         0x00000400         rw !x
lock             0x00830000         0x00000400         rw !x
signature        0x00840000         0x00000400         rw !x
*default*        0x00000000         0xffffffff

Linker script and memory map

LOAD c:/winavr-20100110/bin/../lib/gcc/avr/4.3.3/../../../../avr/lib/avr5/crtm32.o
LOAD usbdrv/usbdrvasm.o
LOAD ../avrlib/timer.o
LOAD keysta.o
LOAD usbdrv/usbdrv.o
LOAD usbdrv/oddebug.o
LOAD keymap.o
LOAD ledrender.o
LOAD sleep.o
LOAD keymapper.o
LOAD ps2avru_util.o
LOAD macrobuffer.o
LOAD keymatrix.o
LOAD ps2main.o
LOAD usbmain.o
LOAD bootMapper.o
LOAD udelay.o
LOAD keymain.o
LOAD c:/winavr-20100110/bin/../lib/gcc/avr/4.3.3/avr5\libgcc.a
LOAD c:/winavr-20100110/bin/../lib/gcc/avr/4.3.3/../../../../avr/lib/avr5\libc.a
LOAD c:/winavr-20100110/bin/../lib/gcc/avr/4.3.3/avr5\libgcc.a

.hash
 *(.hash)

.dynsym
 *(.dynsym)

.dynstr
 *(.dynstr)

.gnu.version
 *(.gnu.version)

.gnu.version_d
 *(.gnu.version_d)

.gnu.version_r
 *(.gnu.version_r)

.rel.init
 *(.rel.init)

.rela.init
 *(.rela.init)

.rel.text
 *(.rel.text)
 *(.rel.text.*)
 *(.rel.gnu.linkonce.t*)

.rela.text
 *(.rela.text)
 *(.rela.text.*)
 *(.rela.gnu.linkonce.t*)

.rel.fini
 *(.rel.fini)

.rela.fini
 *(.rela.fini)

.rel.rodata
 *(.rel.rodata)
 *(.rel.rodata.*)
 *(.rel.gnu.linkonce.r*)

.rela.rodata
 *(.rela.rodata)
 *(.rela.rodata.*)
 *(.rela.gnu.linkonce.r*)

.rel.data
 *(.rel.data)
 *(.rel.data.*)
 *(.rel.gnu.linkonce.d*)

.rela.data
 *(.rela.data)
 *(.rela.data.*)
 *(.rela.gnu.linkonce.d*)

.rel.ctors
 *(.rel.ctors)

.rela.ctors
 *(.rela.ctors)

.rel.dtors
 *(.rel.dtors)

.rela.dtors
 *(.rela.dtors)

.rel.got
 *(.rel.got)

.rela.got
 *(.rela.got)

.rel.bss
 *(.rel.bss)

.rela.bss
 *(.rela.bss)

.rel.plt
 *(.rel.plt)

.rela.plt
 *(.rela.plt)

.text           0x00000000     0x4c74
 *(.vectors)
 .vectors       0x00000000       0x54 c:/winavr-20100110/bin/../lib/gcc/avr/4.3.3/../../../../avr/lib/avr5/crtm32.o
                0x00000000                __vectors
                0x00000000                __vector_default
 *(.vectors)
 *(.progmem.gcc*)
 .progmem.gcc_sw_table
                0x00000054       0xbe macrobuffer.o
 *(.progmem*)
 .progmem.data  0x00000112       0x1c ../avrlib/timer.o
                0x0000011e                TimerRTCPrescaleFactor
                0x00000112                TimerPrescaleFactor
 .progmem.data  0x0000012e       0x64 usbdrv/usbdrv.o
                0x0000015e                usbDescriptorDevice
                0x0000012e                usbDescriptorString0
                0x00000170                usbDescriptorConfiguration
                0x00000132                usbDescriptorStringVendor
                0x0000014e                usbDescriptorStringDevice
 .progmem.data  0x00000192      0x171 keymap.o
                0x00000242                keycode_USB_multimedia
                0x000002c6                keycode_set2_extend
                0x00000276                keycode_USB_extend
                0x00000192                keycode_set2
                0x000002ba                keycode_set2_special
                0x000002c1                keycode_set2_make_break
                0x000002bd                keycode_set2_makeonly
                0x000002f4                keycode_set2_proc_shift
 .progmem.data  0x00000303      0x2fc keymapper.o
                0x00000501                str_save_layer
                0x000004e2                str_input_command
                0x0000040c                str_prepare_message
                0x00000588                str_exit_macro
                0x00000487                str_save_end_mapping
                0x000003c3                str_mapper_3
                0x00000357                str_macro_message
                0x000003d3                str_mapper_4
                0x00000397                str_mapper_1
                0x0000032c                str_select_mode4
                0x000004f9                str_nothing
                0x000004c3                str_reset_mapping
                0x00000531                str_col_row
                0x000005da                str_invalid_macro_number
                0x00000385                str_back_6
                0x000003e9                str_mapper_9
                0x00000372                str_macro_2
                0x000003a6                str_mapper_2
                0x00000446                str_choose_key
                0x00000414                str_choose_layer
                0x000005a3                str_input_macro
                0x0000030f                str_select_mode1
                0x00000379                str_macro_9
                0x0000053d                str_invalid_keycode
                0x0000055b                str_select_number
                0x0000035d                str_macro_1
                0x00000527                str_saving
                0x00000325                str_select_mode3
                0x0000033a                str_exit
                0x00000465                str_input_keycode
                0x00000303                str_select_mode
                0x000005f6                str_clear_all_macro
                0x0000049f                str_cancel_mapping
                0x00000514                str_load_layer
                0x0000031d                str_select_mode2
                0x0000038c                str_mapper_message
                0x00000344                str_boot_mapper
 .progmem.data  0x000005ff       0x55 usbmain.o
                0x000005ff                usbDescriptorHidReport
                0x00000654                . = ALIGN (0x2)
                0x00000654                __trampolines_start = .
 *(.trampolines)
 .trampolines   0x00000654        0x0 linker stubs
 *(.trampolines*)
                0x00000654                __trampolines_end = .
 *(.jumptables)
 *(.jumptables*)
 *(.lowtext)
 *(.lowtext*)
                0x00000654                __ctors_start = .
 *(.ctors)
                0x00000654                __ctors_end = .
                0x00000654                __dtors_start = .
 *(.dtors)
                0x00000654                __dtors_end = .
 SORT(*)(.ctors)
 SORT(*)(.dtors)
 *(.init0)
 .init0         0x00000654        0x0 c:/winavr-20100110/bin/../lib/gcc/avr/4.3.3/../../../../avr/lib/avr5/crtm32.o
                0x00000654                __init
 *(.init0)
 *(.init1)
 *(.init1)
 *(.init2)
 .init2         0x00000654        0xc c:/winavr-20100110/bin/../lib/gcc/avr/4.3.3/../../../../avr/lib/avr5/crtm32.o
 *(.init2)
 *(.init3)
 *(.init3)
 *(.init4)
 .init4         0x00000660       0x16 c:/winavr-20100110/bin/../lib/gcc/avr/4.3.3/avr5\libgcc.a(_copy_data.o)
                0x00000660                __do_copy_data
 .init4         0x00000676       0x10 c:/winavr-20100110/bin/../lib/gcc/avr/4.3.3/avr5\libgcc.a(_clear_bss.o)
                0x00000676                __do_clear_bss
 *(.init4)
 *(.init5)
 *(.init5)
 *(.init6)
 *(.init6)
 *(.init7)
 *(.init7)
 *(.init8)
 *(.init8)
 *(.init9)
 .init9         0x00000686        0x8 c:/winavr-20100110/bin/../lib/gcc/avr/4.3.3/../../../../avr/lib/avr5/crtm32.o
 *(.init9)
 *(.text)
 .text          0x0000068e        0x4 c:/winavr-20100110/bin/../lib/gcc/avr/4.3.3/../../../../avr/lib/avr5/crtm32.o
                0x0000068e                __vector_12
                0x0000068e                __bad_interrupt
                0x0000068e                __vector_3
                0x0000068e                __vector_13
                0x0000068e                __vector_17
                0x0000068e                __vector_19
                0x0000068e                __vector_2
                0x0000068e                __vector_15
                0x0000068e                __vector_14
                0x0000068e                __vector_16
                0x0000068e                __vector_18
                0x0000068e                __vector_20
 .text          0x00000692      0x2a6 usbdrv/usbdrvasm.o
                0x000006c4                __vector_1
                0x00000692                usbCrc16
                0x000006bc                usbCrc16Append
 .text          0x00000938      0x682 ../avrlib/timer.o
                0x00000ba2                timer2GetOverflowCount
                0x00000a3e                timerDetach
                0x000009c6                timer1SetPrescaler
                0x00000c5e                timer1PWMBOff
                0x00000a0e                timer2GetPrescaler
                0x00000f06                __vector_6
                0x0000093a                timer0Init
                0x00000c50                timer1PWMAOff
                0x00000c72                timer1PWMBSet
                0x00000c78                __vector_11
                0x00000be8                timer1PWMInitICR
                0x000009da                timer0GetPrescaler
                0x00000e52                __vector_7
                0x00000b7a                timer0GetOverflowCount
                0x00000d78                __vector_5
                0x00000992                timerInit
                0x000009d0                timer2SetPrescaler
                0x00000c34                timer1PWMAOn
                0x000009bc                timer0SetPrescaler
                0x00000938                delay_us
                0x00000f60                __vector_4
                0x00000b68                timer0ClearOverflowCount
                0x00000d1e                __vector_9
                0x0000095c                timer1Init
                0x00000bb8                timer1PWMInit
                0x00000c42                timer1PWMBOn
                0x00000970                timer2Init
                0x00000eac                __vector_8
                0x00000c6c                timer1PWMASet
                0x00000a28                timerAttach
                0x00000c0e                timer1PWMOff
                0x00000df8                __vector_10
                0x000009f4                timer1GetPrescaler
                0x00000b90                timer2ClearOverflowCount
                0x00000a54                timerPause
 .text          0x00000fba      0x27a keysta.o
                0x00000fd8                kbd_get_rx_char
                0x00001208                kbd_init
                0x00000fba                kbd_set_tx
 .text          0x00001234      0x2b4 usbdrv/usbdrv.o
                0x0000124e                usbPoll
                0x000014a2                usbSetInterrupt
                0x00001234                usbInit
 .text          0x000014e8        0x0 usbdrv/oddebug.o
 .text          0x000014e8      0x102 keymap.o
                0x00001564                setDualAction
                0x000014ee                applyDualActionDown
                0x00001538                getKeyCode
                0x000014e8                isCanceledDualAction
                0x0000151c                getDualActionDownKeyIdex
 .text          0x000015ea      0x6d6 ledrender.o
                0x00001604                startTimer
                0x00001a6c                doSleep
                0x00001a30                sleepLED
                0x00001736                increaseLedBrightness
                0x00001704                reduceLedBrightness
                0x0000160c                timerProcessCompareB
                0x000015f0                getLEDState
                0x00001a2a                fadePWM
                0x000015f6                clearLEDInited
                0x0000176a                setLEDIndicate
                0x000016de                changeFullLedState
                0x0000161c                timerProcessCompareA
                0x00001a62                wakeUpLED
                0x000017cc                applyKeyDownForFullLED
                0x000015fc                stopTimer
                0x00001620                setPWM
                0x00001ac8                renderLED
                0x00001bec                initFullLEDState
                0x000015ea                setLEDState
 .text          0x00001cc0       0x8a sleep.o
                0x00001cc6                sleep
                0x00001d28                wakeUp
                0x00001cda                countSleep
                0x00001cc0                isSleep
 .text          0x00001d4a      0xdd0 keymapper.o
                0x00002948                prepareKeyMapper
                0x00001dac                readyKeyMappingOnBoot
                0x00001f86                printMacroMessage
                0x000029c2                applyMacro
                0x00001fce                printString
                0x00001dbe                isMacroKey
                0x0000221a                saveMacro
                0x000021a4                printSelectMode
                0x00001d66                applyKeyMapping
                0x00001f3c                saveCurrentLayer
                0x0000287a                saveCurrentLayerAfter
                0x00002afa                startKeyMappingOnBoot
                0x00002164                printMapperMessageAfter
                0x0000296c                getCurrentKeycode
                0x00001db4                stopKeyMapping
                0x00001ed2                resetCurrentLayer
                0x00001da6                isReadyKeyMappingOnBoot
                0x00001d5e                isDeepKeyMapping
                0x00002262                readMacro
                0x00002a80                enterFrameForMapper
                0x00001f1e                clearMacro
                0x00001f78                printPrepareString
                0x00001dcc                escapeMacroKeycode
                0x00001d4a                setWillStartKeyMapping
                0x000029f2                startKeyMapping
                0x00001d56                isKeyMapping
                0x00001de8                resetMacroInput
                0x00002a16                prepareKeyMapping
                0x00002332                putKeyCode
                0x000022aa                loadCurrentLayer
                0x000021f0                clearMacroAfter
                0x00002a46                countKeyMappingEnabled
 .text          0x00002b1a       0xc8 ps2avru_util.o
                0x00002b66                delete
                0x00002b3a                equalAll
                0x00002b1a                findIndex
                0x00002bca                append
                0x00002b8e                insert
 .text          0x00002be2      0x25e macrobuffer.o
                0x00002c64                isEmptyM
                0x00002de4                popMWithKey
                0x00002be2                pushM
                0x00002cb2                setMacroProcessEnd
                0x00002dbe                clearMacroPressedBuffer
                0x00002da2                toString
                0x00002cb8                charToKey
                0x00002c2c                popM
                0x00002c82                isMacroProcessEnd
 .text          0x00002e40      0x48c keymatrix.o
                0x0000322c                applyFN
                0x000030b0                getLayer
                0x00002e8a                findGhostKey
                0x00002e64                isAllKeyRelease
                0x00002f40                getLiveMatrix
                0x00002f3a                getCurrentMatrix
                0x00002e40                clearMatrix
                0x00003092                setCurrentMatrix
 .text          0x000032cc      0x9f0 ps2main.o
                0x0000364a                putKey
                0x000038a0                tx_state
                0x00003630                prepareKeyMappingPs2
                0x000034c0                pushKeyCode
                0x000033aa                clear
                0x000036a4                scanKeyPS2
                0x000033e2                keymap_init
                0x00003354                pop
                0x000034a0                hasMacroPs2
                0x000038b8                ps2_main
                0x0000338c                isEmpty
                0x000032cc                push
                0x000034b0                initInterfacePs2
 .text          0x00003cbc      0x57e usbmain.o
                0x0000405e                usb_main
                0x00003cd8                clearReportBuffer
                0x00003cee                prepareKeyMappingUsb
                0x00003cbc                hasMacroUsb
                0x00004190                usbFunctionSetup
                0x00004180                initInterfaceUsb
                0x00003cfe                makeReportBuffer
                0x00003e62                scanKeyUSB
                0x00003d92                scanMacroUsb
                0x00004214                usbFunctionWrite
 .text          0x0000423a       0x48 bootMapper.o
                0x00004248                trace
                0x0000423a                setToBootMapper
                0x00004242                isBootMapper
 .text          0x00004282       0x38 udelay.o
                0x00004282                _delay_us_m
 .text          0x000042ba      0x226 keymain.o
                0x000042c0                setUsbOff
                0x00004356                main
                0x000042ba                setUsbOn
                0x000042c6                clearTimers
                0x00004342                clearInterface
 .text          0x000044e0        0x0 c:/winavr-20100110/bin/../lib/gcc/avr/4.3.3/avr5\libgcc.a(_mulsi3.o)
 .text          0x000044e0        0x0 c:/winavr-20100110/bin/../lib/gcc/avr/4.3.3/avr5\libgcc.a(_udivmodqi4.o)
 .text          0x000044e0        0x0 c:/winavr-20100110/bin/../lib/gcc/avr/4.3.3/avr5\libgcc.a(_udivmodhi4.o)
 .text          0x000044e0        0x0 c:/winavr-20100110/bin/../lib/gcc/avr/4.3.3/avr5\libgcc.a(_divmodhi4.o)
 .text          0x000044e0        0x0 c:/winavr-20100110/bin/../lib/gcc/avr/4.3.3/avr5\libgcc.a(_udivmodsi4.o)
 .text          0x000044e0        0x0 c:/winavr-20100110/bin/../lib/gcc/avr/4.3.3/avr5\libgcc.a(_divmodsi4.o)
 .text          0x000044e0        0x0 c:/winavr-20100110/bin/../lib/gcc/avr/4.3.3/avr5\libgcc.a(_exit.o)
 .text          0x000044e0        0x0 c:/winavr-20100110/bin/../lib/gcc/avr/4.3.3/avr5\libgcc.a(_copy_data.o)
 .text          0x000044e0        0x0 c:/winavr-20100110/bin/../lib/gcc/avr/4.3.3/avr5\libgcc.a(_clear_bss.o)
 .text          0x000044e0        0x0 c:/winavr-20100110/bin/../lib/gcc/avr/4.3.3/../../../../avr/lib/avr5\libc.a(memcpy.o)
 .text          0x000044e0        0x0 c:/winavr-20100110/bin/../lib/gcc/avr/4.3.3/../../../../avr/lib/avr5\libc.a(memmove.o)
 .text          0x000044e0        0x0 c:/winavr-20100110/bin/../lib/gcc/avr/4.3.3/../../../../avr/lib/avr5\libc.a(itoa.o)
 .text          0x000044e0        0x0 c:/winavr-20100110/bin/../lib/gcc/avr/4.3.3/../../../../avr/lib/avr5\libc.a(sprintf.o)
 .text          0x000044e0        0x0 c:/winavr-20100110/bin/../lib/gcc/avr/4.3.3/../../../../avr/lib/avr5\libc.a(vfprintf_std.o)
 .text          0x000044e0        0x0 c:/winavr-20100110/bin/../lib/gcc/avr/4.3.3/../../../../avr/lib/avr5\libc.a(eerd_byte_atmega32.o)
 .text          0x000044e0        0x0 c:/winavr-20100110/bin/../lib/gcc/avr/4.3.3/../../../../avr/lib/avr5\libc.a(eewr_byte_atmega32.o)
 .text          0x000044e0        0x0 c:/winavr-20100110/bin/../lib/gcc/avr/4.3.3/../../../../avr/lib/avr5\libc.a(strnlen_P.o)
 .text          0x000044e0        0x0 c:/winavr-20100110/bin/../lib/gcc/avr/4.3.3/../../../../avr/lib/avr5\libc.a(strnlen.o)
 .text          0x000044e0        0x0 c:/winavr-20100110/bin/../lib/gcc/avr/4.3.3/../../../../avr/lib/avr5\libc.a(strrev.o)
 .text          0x000044e0        0x0 c:/winavr-20100110/bin/../lib/gcc/avr/4.3.3/../../../../avr/lib/avr5\libc.a(fputc.o)
 .text          0x000044e0        0x0 c:/winavr-20100110/bin/../lib/gcc/avr/4.3.3/../../../../avr/lib/avr5\libc.a(ultoa_invert.o)
 .text          0x000044e0        0x0 c:/winavr-20100110/bin/../lib/gcc/avr/4.3.3/avr5\libgcc.a(_prologue.o)
 .text          0x000044e0        0x0 c:/winavr-20100110/bin/../lib/gcc/avr/4.3.3/avr5\libgcc.a(_epilogue.o)
                0x000044e0                . = ALIGN (0x2)
 *(.text.*)
 .text.libgcc   0x000044e0       0x3e c:/winavr-20100110/bin/../lib/gcc/avr/4.3.3/avr5\libgcc.a(_mulsi3.o)
                0x000044e0                __mulsi3
 .text.libgcc   0x0000451e       0x18 c:/winavr-20100110/bin/../lib/gcc/avr/4.3.3/avr5\libgcc.a(_udivmodqi4.o)
                0x0000451e                __udivmodqi4
 .text.libgcc   0x00004536       0x28 c:/winavr-20100110/bin/../lib/gcc/avr/4.3.3/avr5\libgcc.a(_udivmodhi4.o)
                0x00004536                __udivmodhi4
 .text.libgcc   0x0000455e       0x26 c:/winavr-20100110/bin/../lib/gcc/avr/4.3.3/avr5\libgcc.a(_divmodhi4.o)
                0x0000455e                __divmodhi4
                0x0000455e                _div
 .text.libgcc   0x00004584       0x44 c:/winavr-20100110/bin/../lib/gcc/avr/4.3.3/avr5\libgcc.a(_udivmodsi4.o)
                0x00004584                __udivmodsi4
 .text.libgcc   0x000045c8       0x36 c:/winavr-20100110/bin/../lib/gcc/avr/4.3.3/avr5\libgcc.a(_divmodsi4.o)
                0x000045c8                __divmodsi4
 .text.libgcc   0x000045fe        0x0 c:/winavr-20100110/bin/../lib/gcc/avr/4.3.3/avr5\libgcc.a(_exit.o)
 .text.libgcc   0x000045fe        0x0 c:/winavr-20100110/bin/../lib/gcc/avr/4.3.3/avr5\libgcc.a(_copy_data.o)
 .text.libgcc   0x000045fe        0x0 c:/winavr-20100110/bin/../lib/gcc/avr/4.3.3/avr5\libgcc.a(_clear_bss.o)
 .text.avr-libc
                0x000045fe       0x12 c:/winavr-20100110/bin/../lib/gcc/avr/4.3.3/../../../../avr/lib/avr5\libc.a(memcpy.o)
                0x000045fe                memcpy
 .text.avr-libc
                0x00004610       0x24 c:/winavr-20100110/bin/../lib/gcc/avr/4.3.3/../../../../avr/lib/avr5\libc.a(memmove.o)
                0x00004610                memmove
 .text.avr-libc
                0x00004634       0x42 c:/winavr-20100110/bin/../lib/gcc/avr/4.3.3/../../../../avr/lib/avr5\libc.a(itoa.o)
                0x00004634                itoa
 .text.avr-libc
                0x00004676       0x48 c:/winavr-20100110/bin/../lib/gcc/avr/4.3.3/../../../../avr/lib/avr5\libc.a(sprintf.o)
                0x00004676                sprintf
 .text.avr-libc
                0x000046be      0x3ba c:/winavr-20100110/bin/../lib/gcc/avr/4.3.3/../../../../avr/lib/avr5\libc.a(vfprintf_std.o)
                0x000046be                vfprintf
 .text.avr-libc
                0x00004a78       0x10 c:/winavr-20100110/bin/../lib/gcc/avr/4.3.3/../../../../avr/lib/avr5\libc.a(eerd_byte_atmega32.o)
                0x00004a78                __eerd_byte_m32
 .text.avr-libc
                0x00004a88       0x1a c:/winavr-20100110/bin/../lib/gcc/avr/4.3.3/../../../../avr/lib/avr5\libc.a(eewr_byte_atmega32.o)
                0x00004a8a                __eewr_r18_m32
                0x00004a88                __eewr_byte_m32
 .text.avr-libc
                0x00004aa2       0x16 c:/winavr-20100110/bin/../lib/gcc/avr/4.3.3/../../../../avr/lib/avr5\libc.a(strnlen_P.o)
                0x00004aa2                strnlen_P
 .text.avr-libc
                0x00004ab8       0x16 c:/winavr-20100110/bin/../lib/gcc/avr/4.3.3/../../../../avr/lib/avr5\libc.a(strnlen.o)
                0x00004ab8                strnlen
 .text.avr-libc
                0x00004ace       0x20 c:/winavr-20100110/bin/../lib/gcc/avr/4.3.3/../../../../avr/lib/avr5\libc.a(strrev.o)
                0x00004ace                strrev
 .text.avr-libc
                0x00004aee       0x58 c:/winavr-20100110/bin/../lib/gcc/avr/4.3.3/../../../../avr/lib/avr5\libc.a(fputc.o)
                0x00004aee                fputc
 .text.avr-libc
                0x00004b46       0xbc c:/winavr-20100110/bin/../lib/gcc/avr/4.3.3/../../../../avr/lib/avr5\libc.a(ultoa_invert.o)
                0x00004b46                __ultoa_invert
 .text.libgcc   0x00004c02       0x38 c:/winavr-20100110/bin/../lib/gcc/avr/4.3.3/avr5\libgcc.a(_prologue.o)
                0x00004c02                __prologue_saves__
 .text.libgcc   0x00004c3a       0x36 c:/winavr-20100110/bin/../lib/gcc/avr/4.3.3/avr5\libgcc.a(_epilogue.o)
                0x00004c3a                __epilogue_restores__
                0x00004c70                . = ALIGN (0x2)
 *(.fini9)
 .fini9         0x00004c70        0x0 c:/winavr-20100110/bin/../lib/gcc/avr/4.3.3/avr5\libgcc.a(_exit.o)
                0x00004c70                exit
                0x00004c70                _exit
 *(.fini9)
 *(.fini8)
 *(.fini8)
 *(.fini7)
 *(.fini7)
 *(.fini6)
 *(.fini6)
 *(.fini5)
 *(.fini5)
 *(.fini4)
 *(.fini4)
 *(.fini3)
 *(.fini3)
 *(.fini2)
 *(.fini2)
 *(.fini1)
 *(.fini1)
 *(.fini0)
 .fini0         0x00004c70        0x4 c:/winavr-20100110/bin/../lib/gcc/avr/4.3.3/avr5\libgcc.a(_exit.o)
 *(.fini0)
                0x00004c74                _etext = .

.data           0x00800060       0x8e load address 0x00004c74
                0x00800060                PROVIDE (__data_start, .)
 *(.data)
 .data          0x00800060        0x0 c:/winavr-20100110/bin/../lib/gcc/avr/4.3.3/../../../../avr/lib/avr5/crtm32.o
 .data          0x00800060        0x0 usbdrv/usbdrvasm.o
 .data          0x00800060        0x0 ../avrlib/timer.o
 .data          0x00800060        0x0 keysta.o
 .data          0x00800060        0x2 usbdrv/usbdrv.o
                0x00800060                usbTxLen
 .data          0x00800062        0x0 usbdrv/oddebug.o
 .data          0x00800062       0x22 keymap.o
                0x00800072                dualActionMaskUp
                0x00800082                keymapAddress
                0x00800062                dualActionMaskDown
 .data          0x00800084        0x6 ledrender.o
                0x00800084                pwmMAX
 .data          0x0080008a        0x0 sleep.o
 .data          0x0080008a       0x35 keymapper.o
 .data          0x008000bf        0x0 ps2avru_util.o
 .data          0x008000bf        0x0 macrobuffer.o
 .data          0x008000bf       0x22 keymatrix.o
                0x008000bf                modmask
 .data          0x008000e1        0x5 ps2main.o
 .data          0x008000e6        0x1 usbmain.o
 .data          0x008000e7        0x6 bootMapper.o
 .data          0x008000ed        0x0 udelay.o
 .data          0x008000ed        0x1 keymain.o
                0x008000ed                INTERFACE
 .data          0x008000ee        0x0 c:/winavr-20100110/bin/../lib/gcc/avr/4.3.3/avr5\libgcc.a(_mulsi3.o)
 .data          0x008000ee        0x0 c:/winavr-20100110/bin/../lib/gcc/avr/4.3.3/avr5\libgcc.a(_udivmodqi4.o)
 .data          0x008000ee        0x0 c:/winavr-20100110/bin/../lib/gcc/avr/4.3.3/avr5\libgcc.a(_udivmodhi4.o)
 .data          0x008000ee        0x0 c:/winavr-20100110/bin/../lib/gcc/avr/4.3.3/avr5\libgcc.a(_divmodhi4.o)
 .data          0x008000ee        0x0 c:/winavr-20100110/bin/../lib/gcc/avr/4.3.3/avr5\libgcc.a(_udivmodsi4.o)
 .data          0x008000ee        0x0 c:/winavr-20100110/bin/../lib/gcc/avr/4.3.3/avr5\libgcc.a(_divmodsi4.o)
 .data          0x008000ee        0x0 c:/winavr-20100110/bin/../lib/gcc/avr/4.3.3/avr5\libgcc.a(_exit.o)
 .data          0x008000ee        0x0 c:/winavr-20100110/bin/../lib/gcc/avr/4.3.3/avr5\libgcc.a(_copy_data.o)
 .data          0x008000ee        0x0 c:/winavr-20100110/bin/../lib/gcc/avr/4.3.3/avr5\libgcc.a(_clear_bss.o)
 .data          0x008000ee        0x0 c:/winavr-20100110/bin/../lib/gcc/avr/4.3.3/../../../../avr/lib/avr5\libc.a(memcpy.o)
 .data          0x008000ee        0x0 c:/winavr-20100110/bin/../lib/gcc/avr/4.3.3/../../../../avr/lib/avr5\libc.a(memmove.o)
 .data          0x008000ee        0x0 c:/winavr-20100110/bin/../lib/gcc/avr/4.3.3/../../../../avr/lib/avr5\libc.a(itoa.o)
 .data          0x008000ee        0x0 c:/winavr-20100110/bin/../lib/gcc/avr/4.3.3/../../../../avr/lib/avr5\libc.a(sprintf.o)
 .data          0x008000ee        0x0 c:/winavr-20100110/bin/../lib/gcc/avr/4.3.3/../../../../avr/lib/avr5\libc.a(vfprintf_std.o)
 .data          0x008000ee        0x0 c:/winavr-20100110/bin/../lib/gcc/avr/4.3.3/../../../../avr/lib/avr5\libc.a(eerd_byte_atmega32.o)
 .data          0x008000ee        0x0 c:/winavr-20100110/bin/../lib/gcc/avr/4.3.3/../../../../avr/lib/avr5\libc.a(eewr_byte_atmega32.o)
 .data          0x008000ee        0x0 c:/winavr-20100110/bin/../lib/gcc/avr/4.3.3/../../../../avr/lib/avr5\libc.a(strnlen_P.o)
 .data          0x008000ee        0x0 c:/winavr-20100110/bin/../lib/gcc/avr/4.3.3/../../../../avr/lib/avr5\libc.a(strnlen.o)
 .data          0x008000ee        0x0 c:/winavr-20100110/bin/../lib/gcc/avr/4.3.3/../../../../avr/lib/avr5\libc.a(strrev.o)
 .data          0x008000ee        0x0 c:/winavr-20100110/bin/../lib/gcc/avr/4.3.3/../../../../avr/lib/avr5\libc.a(fputc.o)
 .data          0x008000ee        0x0 c:/winavr-20100110/bin/../lib/gcc/avr/4.3.3/../../../../avr/lib/avr5\libc.a(ultoa_invert.o)
 .data          0x008000ee        0x0 c:/winavr-20100110/bin/../lib/gcc/avr/4.3.3/avr5\libgcc.a(_prologue.o)
 .data          0x008000ee        0x0 c:/winavr-20100110/bin/../lib/gcc/avr/4.3.3/avr5\libgcc.a(_epilogue.o)
 *(.data*)
 *(.rodata)
 *(.rodata*)
 *(.gnu.linkonce.d*)
                0x008000ee                . = ALIGN (0x2)
                0x008000ee                _edata = .
                0x008000ee                PROVIDE (__data_end, .)

.bss            0x008000ee      0x4b4
                0x008000ee                PROVIDE (__bss_start, .)
 *(.bss)
 .bss           0x008000ee        0x0 c:/winavr-20100110/bin/../lib/gcc/avr/4.3.3/../../../../avr/lib/avr5/crtm32.o
 .bss           0x008000ee        0x0 usbdrv/usbdrvasm.o
 .bss           0x008000ee       0x10 ../avrlib/timer.o
 .bss           0x008000fe        0x4 keysta.o
 .bss           0x00800102        0x1 usbdrv/usbdrv.o
 .bss           0x00800103        0x0 usbdrv/oddebug.o
 .bss           0x00800103        0x4 keymap.o
                0x00800103                dualActionKeyIndex
 .bss           0x00800107       0x1c ledrender.o
                0x00800109                pwmValue
                0x00800107                pwmMIN
 .bss           0x00800123        0x5 sleep.o
 .bss           0x00800128       0x19 keymapper.o
                0x0080012b                _isTiredEscapeKey
                0x0080012a                _isPressedEscapeKey
                0x00800128                _pressedEscapeKeyCount
 .bss           0x00800141        0x0 ps2avru_util.o
 .bss           0x00800141      0x138 macrobuffer.o
                0x00800141                _pressedBuffer
 .bss           0x00800279        0x5 keymatrix.o
                0x00800279                isBeyondFN
                0x0080027a                _currentLayer
 .bss           0x0080027e       0xe3 ps2main.o
                0x0080027e                txScanCode
 .bss           0x00800361       0x3e usbmain.o
                0x00800361                _isMultimediaPressed
 .bss           0x0080039f        0x1 bootMapper.o
 .bss           0x008003a0        0x2 udelay.o
 .bss           0x008003a2        0x3 keymain.o
                0x008003a4                interfaceReady
                0x008003a2                interfaceCount
 .bss           0x008003a5        0x0 c:/winavr-20100110/bin/../lib/gcc/avr/4.3.3/avr5\libgcc.a(_mulsi3.o)
 .bss           0x008003a5        0x0 c:/winavr-20100110/bin/../lib/gcc/avr/4.3.3/avr5\libgcc.a(_udivmodqi4.o)
 .bss           0x008003a5        0x0 c:/winavr-20100110/bin/../lib/gcc/avr/4.3.3/avr5\libgcc.a(_udivmodhi4.o)
 .bss           0x008003a5        0x0 c:/winavr-20100110/bin/../lib/gcc/avr/4.3.3/avr5\libgcc.a(_divmodhi4.o)
 .bss           0x008003a5        0x0 c:/winavr-20100110/bin/../lib/gcc/avr/4.3.3/avr5\libgcc.a(_udivmodsi4.o)
 .bss           0x008003a5        0x0 c:/winavr-20100110/bin/../lib/gcc/avr/4.3.3/avr5\libgcc.a(_divmodsi4.o)
 .bss           0x008003a5        0x0 c:/winavr-20100110/bin/../lib/gcc/avr/4.3.3/avr5\libgcc.a(_exit.o)
 .bss           0x008003a5        0x0 c:/winavr-20100110/bin/../lib/gcc/avr/4.3.3/avr5\libgcc.a(_copy_data.o)
 .bss           0x008003a5        0x0 c:/winavr-20100110/bin/../lib/gcc/avr/4.3.3/avr5\libgcc.a(_clear_bss.o)
 .bss           0x008003a5        0x0 c:/winavr-20100110/bin/../lib/gcc/avr/4.3.3/../../../../avr/lib/avr5\libc.a(memcpy.o)
 .bss           0x008003a5        0x0 c:/winavr-20100110/bin/../lib/gcc/avr/4.3.3/../../../../avr/lib/avr5\libc.a(memmove.o)
 .bss           0x008003a5        0x0 c:/winavr-20100110/bin/../lib/gcc/avr/4.3.3/../../../../avr/lib/avr5\libc.a(itoa.o)
 .bss           0x008003a5        0x0 c:/winavr-20100110/bin/../lib/gcc/avr/4.3.3/../../../../avr/lib/avr5\libc.a(sprintf.o)
 .bss           0x008003a5        0x0 c:/winavr-20100110/bin/../lib/gcc/avr/4.3.3/../../../../avr/lib/avr5\libc.a(vfprintf_std.o)
 .bss           0x008003a5        0x0 c:/winavr-20100110/bin/../lib/gcc/avr/4.3.3/../../../../avr/lib/avr5\libc.a(eerd_byte_atmega32.o)
 .bss           0x008003a5        0x0 c:/winavr-20100110/bin/../lib/gcc/avr/4.3.3/../../../../avr/lib/avr5\libc.a(eewr_byte_atmega32.o)
 .bss           0x008003a5        0x0 c:/winavr-20100110/bin/../lib/gcc/avr/4.3.3/../../../../avr/lib/avr5\libc.a(strnlen_P.o)
 .bss           0x008003a5        0x0 c:/winavr-20100110/bin/../lib/gcc/avr/4.3.3/../../../../avr/lib/avr5\libc.a(strnlen.o)
 .bss           0x008003a5        0x0 c:/winavr-20100110/bin/../lib/gcc/avr/4.3.3/../../../../avr/lib/avr5\libc.a(strrev.o)
 .bss           0x008003a5        0x0 c:/winavr-20100110/bin/../lib/gcc/avr/4.3.3/../../../../avr/lib/avr5\libc.a(fputc.o)
 .bss           0x008003a5        0x0 c:/winavr-20100110/bin/../lib/gcc/avr/4.3.3/../../../../avr/lib/avr5\libc.a(ultoa_invert.o)
 .bss           0x008003a5        0x0 c:/winavr-20100110/bin/../lib/gcc/avr/4.3.3/avr5\libgcc.a(_prologue.o)
 .bss           0x008003a5        0x0 c:/winavr-20100110/bin/../lib/gcc/avr/4.3.3/avr5\libgcc.a(_epilogue.o)
 *(.bss*)
 *(COMMON)
 COMMON         0x008003a5        0xc ../avrlib/timer.o
                0x008003a5                Timer0Reg0
                0x008003a9                TimerPauseReg
                0x008003ad                Timer2Reg0
 COMMON         0x008003b1        0x2 keysta.o
                0x008003b1                kbd_state
                0x008003b2                kbd_flags
 COMMON         0x008003b3       0x36 usbdrv/usbdrv.o
                0x008003b3                usbTxBuf
                0x008003be                usbTxStatus1
                0x008003ca                usbDeviceAddr
                0x008003cb                usbRxToken
                0x008003cc                usbInputBufOffset
                0x008003cd                usbMsgPtr
                0x008003cf                usbRxLen
                0x008003d0                usbNewDeviceAddr
                0x008003d1                usbCurrentTok
                0x008003d2                usbConfiguration
                0x008003d3                usbRxBuf
 COMMON         0x008003e9       0xd2 keymapper.o
                0x008003e9                _macroIndex
                0x008003ea                _macroPressedBuffer
                0x00800402                _newKeyMap
                0x0080048a                _macroInputBuffer
                0x008004ba                _macroBufferIndex
 COMMON         0x008004bb       0x33 keymatrix.o
                0x008004bb                prevMatrix
                0x008004cc                ghostFilterMatrix
                0x008004dd                currentMatrix
 COMMON         0x008004ee       0xb3 ps2main.o
                0x008004ee                lastState
                0x008004ef                KFLA
                0x0080059f                lastSent
                0x008005a0                m_state
 COMMON         0x008005a1        0x1 usbmain.o
                0x008005a1                reportIndex
                0x008005a2                PROVIDE (__bss_end, .)
                0x00004c74                __data_load_start = LOADADDR (.data)
                0x00004d02                __data_load_end = (__data_load_start + SIZEOF (.data))

.noinit         0x008005a2        0x0
                0x008005a2                PROVIDE (__noinit_start, .)
 *(.noinit*)
                0x008005a2                PROVIDE (__noinit_end, .)
                0x008005a2                _end = .
                0x008005a2                PROVIDE (__heap_start, .)

.eeprom         0x00810000        0x0
 *(.eeprom*)
                0x00810000                __eeprom_end = .

.fuse
 *(.fuse)
 *(.lfuse)
 *(.hfuse)
 *(.efuse)

.lock
 *(.lock*)

.signature
 *(.signature*)

.stab
 *(.stab)

.stabstr
 *(.stabstr)

.stab.excl
 *(.stab.excl)

.stab.exclstr
 *(.stab.exclstr)

.stab.index
 *(.stab.index)

.stab.indexstr
 *(.stab.indexstr)

.comment
 *(.comment)

.debug
 *(.debug)

.line
 *(.line)

.debug_srcinfo
 *(.debug_srcinfo)

.debug_sfnames
 *(.debug_sfnames)

.debug_aranges  0x00000000      0x1e0
 *(.debug_aranges)
 .debug_aranges
                0x00000000       0x20 ../avrlib/timer.o
 .debug_aranges
                0x00000020       0x20 keysta.o
 .debug_aranges
                0x00000040       0x20 usbdrv/usbdrv.o
 .debug_aranges
                0x00000060       0x20 keymap.o
 .debug_aranges
                0x00000080       0x20 ledrender.o
 .debug_aranges
                0x000000a0       0x20 sleep.o
 .debug_aranges
                0x000000c0       0x20 keymapper.o
 .debug_aranges
                0x000000e0       0x20 ps2avru_util.o
 .debug_aranges
                0x00000100       0x20 macrobuffer.o
 .debug_aranges
                0x00000120       0x20 keymatrix.o
 .debug_aranges
                0x00000140       0x20 ps2main.o
 .debug_aranges
                0x00000160       0x20 usbmain.o
 .debug_aranges
                0x00000180       0x20 bootMapper.o
 .debug_aranges
                0x000001a0       0x20 udelay.o
 .debug_aranges
                0x000001c0       0x20 keymain.o

.debug_pubnames
                0x00000000     0x13ab
 *(.debug_pubnames)
 .debug_pubnames
                0x00000000      0x302 ../avrlib/timer.o
 .debug_pubnames
                0x00000302       0x5e keysta.o
 .debug_pubnames
                0x00000360      0x190 usbdrv/usbdrv.o
 .debug_pubnames
                0x000004f0      0x19c keymap.o
 .debug_pubnames
                0x0000068c      0x18f ledrender.o
 .debug_pubnames
                0x0000081b       0x42 sleep.o
 .debug_pubnames
                0x0000085d      0x637 keymapper.o
 .debug_pubnames
                0x00000e94       0x4e ps2avru_util.o
 .debug_pubnames
                0x00000ee2       0xb9 macrobuffer.o
 .debug_pubnames
                0x00000f9b      0x100 keymatrix.o
 .debug_pubnames
                0x0000109b      0x10a ps2main.o
 .debug_pubnames
                0x000011a5      0x116 usbmain.o
 .debug_pubnames
                0x000012bb       0x41 bootMapper.o
 .debug_pubnames
                0x000012fc       0x22 udelay.o
 .debug_pubnames
                0x0000131e       0x8d keymain.o

.debug_info     0x00000000     0x689f
 *(.debug_info)
 .debug_info    0x00000000      0x76c ../avrlib/timer.o
 .debug_info    0x0000076c      0x32b keysta.o
 .debug_info    0x00000a97      0x8ee usbdrv/usbdrv.o
 .debug_info    0x00001385       0x64 usbdrv/oddebug.o
 .debug_info    0x000013e9      0x490 keymap.o
 .debug_info    0x00001879      0x59d ledrender.o
 .debug_info    0x00001e16       0xfa sleep.o
 .debug_info    0x00001f10     0x163d keymapper.o
 .debug_info    0x0000354d      0x1d7 ps2avru_util.o
 .debug_info    0x00003724      0x75b macrobuffer.o
 .debug_info    0x00003e7f      0x894 keymatrix.o
 .debug_info    0x00004713      0xc92 ps2main.o
 .debug_info    0x000053a5      0xbec usbmain.o
 .debug_info    0x00005f91       0xf8 bootMapper.o
 .debug_info    0x00006089       0xc0 udelay.o
 .debug_info    0x00006149      0x756 keymain.o
 *(.gnu.linkonce.wi.*)

.debug_abbrev   0x00000000     0x194c
 *(.debug_abbrev)
 .debug_abbrev  0x00000000      0x256 ../avrlib/timer.o
 .debug_abbrev  0x00000256       0xe8 keysta.o
 .debug_abbrev  0x0000033e      0x2ac usbdrv/usbdrv.o
 .debug_abbrev  0x000005ea       0x33 usbdrv/oddebug.o
 .debug_abbrev  0x0000061d      0x19b keymap.o
 .debug_abbrev  0x000007b8      0x232 ledrender.o
 .debug_abbrev  0x000009ea       0x7b sleep.o
 .debug_abbrev  0x00000a65      0x359 keymapper.o
 .debug_abbrev  0x00000dbe       0xdf ps2avru_util.o
 .debug_abbrev  0x00000e9d      0x17e macrobuffer.o
 .debug_abbrev  0x0000101b      0x180 keymatrix.o
 .debug_abbrev  0x0000119b      0x264 ps2main.o
 .debug_abbrev  0x000013ff      0x257 usbmain.o
 .debug_abbrev  0x00001656       0xa1 bootMapper.o
 .debug_abbrev  0x000016f7       0x79 udelay.o
 .debug_abbrev  0x00001770      0x1dc keymain.o

.debug_line     0x00000000     0x4593
 *(.debug_line)
 .debug_line    0x00000000      0x5db ../avrlib/timer.o
 .debug_line    0x000005db      0x3cb keysta.o
 .debug_line    0x000009a6      0x3ea usbdrv/usbdrv.o
 .debug_line    0x00000d90       0x3e usbdrv/oddebug.o
 .debug_line    0x00000dce      0x1a6 keymap.o
 .debug_line    0x00000f74      0x7b3 ledrender.o
 .debug_line    0x00001727      0x114 sleep.o
 .debug_line    0x0000183b      0xef2 keymapper.o
 .debug_line    0x0000272d      0x13b ps2avru_util.o
 .debug_line    0x00002868      0x30e macrobuffer.o
 .debug_line    0x00002b76      0x4c7 keymatrix.o
 .debug_line    0x0000303d      0x8ef ps2main.o
 .debug_line    0x0000392c      0x69b usbmain.o
 .debug_line    0x00003fc7       0xe7 bootMapper.o
 .debug_line    0x000040ae       0x62 udelay.o
 .debug_line    0x00004110      0x483 keymain.o

.debug_frame    0x00000000      0xb30
 *(.debug_frame)
 .debug_frame   0x00000000      0x240 ../avrlib/timer.o
 .debug_frame   0x00000240       0x50 keysta.o
 .debug_frame   0x00000290       0x40 usbdrv/usbdrv.o
 .debug_frame   0x000002d0       0x60 keymap.o
 .debug_frame   0x00000330      0x170 ledrender.o
 .debug_frame   0x000004a0       0x50 sleep.o
 .debug_frame   0x000004f0      0x250 keymapper.o
 .debug_frame   0x00000740       0x60 ps2avru_util.o
 .debug_frame   0x000007a0       0xa0 macrobuffer.o
 .debug_frame   0x00000840       0x90 keymatrix.o
 .debug_frame   0x000008d0       0xe0 ps2main.o
 .debug_frame   0x000009b0       0xb0 usbmain.o
 .debug_frame   0x00000a60       0x40 bootMapper.o
 .debug_frame   0x00000aa0       0x20 udelay.o
 .debug_frame   0x00000ac0       0x70 keymain.o

.debug_str      0x00000000     0x228c
 *(.debug_str)
 .debug_str     0x00000000      0x37e ../avrlib/timer.o
                                0x3b7 (size before relaxing)
 .debug_str     0x0000037e      0x1c2 keysta.o
                                0x26d (size before relaxing)
 .debug_str     0x00000540      0x323 usbdrv/usbdrv.o
                                0x3f5 (size before relaxing)
 .debug_str     0x00000863       0x11 usbdrv/oddebug.o
                                 0x9a (size before relaxing)
 .debug_str     0x00000874      0x2dc keymap.o
                                0x3c6 (size before relaxing)
 .debug_str     0x00000b50      0x31b ledrender.o
                                0x3d7 (size before relaxing)
 .debug_str     0x00000e6b       0x35 sleep.o
                                 0xf0 (size before relaxing)
 .debug_str     0x00000ea0      0xdf1 keymapper.o
                                0xf0d (size before relaxing)
 .debug_str     0x00001c91       0x46 ps2avru_util.o
                                 0xe3 (size before relaxing)
 .debug_str     0x00001cd7       0xc3 macrobuffer.o
                                0x814 (size before relaxing)
 .debug_str     0x00001d9a      0x113 keymatrix.o
                                0x99a (size before relaxing)
 .debug_str     0x00001ead      0x1aa ps2main.o
                                0xaee (size before relaxing)
 .debug_str     0x00002057      0x16f usbmain.o
                                0xb62 (size before relaxing)
 .debug_str     0x000021c6       0x31 bootMapper.o
                                 0xfb (size before relaxing)
 .debug_str     0x000021f7       0x15 udelay.o
                                 0xd4 (size before relaxing)
 .debug_str     0x0000220c       0x80 keymain.o
                                0x832 (size before relaxing)

.debug_loc      0x00000000     0x1abd
 *(.debug_loc)
 .debug_loc     0x00000000      0x196 ../avrlib/timer.o
 .debug_loc     0x00000196       0x13 keysta.o
 .debug_loc     0x000001a9      0x38f usbdrv/usbdrv.o
 .debug_loc     0x00000538      0x11f keymap.o
 .debug_loc     0x00000657       0xb5 ledrender.o
 .debug_loc     0x0000070c      0x48f keymapper.o
 .debug_loc     0x00000b9b      0x16f ps2avru_util.o
 .debug_loc     0x00000d0a       0xb2 macrobuffer.o
 .debug_loc     0x00000dbc      0x216 keymatrix.o
 .debug_loc     0x00000fd2      0x58f ps2main.o
 .debug_loc     0x00001561      0x3ed usbmain.o
 .debug_loc     0x0000194e       0x3c bootMapper.o
 .debug_loc     0x0000198a       0x18 udelay.o
 .debug_loc     0x000019a2      0x11b keymain.o

.debug_macinfo
 *(.debug_macinfo)
OUTPUT(keymain.elf elf32-avr)
LOAD linker stubs

.debug_ranges   0x00000000       0xc8
 .debug_ranges  0x00000000       0x38 usbdrv/usbdrv.o
 .debug_ranges  0x00000038       0x18 ledrender.o
 .debug_ranges  0x00000050       0x30 ps2main.o
 .debug_ranges  0x00000080       0x48 keymain.o

Cross Reference Table

Symbol                                            File
INTERFACE                                         keymain.o
                                                  usbmain.o
                                                  ps2main.o
                                                  keymapper.o
                                                  ledrender.o
KFLA                                              ps2main.o
Timer0Reg0                                        ../avrlib/timer.o
Timer2Reg0                                        ../avrlib/timer.o
TimerPauseReg                                     ../avrlib/timer.o
TimerPrescaleFactor                               ../avrlib/timer.o
TimerRTCPrescaleFactor                            ../avrlib/timer.o
__bad_interrupt                                   c:/winavr-20100110/bin/../lib/gcc/avr/4.3.3/../../../../avr/lib/avr5/crtm32.o
__bss_end                                         c:/winavr-20100110/bin/../lib/gcc/avr/4.3.3/avr5\libgcc.a(_clear_bss.o)
__bss_start                                       c:/winavr-20100110/bin/../lib/gcc/avr/4.3.3/avr5\libgcc.a(_clear_bss.o)
__data_end                                        c:/winavr-20100110/bin/../lib/gcc/avr/4.3.3/avr5\libgcc.a(_copy_data.o)
__data_load_start                                 c:/winavr-20100110/bin/../lib/gcc/avr/4.3.3/avr5\libgcc.a(_copy_data.o)
__data_start                                      c:/winavr-20100110/bin/../lib/gcc/avr/4.3.3/avr5\libgcc.a(_copy_data.o)
__divmodhi4                                       c:/winavr-20100110/bin/../lib/gcc/avr/4.3.3/avr5\libgcc.a(_divmodhi4.o)
                                                  ps2main.o
                                                  macrobuffer.o
                                                  ledrender.o
__divmodsi4                                       c:/winavr-20100110/bin/../lib/gcc/avr/4.3.3/avr5\libgcc.a(_divmodsi4.o)
                                                  ps2main.o
__do_clear_bss                                    c:/winavr-20100110/bin/../lib/gcc/avr/4.3.3/avr5\libgcc.a(_clear_bss.o)
                                                  keymain.o
                                                  udelay.o
                                                  bootMapper.o
                                                  usbmain.o
                                                  ps2main.o
                                                  keymatrix.o
                                                  macrobuffer.o
                                                  keymapper.o
                                                  sleep.o
                                                  ledrender.o
                                                  keymap.o
                                                  usbdrv/usbdrv.o
                                                  keysta.o
                                                  ../avrlib/timer.o
__do_copy_data                                    c:/winavr-20100110/bin/../lib/gcc/avr/4.3.3/avr5\libgcc.a(_copy_data.o)
                                                  keymain.o
                                                  bootMapper.o
                                                  usbmain.o
                                                  ps2main.o
                                                  keymatrix.o
                                                  macrobuffer.o
                                                  keymapper.o
                                                  ledrender.o
                                                  keymap.o
                                                  usbdrv/usbdrv.o
__eerd_byte_m32                                   c:/winavr-20100110/bin/../lib/gcc/avr/4.3.3/../../../../avr/lib/avr5\libc.a(eerd_byte_atmega32.o)
                                                  keymain.o
                                                  keymapper.o
                                                  ledrender.o
__eewr_byte_m32                                   c:/winavr-20100110/bin/../lib/gcc/avr/4.3.3/../../../../avr/lib/avr5\libc.a(eewr_byte_atmega32.o)
                                                  keymain.o
                                                  keymapper.o
                                                  ledrender.o
__eewr_r18_m32                                    c:/winavr-20100110/bin/../lib/gcc/avr/4.3.3/../../../../avr/lib/avr5\libc.a(eewr_byte_atmega32.o)
__epilogue_restores__                             c:/winavr-20100110/bin/../lib/gcc/avr/4.3.3/avr5\libgcc.a(_epilogue.o)
                                                  c:/winavr-20100110/bin/../lib/gcc/avr/4.3.3/../../../../avr/lib/avr5\libc.a(vfprintf_std.o)
                                                  c:/winavr-20100110/bin/../lib/gcc/avr/4.3.3/../../../../avr/lib/avr5\libc.a(sprintf.o)
__heap_end                                        c:/winavr-20100110/bin/../lib/gcc/avr/4.3.3/../../../../avr/lib/avr5/crtm32.o
__init                                            c:/winavr-20100110/bin/../lib/gcc/avr/4.3.3/../../../../avr/lib/avr5/crtm32.o
__mulsi3                                          c:/winavr-20100110/bin/../lib/gcc/avr/4.3.3/avr5\libgcc.a(_mulsi3.o)
                                                  udelay.o
                                                  ps2main.o
                                                  ../avrlib/timer.o
__prologue_saves__                                c:/winavr-20100110/bin/../lib/gcc/avr/4.3.3/avr5\libgcc.a(_prologue.o)
                                                  c:/winavr-20100110/bin/../lib/gcc/avr/4.3.3/../../../../avr/lib/avr5\libc.a(vfprintf_std.o)
                                                  c:/winavr-20100110/bin/../lib/gcc/avr/4.3.3/../../../../avr/lib/avr5\libc.a(sprintf.o)
__stack                                           c:/winavr-20100110/bin/../lib/gcc/avr/4.3.3/../../../../avr/lib/avr5/crtm32.o
__udivmodhi4                                      c:/winavr-20100110/bin/../lib/gcc/avr/4.3.3/avr5\libgcc.a(_udivmodhi4.o)
                                                  c:/winavr-20100110/bin/../lib/gcc/avr/4.3.3/../../../../avr/lib/avr5\libc.a(itoa.o)
                                                  c:/winavr-20100110/bin/../lib/gcc/avr/4.3.3/avr5\libgcc.a(_divmodhi4.o)
                                                  udelay.o
__udivmodqi4                                      c:/winavr-20100110/bin/../lib/gcc/avr/4.3.3/avr5\libgcc.a(_udivmodqi4.o)
                                                  ps2main.o
__udivmodsi4                                      c:/winavr-20100110/bin/../lib/gcc/avr/4.3.3/avr5\libgcc.a(_udivmodsi4.o)
                                                  c:/winavr-20100110/bin/../lib/gcc/avr/4.3.3/avr5\libgcc.a(_divmodsi4.o)
                                                  ../avrlib/timer.o
__ultoa_invert                                    c:/winavr-20100110/bin/../lib/gcc/avr/4.3.3/../../../../avr/lib/avr5\libc.a(ultoa_invert.o)
                                                  c:/winavr-20100110/bin/../lib/gcc/avr/4.3.3/../../../../avr/lib/avr5\libc.a(vfprintf_std.o)
__vector_1                                        usbdrv/usbdrvasm.o
                                                  c:/winavr-20100110/bin/../lib/gcc/avr/4.3.3/../../../../avr/lib/avr5/crtm32.o
__vector_10                                       ../avrlib/timer.o
                                                  c:/winavr-20100110/bin/../lib/gcc/avr/4.3.3/../../../../avr/lib/avr5/crtm32.o
__vector_11                                       ../avrlib/timer.o
                                                  c:/winavr-20100110/bin/../lib/gcc/avr/4.3.3/../../../../avr/lib/avr5/crtm32.o
__vector_12                                       c:/winavr-20100110/bin/../lib/gcc/avr/4.3.3/../../../../avr/lib/avr5/crtm32.o
__vector_13                                       c:/winavr-20100110/bin/../lib/gcc/avr/4.3.3/../../../../avr/lib/avr5/crtm32.o
__vector_14                                       c:/winavr-20100110/bin/../lib/gcc/avr/4.3.3/../../../../avr/lib/avr5/crtm32.o
__vector_15                                       c:/winavr-20100110/bin/../lib/gcc/avr/4.3.3/../../../../avr/lib/avr5/crtm32.o
__vector_16                                       c:/winavr-20100110/bin/../lib/gcc/avr/4.3.3/../../../../avr/lib/avr5/crtm32.o
__vector_17                                       c:/winavr-20100110/bin/../lib/gcc/avr/4.3.3/../../../../avr/lib/avr5/crtm32.o
__vector_18                                       c:/winavr-20100110/bin/../lib/gcc/avr/4.3.3/../../../../avr/lib/avr5/crtm32.o
__vector_19                                       c:/winavr-20100110/bin/../lib/gcc/avr/4.3.3/../../../../avr/lib/avr5/crtm32.o
__vector_2                                        c:/winavr-20100110/bin/../lib/gcc/avr/4.3.3/../../../../avr/lib/avr5/crtm32.o
__vector_20                                       c:/winavr-20100110/bin/../lib/gcc/avr/4.3.3/../../../../avr/lib/avr5/crtm32.o
__vector_3                                        c:/winavr-20100110/bin/../lib/gcc/avr/4.3.3/../../../../avr/lib/avr5/crtm32.o
__vector_4                                        ../avrlib/timer.o
                                                  c:/winavr-20100110/bin/../lib/gcc/avr/4.3.3/../../../../avr/lib/avr5/crtm32.o
__vector_5                                        ../avrlib/timer.o
                                                  c:/winavr-20100110/bin/../lib/gcc/avr/4.3.3/../../../../avr/lib/avr5/crtm32.o
__vector_6                                        ../avrlib/timer.o
                                                  c:/winavr-20100110/bin/../lib/gcc/avr/4.3.3/../../../../avr/lib/avr5/crtm32.o
__vector_7                                        ../avrlib/timer.o
                                                  c:/winavr-20100110/bin/../lib/gcc/avr/4.3.3/../../../../avr/lib/avr5/crtm32.o
__vector_8                                        ../avrlib/timer.o
                                                  c:/winavr-20100110/bin/../lib/gcc/avr/4.3.3/../../../../avr/lib/avr5/crtm32.o
__vector_9                                        ../avrlib/timer.o
                                                  c:/winavr-20100110/bin/../lib/gcc/avr/4.3.3/../../../../avr/lib/avr5/crtm32.o
__vector_default                                  c:/winavr-20100110/bin/../lib/gcc/avr/4.3.3/../../../../avr/lib/avr5/crtm32.o
__vectors                                         c:/winavr-20100110/bin/../lib/gcc/avr/4.3.3/../../../../avr/lib/avr5/crtm32.o
_currentLayer                                     keymatrix.o
_delay_us_m                                       udelay.o
                                                  keymain.o
                                                  keymatrix.o
_div                                              c:/winavr-20100110/bin/../lib/gcc/avr/4.3.3/avr5\libgcc.a(_divmodhi4.o)
_exit                                             c:/winavr-20100110/bin/../lib/gcc/avr/4.3.3/avr5\libgcc.a(_exit.o)
_isMultimediaPressed                              usbmain.o
_isPressedEscapeKey                               keymapper.o
_isTiredEscapeKey                                 keymapper.o
_macroBufferIndex                                 keymapper.o
_macroIndex                                       keymapper.o
_macroInputBuffer                                 keymapper.o
_macroPressedBuffer                               keymapper.o
_newKeyMap                                        keymapper.o
_pressedBuffer                                    macrobuffer.o
                                                  usbmain.o
_pressedEscapeKeyCount                            keymapper.o
append                                            ps2avru_util.o
                                                  macrobuffer.o
                                                  keymapper.o
applyDualActionDown                               keymap.o
                                                  usbmain.o
                                                  ps2main.o
applyFN                                           keymatrix.o
                                                  usbmain.o
                                                  ps2main.o
applyKeyDownForFullLED                            ledrender.o
                                                  keymatrix.o
applyKeyMapping                                   keymapper.o
                                                  usbmain.o
                                                  ps2main.o
applyMacro                                        keymapper.o
                                                  usbmain.o
                                                  ps2main.o
changeFullLedState                                ledrender.o
                                                  keymatrix.o
charToKey                                         macrobuffer.o
                                                  keymapper.o
clear                                             ps2main.o
clearInterface                                    keymain.o
clearLEDInited                                    ledrender.o
                                                  keymain.o
clearMacro                                        keymapper.o
clearMacroAfter                                   keymapper.o
clearMacroPressedBuffer                           macrobuffer.o
                                                  keymapper.o
clearMatrix                                       keymatrix.o
                                                  ps2main.o
clearReportBuffer                                 usbmain.o
clearTimers                                       keymain.o
countKeyMappingEnabled                            keymapper.o
countSleep                                        sleep.o
                                                  usbmain.o
currentMatrix                                     keymatrix.o
delay_us                                          ../avrlib/timer.o
delete                                            ps2avru_util.o
                                                  macrobuffer.o
                                                  keymapper.o
doSleep                                           ledrender.o
dualActionKeyIndex                                keymap.o
dualActionMaskDown                                keymap.o
                                                  keymatrix.o
dualActionMaskUp                                  keymap.o
enterFrameForMapper                               keymapper.o
                                                  keymatrix.o
equalAll                                          ps2avru_util.o
escapeMacroKeycode                                keymapper.o
exit                                              c:/winavr-20100110/bin/../lib/gcc/avr/4.3.3/avr5\libgcc.a(_exit.o)
                                                  c:/winavr-20100110/bin/../lib/gcc/avr/4.3.3/../../../../avr/lib/avr5/crtm32.o
fadePWM                                           ledrender.o
findGhostKey                                      keymatrix.o
findIndex                                         ps2avru_util.o
                                                  usbmain.o
                                                  macrobuffer.o
                                                  keymapper.o
fputc                                             c:/winavr-20100110/bin/../lib/gcc/avr/4.3.3/../../../../avr/lib/avr5\libc.a(fputc.o)
                                                  c:/winavr-20100110/bin/../lib/gcc/avr/4.3.3/../../../../avr/lib/avr5\libc.a(vfprintf_std.o)
getCurrentKeycode                                 keymapper.o
                                                  usbmain.o
                                                  ps2main.o
                                                  keymatrix.o
getCurrentMatrix                                  keymatrix.o
                                                  keymain.o
                                                  usbmain.o
                                                  ps2main.o
getDualActionDownKeyIdex                          keymap.o
                                                  usbmain.o
                                                  ps2main.o
getKeyCode                                        keymap.o
                                                  keymain.o
                                                  keymapper.o
getLEDState                                       ledrender.o
                                                  keymatrix.o
getLayer                                          keymatrix.o
                                                  usbmain.o
                                                  ps2main.o
getLiveMatrix                                     keymatrix.o
                                                  keymain.o
ghostFilterMatrix                                 keymatrix.o
hasMacroPs2                                       ps2main.o
hasMacroUsb                                       usbmain.o
increaseLedBrightness                             ledrender.o
                                                  keymatrix.o
initFullLEDState                                  ledrender.o
                                                  usbmain.o
                                                  ps2main.o
initInterfacePs2                                  ps2main.o
initInterfaceUsb                                  usbmain.o
insert                                            ps2avru_util.o
interfaceCount                                    keymain.o
                                                  usbmain.o
                                                  ps2main.o
interfaceReady                                    keymain.o
                                                  usbmain.o
                                                  ps2main.o
isAllKeyRelease                                   keymatrix.o
                                                  keymapper.o
isBeyondFN                                        keymatrix.o
                                                  usbmain.o
                                                  ps2main.o
isBootMapper                                      bootMapper.o
                                                  usbmain.o
                                                  ps2main.o
                                                  keymapper.o
                                                  ledrender.o
isCanceledDualAction                              keymap.o
isDeepKeyMapping                                  keymapper.o
isEmpty                                           ps2main.o
isEmptyM                                          macrobuffer.o
                                                  usbmain.o
                                                  ps2main.o
                                                  keymapper.o
isKeyMapping                                      keymapper.o
                                                  usbmain.o
                                                  ps2main.o
isMacroKey                                        keymapper.o
isMacroProcessEnd                                 macrobuffer.o
                                                  keymapper.o
isReadyKeyMappingOnBoot                           keymapper.o
                                                  keymatrix.o
isSleep                                           sleep.o
                                                  ledrender.o
itoa                                              c:/winavr-20100110/bin/../lib/gcc/avr/4.3.3/../../../../avr/lib/avr5\libc.a(itoa.o)
                                                  macrobuffer.o
kbd_flags                                         ps2main.o
                                                  keysta.o
kbd_get_rx_char                                   keysta.o
                                                  ps2main.o
kbd_init                                          keysta.o
                                                  ps2main.o
kbd_set_tx                                        keysta.o
                                                  ps2main.o
kbd_state                                         keysta.o
keycode_USB_extend                                keymap.o
                                                  usbmain.o
keycode_USB_multimedia                            keymap.o
                                                  usbmain.o
keycode_set2                                      keymap.o
                                                  ps2main.o
keycode_set2_extend                               keymap.o
                                                  ps2main.o
keycode_set2_make_break                           keymap.o
                                                  ps2main.o
keycode_set2_makeonly                             keymap.o
                                                  ps2main.o
keycode_set2_proc_shift                           keymap.o
                                                  ps2main.o
keycode_set2_special                              keymap.o
                                                  ps2main.o
keymapAddress                                     keymap.o
keymap_init                                       ps2main.o
lastSent                                          ps2main.o
lastState                                         ps2main.o
loadCurrentLayer                                  keymapper.o
m_state                                           ps2main.o
main                                              keymain.o
                                                  c:/winavr-20100110/bin/../lib/gcc/avr/4.3.3/../../../../avr/lib/avr5/crtm32.o
makeReportBuffer                                  usbmain.o
memcpy                                            c:/winavr-20100110/bin/../lib/gcc/avr/4.3.3/../../../../avr/lib/avr5\libc.a(memcpy.o)
                                                  c:/winavr-20100110/bin/../lib/gcc/avr/4.3.3/../../../../avr/lib/avr5\libc.a(memmove.o)
                                                  usbmain.o
memmove                                           c:/winavr-20100110/bin/../lib/gcc/avr/4.3.3/../../../../avr/lib/avr5\libc.a(memmove.o)
                                                  ps2avru_util.o
modmask                                           keymatrix.o
                                                  usbmain.o
                                                  ps2main.o
pop                                               ps2main.o
popM                                              macrobuffer.o
popMWithKey                                       macrobuffer.o
                                                  usbmain.o
                                                  ps2main.o
prepareKeyMapper                                  keymapper.o
prepareKeyMapping                                 keymapper.o
prepareKeyMappingPs2                              ps2main.o
                                                  keymapper.o
prepareKeyMappingUsb                              usbmain.o
                                                  keymapper.o
prevMatrix                                        usbmain.o
                                                  ps2main.o
                                                  keymatrix.o
printMacroMessage                                 keymapper.o
printMapperMessageAfter                           keymapper.o
printPrepareString                                keymapper.o
printSelectMode                                   keymapper.o
printString                                       keymapper.o
                                                  bootMapper.o
ps2_main                                          ps2main.o
                                                  keymain.o
push                                              ps2main.o
pushKeyCode                                       ps2main.o
pushM                                             macrobuffer.o
                                                  keymapper.o
                                                  keymap.o
putKey                                            ps2main.o
putKeyCode                                        keymapper.o
                                                  usbmain.o
                                                  ps2main.o
pwmMAX                                            ledrender.o
pwmMIN                                            ledrender.o
pwmValue                                          ledrender.o
readMacro                                         keymapper.o
readyKeyMappingOnBoot                             keymapper.o
                                                  keymain.o
reduceLedBrightness                               ledrender.o
                                                  keymatrix.o
renderLED                                         ledrender.o
                                                  usbmain.o
                                                  ps2main.o
reportIndex                                       usbmain.o
resetCurrentLayer                                 keymapper.o
resetMacroInput                                   keymapper.o
saveCurrentLayer                                  keymapper.o
saveCurrentLayerAfter                             keymapper.o
saveMacro                                         keymapper.o
scanKeyPS2                                        ps2main.o
scanKeyUSB                                        usbmain.o
scanMacroUsb                                      usbmain.o
setCurrentMatrix                                  keymatrix.o
                                                  usbmain.o
                                                  ps2main.o
setDualAction                                     keymap.o
                                                  keymatrix.o
setLEDIndicate                                    ledrender.o
                                                  usbmain.o
                                                  ps2main.o
setLEDState                                       ledrender.o
                                                  usbmain.o
                                                  ps2main.o
setMacroProcessEnd                                macrobuffer.o
                                                  usbmain.o
                                                  ps2main.o
setPWM                                            ledrender.o
setToBootMapper                                   bootMapper.o
                                                  keymain.o
                                                  keymapper.o
setUsbOff                                         keymain.o
setUsbOn                                          keymain.o
setWillStartKeyMapping                            keymapper.o
sleep                                             sleep.o
sleepLED                                          ledrender.o
                                                  sleep.o
sprintf                                           c:/winavr-20100110/bin/../lib/gcc/avr/4.3.3/../../../../avr/lib/avr5\libc.a(sprintf.o)
                                                  keymapper.o
startKeyMapping                                   keymapper.o
                                                  keymatrix.o
startKeyMappingOnBoot                             keymapper.o
                                                  usbmain.o
                                                  ps2main.o
startTimer                                        ledrender.o
stopKeyMapping                                    keymapper.o
stopTimer                                         ledrender.o
str_back_6                                        keymapper.o
str_boot_mapper                                   keymapper.o
str_cancel_mapping                                keymapper.o
str_choose_key                                    keymapper.o
str_choose_layer                                  keymapper.o
str_clear_all_macro                               keymapper.o
str_col_row                                       keymapper.o
str_exit                                          keymapper.o
str_exit_macro                                    keymapper.o
str_input_command                                 keymapper.o
str_input_keycode                                 keymapper.o
str_input_macro                                   keymapper.o
str_invalid_keycode                               keymapper.o
str_invalid_macro_number                          keymapper.o
str_load_layer                                    keymapper.o
str_macro_1                                       keymapper.o
str_macro_2                                       keymapper.o
str_macro_9                                       keymapper.o
str_macro_message                                 keymapper.o
str_mapper_1                                      keymapper.o
str_mapper_2                                      keymapper.o
str_mapper_3                                      keymapper.o
str_mapper_4                                      keymapper.o
str_mapper_9                                      keymapper.o
str_mapper_message                                keymapper.o
str_nothing                                       keymapper.o
str_prepare_message                               keymapper.o
str_reset_mapping                                 keymapper.o
str_save_end_mapping                              keymapper.o
str_save_layer                                    keymapper.o
str_saving                                        keymapper.o
str_select_mode                                   keymapper.o
str_select_mode1                                  keymapper.o
str_select_mode2                                  keymapper.o
str_select_mode3                                  keymapper.o
str_select_mode4                                  keymapper.o
str_select_number                                 keymapper.o
strnlen                                           c:/winavr-20100110/bin/../lib/gcc/avr/4.3.3/../../../../avr/lib/avr5\libc.a(strnlen.o)
                                                  c:/winavr-20100110/bin/../lib/gcc/avr/4.3.3/../../../../avr/lib/avr5\libc.a(vfprintf_std.o)
strnlen_P                                         c:/winavr-20100110/bin/../lib/gcc/avr/4.3.3/../../../../avr/lib/avr5\libc.a(strnlen_P.o)
                                                  c:/winavr-20100110/bin/../lib/gcc/avr/4.3.3/../../../../avr/lib/avr5\libc.a(vfprintf_std.o)
strrev                                            c:/winavr-20100110/bin/../lib/gcc/avr/4.3.3/../../../../avr/lib/avr5\libc.a(strrev.o)
                                                  c:/winavr-20100110/bin/../lib/gcc/avr/4.3.3/../../../../avr/lib/avr5\libc.a(itoa.o)
timer0ClearOverflowCount                          ../avrlib/timer.o
timer0GetOverflowCount                            ../avrlib/timer.o
timer0GetPrescaler                                ../avrlib/timer.o
timer0Init                                        ../avrlib/timer.o
timer0SetPrescaler                                ../avrlib/timer.o
timer1GetPrescaler                                ../avrlib/timer.o
timer1Init                                        ../avrlib/timer.o
timer1PWMAOff                                     ../avrlib/timer.o
timer1PWMAOn                                      ../avrlib/timer.o
timer1PWMASet                                     ../avrlib/timer.o
timer1PWMBOff                                     ../avrlib/timer.o
timer1PWMBOn                                      ../avrlib/timer.o
timer1PWMBSet                                     ../avrlib/timer.o
timer1PWMInit                                     ../avrlib/timer.o
timer1PWMInitICR                                  ../avrlib/timer.o
timer1PWMOff                                      ../avrlib/timer.o
timer1SetPrescaler                                ../avrlib/timer.o
timer2ClearOverflowCount                          ../avrlib/timer.o
timer2GetOverflowCount                            ../avrlib/timer.o
timer2GetPrescaler                                ../avrlib/timer.o
timer2Init                                        ../avrlib/timer.o
                                                  keysta.o
timer2SetPrescaler                                ../avrlib/timer.o
                                                  keysta.o
timerAttach                                       ../avrlib/timer.o
                                                  ledrender.o
                                                  keysta.o
timerDetach                                       ../avrlib/timer.o
                                                  keymain.o
timerInit                                         ../avrlib/timer.o
timerPause                                        ../avrlib/timer.o
timerProcessCompareA                              ledrender.o
timerProcessCompareB                              ledrender.o
toString                                          macrobuffer.o
                                                  bootMapper.o
                                                  keymapper.o
trace                                             bootMapper.o
                                                  usbmain.o
                                                  ps2main.o
txScanCode                                        ps2main.o
tx_state                                          ps2main.o
usbConfiguration                                  usbdrv/usbdrv.o
usbCrc16                                          usbdrv/usbdrvasm.o
usbCrc16Append                                    usbdrv/usbdrvasm.o
                                                  usbdrv/usbdrv.o
usbCurrentTok                                     usbdrv/usbdrv.o
                                                  usbdrv/usbdrvasm.o
usbDescriptorConfiguration                        usbdrv/usbdrv.o
usbDescriptorDevice                               usbdrv/usbdrv.o
usbDescriptorHidReport                            usbmain.o
                                                  usbdrv/usbdrv.o
usbDescriptorString0                              usbdrv/usbdrv.o
usbDescriptorStringDevice                         usbdrv/usbdrv.o
usbDescriptorStringVendor                         usbdrv/usbdrv.o
usbDeviceAddr                                     usbdrv/usbdrv.o
                                                  usbdrv/usbdrvasm.o
usbFunctionSetup                                  usbmain.o
                                                  usbdrv/usbdrv.o
usbFunctionWrite                                  usbmain.o
                                                  usbdrv/usbdrv.o
usbInit                                           usbdrv/usbdrv.o
                                                  usbmain.o
usbInputBufOffset                                 usbdrv/usbdrv.o
                                                  usbdrv/usbdrvasm.o
usbMsgPtr                                         usbmain.o
                                                  usbdrv/usbdrv.o
usbNewDeviceAddr                                  usbdrv/usbdrv.o
                                                  usbdrv/usbdrvasm.o
usbPoll                                           usbdrv/usbdrv.o
                                                  usbmain.o
usbRxBuf                                          usbdrv/usbdrv.o
                                                  usbdrv/usbdrvasm.o
usbRxLen                                          usbdrv/usbdrv.o
                                                  usbdrv/usbdrvasm.o
usbRxToken                                        usbdrv/usbdrv.o
                                                  usbdrv/usbdrvasm.o
usbSetInterrupt                                   usbdrv/usbdrv.o
                                                  usbmain.o
usbTxBuf                                          usbdrv/usbdrv.o
                                                  usbdrv/usbdrvasm.o
usbTxLen                                          usbdrv/usbdrv.o
                                                  usbdrv/usbdrvasm.o
usbTxStatus1                                      usbmain.o
                                                  usbdrv/usbdrv.o
                                                  usbdrv/usbdrvasm.o
usb_main                                          usbmain.o
                                                  keymain.o
vfprintf                                          c:/winavr-20100110/bin/../lib/gcc/avr/4.3.3/../../../../avr/lib/avr5\libc.a(vfprintf_std.o)
                                                  c:/winavr-20100110/bin/../lib/gcc/avr/4.3.3/../../../../avr/lib/avr5\libc.a(sprintf.o)
wakeUp                                            sleep.o
                                                  usbmain.o
wakeUpLED                                         ledrender.o
                                                  sleep.o
