Archive member included because of file (symbol)

c:/winavr-20100110/bin/../lib/gcc/avr/4.3.3/avr5\libgcc.a(_mulsi3.o)
                              ../avrlib/timer.o (__mulsi3)
c:/winavr-20100110/bin/../lib/gcc/avr/4.3.3/avr5\libgcc.a(_udivmodqi4.o)
                              ps2main.o (__udivmodqi4)
c:/winavr-20100110/bin/../lib/gcc/avr/4.3.3/avr5\libgcc.a(_udivmodhi4.o)
                              udelay.o (__udivmodhi4)
c:/winavr-20100110/bin/../lib/gcc/avr/4.3.3/avr5\libgcc.a(_divmodhi4.o)
                              ledrender.o (__divmodhi4)
c:/winavr-20100110/bin/../lib/gcc/avr/4.3.3/avr5\libgcc.a(_udivmodsi4.o)
                              ../avrlib/timer.o (__udivmodsi4)
c:/winavr-20100110/bin/../lib/gcc/avr/4.3.3/avr5\libgcc.a(_divmodsi4.o)
                              ps2main.o (__divmodsi4)
c:/winavr-20100110/bin/../lib/gcc/avr/4.3.3/avr5\libgcc.a(_exit.o)
                              c:/winavr-20100110/bin/../lib/gcc/avr/4.3.3/../../../../avr/lib/avr5/crtm32.o (exit)
c:/winavr-20100110/bin/../lib/gcc/avr/4.3.3/avr5\libgcc.a(_copy_data.o)
                              usbdrv/usbdrv.o (__do_copy_data)
c:/winavr-20100110/bin/../lib/gcc/avr/4.3.3/avr5\libgcc.a(_clear_bss.o)
                              ../avrlib/timer.o (__do_clear_bss)
c:/winavr-20100110/bin/../lib/gcc/avr/4.3.3/../../../../avr/lib/avr5\libc.a(memcpy.o)
                              usbmain.o (memcpy)
c:/winavr-20100110/bin/../lib/gcc/avr/4.3.3/../../../../avr/lib/avr5\libc.a(memmove.o)
                              ps2avru_util.o (memmove)
c:/winavr-20100110/bin/../lib/gcc/avr/4.3.3/../../../../avr/lib/avr5\libc.a(itoa.o)
                              macrobuffer.o (itoa)
c:/winavr-20100110/bin/../lib/gcc/avr/4.3.3/../../../../avr/lib/avr5\libc.a(iob.o)
                              keymain.o (__iob)
c:/winavr-20100110/bin/../lib/gcc/avr/4.3.3/../../../../avr/lib/avr5\libc.a(printf.o)
                              keymapper.o (printf)
c:/winavr-20100110/bin/../lib/gcc/avr/4.3.3/../../../../avr/lib/avr5\libc.a(puts.o)
                              ledrender.o (puts)
c:/winavr-20100110/bin/../lib/gcc/avr/4.3.3/../../../../avr/lib/avr5\libc.a(sprintf.o)
                              keymapper.o (sprintf)
c:/winavr-20100110/bin/../lib/gcc/avr/4.3.3/../../../../avr/lib/avr5\libc.a(vfprintf_std.o)
                              c:/winavr-20100110/bin/../lib/gcc/avr/4.3.3/../../../../avr/lib/avr5\libc.a(printf.o) (vfprintf)
c:/winavr-20100110/bin/../lib/gcc/avr/4.3.3/../../../../avr/lib/avr5\libc.a(eerd_byte_atmega32.o)
                              ledrender.o (__eerd_byte_m32)
c:/winavr-20100110/bin/../lib/gcc/avr/4.3.3/../../../../avr/lib/avr5\libc.a(eewr_byte_atmega32.o)
                              ledrender.o (__eewr_byte_m32)
c:/winavr-20100110/bin/../lib/gcc/avr/4.3.3/../../../../avr/lib/avr5\libc.a(strnlen_P.o)
                              c:/winavr-20100110/bin/../lib/gcc/avr/4.3.3/../../../../avr/lib/avr5\libc.a(vfprintf_std.o) (strnlen_P)
c:/winavr-20100110/bin/../lib/gcc/avr/4.3.3/../../../../avr/lib/avr5\libc.a(strnlen.o)
                              c:/winavr-20100110/bin/../lib/gcc/avr/4.3.3/../../../../avr/lib/avr5\libc.a(vfprintf_std.o) (strnlen)
c:/winavr-20100110/bin/../lib/gcc/avr/4.3.3/../../../../avr/lib/avr5\libc.a(strrev.o)
                              c:/winavr-20100110/bin/../lib/gcc/avr/4.3.3/../../../../avr/lib/avr5\libc.a(itoa.o) (strrev)
c:/winavr-20100110/bin/../lib/gcc/avr/4.3.3/../../../../avr/lib/avr5\libc.a(fputc.o)
                              c:/winavr-20100110/bin/../lib/gcc/avr/4.3.3/../../../../avr/lib/avr5\libc.a(vfprintf_std.o) (fputc)
c:/winavr-20100110/bin/../lib/gcc/avr/4.3.3/../../../../avr/lib/avr5\libc.a(ultoa_invert.o)
                              c:/winavr-20100110/bin/../lib/gcc/avr/4.3.3/../../../../avr/lib/avr5\libc.a(vfprintf_std.o) (__ultoa_invert)
c:/winavr-20100110/bin/../lib/gcc/avr/4.3.3/avr5\libgcc.a(_prologue.o)
                              c:/winavr-20100110/bin/../lib/gcc/avr/4.3.3/../../../../avr/lib/avr5\libc.a(printf.o) (__prologue_saves__)
c:/winavr-20100110/bin/../lib/gcc/avr/4.3.3/avr5\libgcc.a(_epilogue.o)
                              c:/winavr-20100110/bin/../lib/gcc/avr/4.3.3/../../../../avr/lib/avr5\libc.a(printf.o) (__epilogue_restores__)

Allocating common symbols
Common symbol       size              file

usbTxBuf            0xb               usbdrv/usbdrv.o
usbTxStatus1        0xc               usbdrv/usbdrv.o
_macroIndex         0x1               keymapper.o
Timer0Reg0          0x4               ../avrlib/timer.o
TimerPauseReg       0x4               ../avrlib/timer.o
_macroPressedBuffer
                    0x18              keymapper.o
lastState           0x1               ps2main.o
prevMatrix          0x11              keymatrix.o
Timer2Reg0          0x4               ../avrlib/timer.o
usbDeviceAddr       0x1               usbdrv/usbdrv.o
usbRxToken          0x1               usbdrv/usbdrv.o
usbInputBufOffset   0x1               usbdrv/usbdrv.o
KFLA                0xb0              ps2main.o
reportIndex         0x1               usbmain.o
lastSent            0x1               ps2main.o
m_state             0x1               ps2main.o
usbMsgPtr           0x2               usbdrv/usbdrv.o
_newKeyMap          0x88              keymapper.o
usbRxLen            0x1               usbdrv/usbdrv.o
kbd_state           0x1               keysta.o
usbNewDeviceAddr    0x1               usbdrv/usbdrv.o
_macroInputBuffer   0x30              keymapper.o
usbCurrentTok       0x1               usbdrv/usbdrv.o
kbd_flags           0x1               keysta.o
usbConfiguration    0x1               usbdrv/usbdrv.o
usbRxBuf            0x16              usbdrv/usbdrv.o
__iob               0x6               c:/winavr-20100110/bin/../lib/gcc/avr/4.3.3/../../../../avr/lib/avr5\libc.a(iob.o)
currentMatrix       0x11              keymatrix.o
_macroBufferIndex   0x1               keymapper.o

Memory Configuration

Name             Origin             Length             Attributes
text             0x00000000         0x00020000         xr
data             0x00800060         0x0000ffa0         rw !x
eeprom           0x00810000         0x00010000         rw !x
fuse             0x00820000         0x00000400         rw !x
lock             0x00830000         0x00000400         rw !x
signature        0x00840000         0x00000400         rw !x
*default*        0x00000000         0xffffffff

Linker script and memory map

LOAD c:/winavr-20100110/bin/../lib/gcc/avr/4.3.3/../../../../avr/lib/avr5/crtm32.o
LOAD usbdrv/usbdrvasm.o
LOAD ../avrlib/timer.o
LOAD keysta.o
LOAD usbdrv/usbdrv.o
LOAD usbdrv/oddebug.o
LOAD keymap.o
LOAD ledrender.o
LOAD sleep.o
LOAD keymapper.o
LOAD ps2avru_util.o
LOAD macrobuffer.o
LOAD keymatrix.o
LOAD ps2main.o
LOAD usbmain.o
LOAD bootMapper.o
LOAD udelay.o
LOAD keymain.o
LOAD c:/winavr-20100110/bin/../lib/gcc/avr/4.3.3/avr5\libgcc.a
LOAD c:/winavr-20100110/bin/../lib/gcc/avr/4.3.3/../../../../avr/lib/avr5\libc.a
LOAD c:/winavr-20100110/bin/../lib/gcc/avr/4.3.3/avr5\libgcc.a

.hash
 *(.hash)

.dynsym
 *(.dynsym)

.dynstr
 *(.dynstr)

.gnu.version
 *(.gnu.version)

.gnu.version_d
 *(.gnu.version_d)

.gnu.version_r
 *(.gnu.version_r)

.rel.init
 *(.rel.init)

.rela.init
 *(.rela.init)

.rel.text
 *(.rel.text)
 *(.rel.text.*)
 *(.rel.gnu.linkonce.t*)

.rela.text
 *(.rela.text)
 *(.rela.text.*)
 *(.rela.gnu.linkonce.t*)

.rel.fini
 *(.rel.fini)

.rela.fini
 *(.rela.fini)

.rel.rodata
 *(.rel.rodata)
 *(.rel.rodata.*)
 *(.rel.gnu.linkonce.r*)

.rela.rodata
 *(.rela.rodata)
 *(.rela.rodata.*)
 *(.rela.gnu.linkonce.r*)

.rel.data
 *(.rel.data)
 *(.rel.data.*)
 *(.rel.gnu.linkonce.d*)

.rela.data
 *(.rela.data)
 *(.rela.data.*)
 *(.rela.gnu.linkonce.d*)

.rel.ctors
 *(.rel.ctors)

.rela.ctors
 *(.rela.ctors)

.rel.dtors
 *(.rel.dtors)

.rela.dtors
 *(.rela.dtors)

.rel.got
 *(.rel.got)

.rela.got
 *(.rela.got)

.rel.bss
 *(.rel.bss)

.rela.bss
 *(.rela.bss)

.rel.plt
 *(.rel.plt)

.rela.plt
 *(.rela.plt)

.text           0x00000000     0x4f56
 *(.vectors)
 .vectors       0x00000000       0x54 c:/winavr-20100110/bin/../lib/gcc/avr/4.3.3/../../../../avr/lib/avr5/crtm32.o
                0x00000000                __vectors
                0x00000000                __vector_default
 *(.vectors)
 *(.progmem.gcc*)
 .progmem.gcc_sw_table
                0x00000054       0xbe macrobuffer.o
 *(.progmem*)
 .progmem.data  0x00000112       0x1c ../avrlib/timer.o
                0x0000011e                TimerRTCPrescaleFactor
                0x00000112                TimerPrescaleFactor
 .progmem.data  0x0000012e       0x64 usbdrv/usbdrv.o
                0x0000015e                usbDescriptorDevice
                0x0000012e                usbDescriptorString0
                0x00000170                usbDescriptorConfiguration
                0x00000132                usbDescriptorStringVendor
                0x0000014e                usbDescriptorStringDevice
 .progmem.data  0x00000192      0x171 keymap.o
                0x00000242                keycode_USB_multimedia
                0x000002c6                keycode_set2_extend
                0x00000276                keycode_USB_extend
                0x00000192                keycode_set2
                0x000002ba                keycode_set2_special
                0x000002c1                keycode_set2_make_break
                0x000002bd                keycode_set2_makeonly
                0x000002f4                keycode_set2_proc_shift
 .progmem.data  0x00000303      0x2fc keymapper.o
                0x00000501                str_save_layer
                0x000004e2                str_input_command
                0x0000040c                str_prepare_message
                0x00000588                str_exit_macro
                0x00000487                str_save_end_mapping
                0x000003c3                str_mapper_3
                0x00000357                str_macro_message
                0x000003d3                str_mapper_4
                0x00000397                str_mapper_1
                0x0000032c                str_select_mode4
                0x000004f9                str_nothing
                0x000004c3                str_reset_mapping
                0x00000531                str_col_row
                0x000005da                str_invalid_macro_number
                0x00000385                str_back_6
                0x000003e9                str_mapper_9
                0x00000372                str_macro_2
                0x000003a6                str_mapper_2
                0x00000446                str_choose_key
                0x00000414                str_choose_layer
                0x000005a3                str_input_macro
                0x0000030f                str_select_mode1
                0x00000379                str_macro_9
                0x0000053d                str_invalid_keycode
                0x0000055b                str_select_number
                0x0000035d                str_macro_1
                0x00000527                str_saving
                0x00000325                str_select_mode3
                0x0000033a                str_exit
                0x00000465                str_input_keycode
                0x00000303                str_select_mode
                0x000005f6                str_clear_all_macro
                0x0000049f                str_cancel_mapping
                0x00000514                str_load_layer
                0x0000031d                str_select_mode2
                0x0000038c                str_mapper_message
                0x00000344                str_boot_mapper
 .progmem.data  0x000005ff       0x55 usbmain.o
                0x000005ff                usbDescriptorHidReport
                0x00000654                . = ALIGN (0x2)
                0x00000654                __trampolines_start = .
 *(.trampolines)
 .trampolines   0x00000654        0x0 linker stubs
 *(.trampolines*)
                0x00000654                __trampolines_end = .
 *(.jumptables)
 *(.jumptables*)
 *(.lowtext)
 *(.lowtext*)
                0x00000654                __ctors_start = .
 *(.ctors)
                0x00000654                __ctors_end = .
                0x00000654                __dtors_start = .
 *(.dtors)
                0x00000654                __dtors_end = .
 SORT(*)(.ctors)
 SORT(*)(.dtors)
 *(.init0)
 .init0         0x00000654        0x0 c:/winavr-20100110/bin/../lib/gcc/avr/4.3.3/../../../../avr/lib/avr5/crtm32.o
                0x00000654                __init
 *(.init0)
 *(.init1)
 *(.init1)
 *(.init2)
 .init2         0x00000654        0xc c:/winavr-20100110/bin/../lib/gcc/avr/4.3.3/../../../../avr/lib/avr5/crtm32.o
 *(.init2)
 *(.init3)
 *(.init3)
 *(.init4)
 .init4         0x00000660       0x16 c:/winavr-20100110/bin/../lib/gcc/avr/4.3.3/avr5\libgcc.a(_copy_data.o)
                0x00000660                __do_copy_data
 .init4         0x00000676       0x10 c:/winavr-20100110/bin/../lib/gcc/avr/4.3.3/avr5\libgcc.a(_clear_bss.o)
                0x00000676                __do_clear_bss
 *(.init4)
 *(.init5)
 *(.init5)
 *(.init6)
 *(.init6)
 *(.init7)
 *(.init7)
 *(.init8)
 *(.init8)
 *(.init9)
 .init9         0x00000686        0x8 c:/winavr-20100110/bin/../lib/gcc/avr/4.3.3/../../../../avr/lib/avr5/crtm32.o
 *(.init9)
 *(.text)
 .text          0x0000068e        0x4 c:/winavr-20100110/bin/../lib/gcc/avr/4.3.3/../../../../avr/lib/avr5/crtm32.o
                0x0000068e                __vector_12
                0x0000068e                __bad_interrupt
                0x0000068e                __vector_3
                0x0000068e                __vector_13
                0x0000068e                __vector_17
                0x0000068e                __vector_19
                0x0000068e                __vector_2
                0x0000068e                __vector_15
                0x0000068e                __vector_14
                0x0000068e                __vector_16
                0x0000068e                __vector_18
                0x0000068e                __vector_20
 .text          0x00000692      0x2a6 usbdrv/usbdrvasm.o
                0x000006c4                __vector_1
                0x00000692                usbCrc16
                0x000006bc                usbCrc16Append
 .text          0x00000938      0x682 ../avrlib/timer.o
                0x00000ba2                timer2GetOverflowCount
                0x00000a3e                timerDetach
                0x000009c6                timer1SetPrescaler
                0x00000c5e                timer1PWMBOff
                0x00000a0e                timer2GetPrescaler
                0x00000f06                __vector_6
                0x0000093a                timer0Init
                0x00000c50                timer1PWMAOff
                0x00000c72                timer1PWMBSet
                0x00000c78                __vector_11
                0x00000be8                timer1PWMInitICR
                0x000009da                timer0GetPrescaler
                0x00000e52                __vector_7
                0x00000b7a                timer0GetOverflowCount
                0x00000d78                __vector_5
                0x00000992                timerInit
                0x000009d0                timer2SetPrescaler
                0x00000c34                timer1PWMAOn
                0x000009bc                timer0SetPrescaler
                0x00000938                delay_us
                0x00000f60                __vector_4
                0x00000b68                timer0ClearOverflowCount
                0x00000d1e                __vector_9
                0x0000095c                timer1Init
                0x00000bb8                timer1PWMInit
                0x00000c42                timer1PWMBOn
                0x00000970                timer2Init
                0x00000eac                __vector_8
                0x00000c6c                timer1PWMASet
                0x00000a28                timerAttach
                0x00000c0e                timer1PWMOff
                0x00000df8                __vector_10
                0x000009f4                timer1GetPrescaler
                0x00000b90                timer2ClearOverflowCount
                0x00000a54                timerPause
 .text          0x00000fba      0x27a keysta.o
                0x00000fd8                kbd_get_rx_char
                0x00001208                kbd_init
                0x00000fba                kbd_set_tx
 .text          0x00001234      0x2b4 usbdrv/usbdrv.o
                0x0000124e                usbPoll
                0x000014a2                usbSetInterrupt
                0x00001234                usbInit
 .text          0x000014e8        0x0 usbdrv/oddebug.o
 .text          0x000014e8      0x152 keymap.o
                0x00001536                setDualAction
                0x000015dc                applyDualActionDown
                0x0000150a                getKeyCode
                0x000014e8                isCanceledDualAction
                0x000014ee                getDualActionDownKeyIdex
 .text          0x0000163a      0x732 ledrender.o
                0x00001654                startTimer
                0x00001abc                doSleep
                0x00001a80                sleepLED
                0x00001786                increaseLedBrightness
                0x00001754                reduceLedBrightness
                0x0000165c                timerProcessCompareB
                0x00001640                getLEDState
                0x00001a7a                fadePWM
                0x00001646                clearLEDInited
                0x000017ba                setLEDIndicate
                0x0000172e                changeFullLedState
                0x0000166c                timerProcessCompareA
                0x00001ab2                wakeUpLED
                0x0000181c                applyKeyDownForFullLED
                0x0000164c                stopTimer
                0x00001670                setPWM
                0x00001b18                renderLED
                0x00001c90                initFullLEDState
                0x0000163a                setLEDState
 .text          0x00001d6c       0x8a sleep.o
                0x00001d72                sleep
                0x00001dd4                wakeUp
                0x00001d86                countSleep
                0x00001d6c                isSleep
 .text          0x00001df6      0xf1e keymapper.o
                0x00002b14                prepareKeyMapper
                0x00001e18                readyKeyMappingOnBoot
                0x0000207e                printMacroMessage
                0x00002b8e                applyMacro
                0x000020c6                printString
                0x00001e2a                isMacroKey
                0x00002312                saveMacro
                0x0000229c                printSelectMode
                0x00001e64                applyKeyMapping
                0x00002034                saveCurrentLayer
                0x00002a46                saveCurrentLayerAfter
                0x00002cf4                startKeyMappingOnBoot
                0x0000225c                printMapperMessageAfter
                0x00002b38                getCurrentKeycode
                0x00001e20                stopKeyMapping
                0x00001fca                resetCurrentLayer
                0x00001e12                isReadyKeyMappingOnBoot
                0x00001e0a                isDeepKeyMapping
                0x0000235a                readMacro
                0x00002c4c                enterFrameForMapper
                0x00002016                clearMacro
                0x00002070                printPrepareString
                0x00001e38                escapeMacroKeycode
                0x00001df6                setWillStartKeyMapping
                0x00001e46                isMacroInput
                0x00002bbe                startKeyMapping
                0x00001e02                isKeyMapping
                0x00001ee0                resetMacroInput
                0x00002be2                prepareKeyMapping
                0x0000242a                putKeyCode
                0x000023a2                loadCurrentLayer
                0x000022e8                clearMacroAfter
                0x00002c12                countKeyMappingEnabled
 .text          0x00002d14       0xc8 ps2avru_util.o
                0x00002d60                delete
                0x00002d34                equalAll
                0x00002d14                findIndex
                0x00002dc4                append
                0x00002d88                insert
 .text          0x00002ddc      0x25e macrobuffer.o
                0x00002e5e                isEmptyM
                0x00002fde                popMWithKey
                0x00002ddc                pushM
                0x00002eac                setMacroProcessEnd
                0x00002fb8                clearMacroPressedBuffer
                0x00002f9c                toString
                0x00002eb2                charToKey
                0x00002e26                popM
                0x00002e7c                isMacroProcessEnd
 .text          0x0000303a      0x396 keymatrix.o
                0x00003330                applyFN
                0x000031b4                getLayer
                0x0000305e                isAllKeyRelease
                0x0000308a                getLiveMatrix
                0x00003084                getCurrentMatrix
                0x0000303a                clearMatrix
                0x00003196                setCurrentMatrix
 .text          0x000033d0      0xa04 ps2main.o
                0x00003752                putKey
                0x000039a8                tx_state
                0x00003738                prepareKeyMappingPs2
                0x000035c4                pushKeyCode
                0x000034ae                clear
                0x000037ac                scanKeyPS2
                0x000034e6                keymap_init
                0x00003458                pop
                0x000035a4                hasMacroPs2
                0x000039c0                ps2_main
                0x00003490                isEmpty
                0x000033d0                push
                0x000035b4                initInterfacePs2
 .text          0x00003dd4      0x606 usbmain.o
                0x000041ee                usb_main
                0x00003df0                clearReportBuffer
                0x00003e06                prepareKeyMappingUsb
                0x00003dd4                hasMacroUsb
                0x00004330                usbFunctionSetup
                0x00004320                initInterfaceUsb
                0x00003e16                makeReportBuffer
                0x00003ffc                scanKeyUSB
                0x00003eaa                scanMacroUsb
                0x000043b4                usbFunctionWrite
 .text          0x000043da       0x48 bootMapper.o
                0x000043e8                trace
                0x000043da                setToBootMapper
                0x000043e2                isBootMapper
 .text          0x00004422       0x38 udelay.o
                0x00004422                _delay_us_m
 .text          0x0000445a      0x2d4 keymain.o
                0x0000447c                setUsbOff
                0x00004512                main
                0x00004476                setUsbOn
                0x00004482                clearTimers
                0x000044fe                clearInterface
 .text          0x0000472e        0x0 c:/winavr-20100110/bin/../lib/gcc/avr/4.3.3/avr5\libgcc.a(_mulsi3.o)
 .text          0x0000472e        0x0 c:/winavr-20100110/bin/../lib/gcc/avr/4.3.3/avr5\libgcc.a(_udivmodqi4.o)
 .text          0x0000472e        0x0 c:/winavr-20100110/bin/../lib/gcc/avr/4.3.3/avr5\libgcc.a(_udivmodhi4.o)
 .text          0x0000472e        0x0 c:/winavr-20100110/bin/../lib/gcc/avr/4.3.3/avr5\libgcc.a(_divmodhi4.o)
 .text          0x0000472e        0x0 c:/winavr-20100110/bin/../lib/gcc/avr/4.3.3/avr5\libgcc.a(_udivmodsi4.o)
 .text          0x0000472e        0x0 c:/winavr-20100110/bin/../lib/gcc/avr/4.3.3/avr5\libgcc.a(_divmodsi4.o)
 .text          0x0000472e        0x0 c:/winavr-20100110/bin/../lib/gcc/avr/4.3.3/avr5\libgcc.a(_exit.o)
 .text          0x0000472e        0x0 c:/winavr-20100110/bin/../lib/gcc/avr/4.3.3/avr5\libgcc.a(_copy_data.o)
 .text          0x0000472e        0x0 c:/winavr-20100110/bin/../lib/gcc/avr/4.3.3/avr5\libgcc.a(_clear_bss.o)
 .text          0x0000472e        0x0 c:/winavr-20100110/bin/../lib/gcc/avr/4.3.3/../../../../avr/lib/avr5\libc.a(memcpy.o)
 .text          0x0000472e        0x0 c:/winavr-20100110/bin/../lib/gcc/avr/4.3.3/../../../../avr/lib/avr5\libc.a(memmove.o)
 .text          0x0000472e        0x0 c:/winavr-20100110/bin/../lib/gcc/avr/4.3.3/../../../../avr/lib/avr5\libc.a(itoa.o)
 .text          0x0000472e        0x0 c:/winavr-20100110/bin/../lib/gcc/avr/4.3.3/../../../../avr/lib/avr5\libc.a(iob.o)
 .text          0x0000472e        0x0 c:/winavr-20100110/bin/../lib/gcc/avr/4.3.3/../../../../avr/lib/avr5\libc.a(printf.o)
 .text          0x0000472e        0x0 c:/winavr-20100110/bin/../lib/gcc/avr/4.3.3/../../../../avr/lib/avr5\libc.a(puts.o)
 .text          0x0000472e        0x0 c:/winavr-20100110/bin/../lib/gcc/avr/4.3.3/../../../../avr/lib/avr5\libc.a(sprintf.o)
 .text          0x0000472e        0x0 c:/winavr-20100110/bin/../lib/gcc/avr/4.3.3/../../../../avr/lib/avr5\libc.a(vfprintf_std.o)
 .text          0x0000472e        0x0 c:/winavr-20100110/bin/../lib/gcc/avr/4.3.3/../../../../avr/lib/avr5\libc.a(eerd_byte_atmega32.o)
 .text          0x0000472e        0x0 c:/winavr-20100110/bin/../lib/gcc/avr/4.3.3/../../../../avr/lib/avr5\libc.a(eewr_byte_atmega32.o)
 .text          0x0000472e        0x0 c:/winavr-20100110/bin/../lib/gcc/avr/4.3.3/../../../../avr/lib/avr5\libc.a(strnlen_P.o)
 .text          0x0000472e        0x0 c:/winavr-20100110/bin/../lib/gcc/avr/4.3.3/../../../../avr/lib/avr5\libc.a(strnlen.o)
 .text          0x0000472e        0x0 c:/winavr-20100110/bin/../lib/gcc/avr/4.3.3/../../../../avr/lib/avr5\libc.a(strrev.o)
 .text          0x0000472e        0x0 c:/winavr-20100110/bin/../lib/gcc/avr/4.3.3/../../../../avr/lib/avr5\libc.a(fputc.o)
 .text          0x0000472e        0x0 c:/winavr-20100110/bin/../lib/gcc/avr/4.3.3/../../../../avr/lib/avr5\libc.a(ultoa_invert.o)
 .text          0x0000472e        0x0 c:/winavr-20100110/bin/../lib/gcc/avr/4.3.3/avr5\libgcc.a(_prologue.o)
 .text          0x0000472e        0x0 c:/winavr-20100110/bin/../lib/gcc/avr/4.3.3/avr5\libgcc.a(_epilogue.o)
                0x0000472e                . = ALIGN (0x2)
 *(.text.*)
 .text.libgcc   0x0000472e       0x3e c:/winavr-20100110/bin/../lib/gcc/avr/4.3.3/avr5\libgcc.a(_mulsi3.o)
                0x0000472e                __mulsi3
 .text.libgcc   0x0000476c       0x18 c:/winavr-20100110/bin/../lib/gcc/avr/4.3.3/avr5\libgcc.a(_udivmodqi4.o)
                0x0000476c                __udivmodqi4
 .text.libgcc   0x00004784       0x28 c:/winavr-20100110/bin/../lib/gcc/avr/4.3.3/avr5\libgcc.a(_udivmodhi4.o)
                0x00004784                __udivmodhi4
 .text.libgcc   0x000047ac       0x26 c:/winavr-20100110/bin/../lib/gcc/avr/4.3.3/avr5\libgcc.a(_divmodhi4.o)
                0x000047ac                __divmodhi4
                0x000047ac                _div
 .text.libgcc   0x000047d2       0x44 c:/winavr-20100110/bin/../lib/gcc/avr/4.3.3/avr5\libgcc.a(_udivmodsi4.o)
                0x000047d2                __udivmodsi4
 .text.libgcc   0x00004816       0x36 c:/winavr-20100110/bin/../lib/gcc/avr/4.3.3/avr5\libgcc.a(_divmodsi4.o)
                0x00004816                __divmodsi4
 .text.libgcc   0x0000484c        0x0 c:/winavr-20100110/bin/../lib/gcc/avr/4.3.3/avr5\libgcc.a(_exit.o)
 .text.libgcc   0x0000484c        0x0 c:/winavr-20100110/bin/../lib/gcc/avr/4.3.3/avr5\libgcc.a(_copy_data.o)
 .text.libgcc   0x0000484c        0x0 c:/winavr-20100110/bin/../lib/gcc/avr/4.3.3/avr5\libgcc.a(_clear_bss.o)
 .text.avr-libc
                0x0000484c       0x12 c:/winavr-20100110/bin/../lib/gcc/avr/4.3.3/../../../../avr/lib/avr5\libc.a(memcpy.o)
                0x0000484c                memcpy
 .text.avr-libc
                0x0000485e       0x24 c:/winavr-20100110/bin/../lib/gcc/avr/4.3.3/../../../../avr/lib/avr5\libc.a(memmove.o)
                0x0000485e                memmove
 .text.avr-libc
                0x00004882       0x42 c:/winavr-20100110/bin/../lib/gcc/avr/4.3.3/../../../../avr/lib/avr5\libc.a(itoa.o)
                0x00004882                itoa
 .text.avr-libc
                0x000048c4       0x2a c:/winavr-20100110/bin/../lib/gcc/avr/4.3.3/../../../../avr/lib/avr5\libc.a(printf.o)
                0x000048c4                printf
 .text.avr-libc
                0x000048ee       0x6a c:/winavr-20100110/bin/../lib/gcc/avr/4.3.3/../../../../avr/lib/avr5\libc.a(puts.o)
                0x000048ee                puts
 .text.avr-libc
                0x00004958       0x48 c:/winavr-20100110/bin/../lib/gcc/avr/4.3.3/../../../../avr/lib/avr5\libc.a(sprintf.o)
                0x00004958                sprintf
 .text.avr-libc
                0x000049a0      0x3ba c:/winavr-20100110/bin/../lib/gcc/avr/4.3.3/../../../../avr/lib/avr5\libc.a(vfprintf_std.o)
                0x000049a0                vfprintf
 .text.avr-libc
                0x00004d5a       0x10 c:/winavr-20100110/bin/../lib/gcc/avr/4.3.3/../../../../avr/lib/avr5\libc.a(eerd_byte_atmega32.o)
                0x00004d5a                __eerd_byte_m32
 .text.avr-libc
                0x00004d6a       0x1a c:/winavr-20100110/bin/../lib/gcc/avr/4.3.3/../../../../avr/lib/avr5\libc.a(eewr_byte_atmega32.o)
                0x00004d6c                __eewr_r18_m32
                0x00004d6a                __eewr_byte_m32
 .text.avr-libc
                0x00004d84       0x16 c:/winavr-20100110/bin/../lib/gcc/avr/4.3.3/../../../../avr/lib/avr5\libc.a(strnlen_P.o)
                0x00004d84                strnlen_P
 .text.avr-libc
                0x00004d9a       0x16 c:/winavr-20100110/bin/../lib/gcc/avr/4.3.3/../../../../avr/lib/avr5\libc.a(strnlen.o)
                0x00004d9a                strnlen
 .text.avr-libc
                0x00004db0       0x20 c:/winavr-20100110/bin/../lib/gcc/avr/4.3.3/../../../../avr/lib/avr5\libc.a(strrev.o)
                0x00004db0                strrev
 .text.avr-libc
                0x00004dd0       0x58 c:/winavr-20100110/bin/../lib/gcc/avr/4.3.3/../../../../avr/lib/avr5\libc.a(fputc.o)
                0x00004dd0                fputc
 .text.avr-libc
                0x00004e28       0xbc c:/winavr-20100110/bin/../lib/gcc/avr/4.3.3/../../../../avr/lib/avr5\libc.a(ultoa_invert.o)
                0x00004e28                __ultoa_invert
 .text.libgcc   0x00004ee4       0x38 c:/winavr-20100110/bin/../lib/gcc/avr/4.3.3/avr5\libgcc.a(_prologue.o)
                0x00004ee4                __prologue_saves__
 .text.libgcc   0x00004f1c       0x36 c:/winavr-20100110/bin/../lib/gcc/avr/4.3.3/avr5\libgcc.a(_epilogue.o)
                0x00004f1c                __epilogue_restores__
                0x00004f52                . = ALIGN (0x2)
 *(.fini9)
 .fini9         0x00004f52        0x0 c:/winavr-20100110/bin/../lib/gcc/avr/4.3.3/avr5\libgcc.a(_exit.o)
                0x00004f52                exit
                0x00004f52                _exit
 *(.fini9)
 *(.fini8)
 *(.fini8)
 *(.fini7)
 *(.fini7)
 *(.fini6)
 *(.fini6)
 *(.fini5)
 *(.fini5)
 *(.fini4)
 *(.fini4)
 *(.fini3)
 *(.fini3)
 *(.fini2)
 *(.fini2)
 *(.fini1)
 *(.fini1)
 *(.fini0)
 .fini0         0x00004f52        0x4 c:/winavr-20100110/bin/../lib/gcc/avr/4.3.3/avr5\libgcc.a(_exit.o)
 *(.fini0)
                0x00004f56                _etext = .

.data           0x00800060      0x282 load address 0x00004f56
                0x00800060                PROVIDE (__data_start, .)
 *(.data)
 .data          0x00800060        0x0 c:/winavr-20100110/bin/../lib/gcc/avr/4.3.3/../../../../avr/lib/avr5/crtm32.o
 .data          0x00800060        0x0 usbdrv/usbdrvasm.o
 .data          0x00800060        0x0 ../avrlib/timer.o
 .data          0x00800060        0x0 keysta.o
 .data          0x00800060        0x2 usbdrv/usbdrv.o
                0x00800060                usbTxLen
 .data          0x00800062        0x0 usbdrv/oddebug.o
 .data          0x00800062       0x22 keymap.o
                0x00800072                dualActionMaskUp
                0x00800082                keymapAddress
                0x00800062                dualActionMaskDown
 .data          0x00800084       0x3b ledrender.o
                0x008000b7                pwmMAX
 .data          0x008000bf        0x0 sleep.o
 .data          0x008000bf      0x129 keymapper.o
 .data          0x008001e8        0x0 ps2avru_util.o
 .data          0x008001e8        0x0 macrobuffer.o
 .data          0x008001e8       0x22 keymatrix.o
                0x008001e8                modmask
 .data          0x0080020a       0x2a ps2main.o
 .data          0x00800234       0x38 usbmain.o
 .data          0x0080026c        0x6 bootMapper.o
 .data          0x00800272        0x0 udelay.o
 .data          0x00800272       0x6f keymain.o
                0x008002d2                INTERFACE
 .data          0x008002e1        0x0 c:/winavr-20100110/bin/../lib/gcc/avr/4.3.3/avr5\libgcc.a(_mulsi3.o)
 .data          0x008002e1        0x0 c:/winavr-20100110/bin/../lib/gcc/avr/4.3.3/avr5\libgcc.a(_udivmodqi4.o)
 .data          0x008002e1        0x0 c:/winavr-20100110/bin/../lib/gcc/avr/4.3.3/avr5\libgcc.a(_udivmodhi4.o)
 .data          0x008002e1        0x0 c:/winavr-20100110/bin/../lib/gcc/avr/4.3.3/avr5\libgcc.a(_divmodhi4.o)
 .data          0x008002e1        0x0 c:/winavr-20100110/bin/../lib/gcc/avr/4.3.3/avr5\libgcc.a(_udivmodsi4.o)
 .data          0x008002e1        0x0 c:/winavr-20100110/bin/../lib/gcc/avr/4.3.3/avr5\libgcc.a(_divmodsi4.o)
 .data          0x008002e1        0x0 c:/winavr-20100110/bin/../lib/gcc/avr/4.3.3/avr5\libgcc.a(_exit.o)
 .data          0x008002e1        0x0 c:/winavr-20100110/bin/../lib/gcc/avr/4.3.3/avr5\libgcc.a(_copy_data.o)
 .data          0x008002e1        0x0 c:/winavr-20100110/bin/../lib/gcc/avr/4.3.3/avr5\libgcc.a(_clear_bss.o)
 .data          0x008002e1        0x0 c:/winavr-20100110/bin/../lib/gcc/avr/4.3.3/../../../../avr/lib/avr5\libc.a(memcpy.o)
 .data          0x008002e1        0x0 c:/winavr-20100110/bin/../lib/gcc/avr/4.3.3/../../../../avr/lib/avr5\libc.a(memmove.o)
 .data          0x008002e1        0x0 c:/winavr-20100110/bin/../lib/gcc/avr/4.3.3/../../../../avr/lib/avr5\libc.a(itoa.o)
 .data          0x008002e1        0x0 c:/winavr-20100110/bin/../lib/gcc/avr/4.3.3/../../../../avr/lib/avr5\libc.a(iob.o)
 .data          0x008002e1        0x0 c:/winavr-20100110/bin/../lib/gcc/avr/4.3.3/../../../../avr/lib/avr5\libc.a(printf.o)
 .data          0x008002e1        0x0 c:/winavr-20100110/bin/../lib/gcc/avr/4.3.3/../../../../avr/lib/avr5\libc.a(puts.o)
 .data          0x008002e1        0x0 c:/winavr-20100110/bin/../lib/gcc/avr/4.3.3/../../../../avr/lib/avr5\libc.a(sprintf.o)
 .data          0x008002e1        0x0 c:/winavr-20100110/bin/../lib/gcc/avr/4.3.3/../../../../avr/lib/avr5\libc.a(vfprintf_std.o)
 .data          0x008002e1        0x0 c:/winavr-20100110/bin/../lib/gcc/avr/4.3.3/../../../../avr/lib/avr5\libc.a(eerd_byte_atmega32.o)
 .data          0x008002e1        0x0 c:/winavr-20100110/bin/../lib/gcc/avr/4.3.3/../../../../avr/lib/avr5\libc.a(eewr_byte_atmega32.o)
 .data          0x008002e1        0x0 c:/winavr-20100110/bin/../lib/gcc/avr/4.3.3/../../../../avr/lib/avr5\libc.a(strnlen_P.o)
 .data          0x008002e1        0x0 c:/winavr-20100110/bin/../lib/gcc/avr/4.3.3/../../../../avr/lib/avr5\libc.a(strnlen.o)
 .data          0x008002e1        0x0 c:/winavr-20100110/bin/../lib/gcc/avr/4.3.3/../../../../avr/lib/avr5\libc.a(strrev.o)
 .data          0x008002e1        0x0 c:/winavr-20100110/bin/../lib/gcc/avr/4.3.3/../../../../avr/lib/avr5\libc.a(fputc.o)
 .data          0x008002e1        0x0 c:/winavr-20100110/bin/../lib/gcc/avr/4.3.3/../../../../avr/lib/avr5\libc.a(ultoa_invert.o)
 .data          0x008002e1        0x0 c:/winavr-20100110/bin/../lib/gcc/avr/4.3.3/avr5\libgcc.a(_prologue.o)
 .data          0x008002e1        0x0 c:/winavr-20100110/bin/../lib/gcc/avr/4.3.3/avr5\libgcc.a(_epilogue.o)
 *(.data*)
 *(.rodata)
 *(.rodata*)
 *(.gnu.linkonce.d*)
                0x008002e2                . = ALIGN (0x2)
 *fill*         0x008002e1        0x1 00
                0x008002e2                _edata = .
                0x008002e2                PROVIDE (__data_end, .)

.bss            0x008002e2      0x4a9
                0x008002e2                PROVIDE (__bss_start, .)
 *(.bss)
 .bss           0x008002e2        0x0 c:/winavr-20100110/bin/../lib/gcc/avr/4.3.3/../../../../avr/lib/avr5/crtm32.o
 .bss           0x008002e2        0x0 usbdrv/usbdrvasm.o
 .bss           0x008002e2       0x10 ../avrlib/timer.o
 .bss           0x008002f2        0x4 keysta.o
 .bss           0x008002f6        0x1 usbdrv/usbdrv.o
 .bss           0x008002f7        0x0 usbdrv/oddebug.o
 .bss           0x008002f7        0x4 keymap.o
                0x008002f7                dualActionKeyIndex
 .bss           0x008002fb       0x1c ledrender.o
                0x008002fd                pwmValue
                0x008002fb                pwmMIN
 .bss           0x00800317        0x5 sleep.o
 .bss           0x0080031c       0x19 keymapper.o
                0x0080031f                _isTiredEscapeKey
                0x0080031e                _isPressedEscapeKey
                0x0080031c                _pressedEscapeKeyCount
 .bss           0x00800335        0x0 ps2avru_util.o
 .bss           0x00800335      0x138 macrobuffer.o
                0x00800335                _pressedBuffer
 .bss           0x0080046d        0x5 keymatrix.o
                0x0080046d                isBeyondFN
                0x0080046e                _currentLayer
 .bss           0x00800472       0xe3 ps2main.o
                0x00800472                txScanCode
 .bss           0x00800555       0x3e usbmain.o
                0x00800555                _isMultimediaPressed
 .bss           0x00800593        0x1 bootMapper.o
 .bss           0x00800594        0x2 udelay.o
 .bss           0x00800596        0x3 keymain.o
                0x00800598                interfaceReady
                0x00800596                interfaceCount
 .bss           0x00800599        0x0 c:/winavr-20100110/bin/../lib/gcc/avr/4.3.3/avr5\libgcc.a(_mulsi3.o)
 .bss           0x00800599        0x0 c:/winavr-20100110/bin/../lib/gcc/avr/4.3.3/avr5\libgcc.a(_udivmodqi4.o)
 .bss           0x00800599        0x0 c:/winavr-20100110/bin/../lib/gcc/avr/4.3.3/avr5\libgcc.a(_udivmodhi4.o)
 .bss           0x00800599        0x0 c:/winavr-20100110/bin/../lib/gcc/avr/4.3.3/avr5\libgcc.a(_divmodhi4.o)
 .bss           0x00800599        0x0 c:/winavr-20100110/bin/../lib/gcc/avr/4.3.3/avr5\libgcc.a(_udivmodsi4.o)
 .bss           0x00800599        0x0 c:/winavr-20100110/bin/../lib/gcc/avr/4.3.3/avr5\libgcc.a(_divmodsi4.o)
 .bss           0x00800599        0x0 c:/winavr-20100110/bin/../lib/gcc/avr/4.3.3/avr5\libgcc.a(_exit.o)
 .bss           0x00800599        0x0 c:/winavr-20100110/bin/../lib/gcc/avr/4.3.3/avr5\libgcc.a(_copy_data.o)
 .bss           0x00800599        0x0 c:/winavr-20100110/bin/../lib/gcc/avr/4.3.3/avr5\libgcc.a(_clear_bss.o)
 .bss           0x00800599        0x0 c:/winavr-20100110/bin/../lib/gcc/avr/4.3.3/../../../../avr/lib/avr5\libc.a(memcpy.o)
 .bss           0x00800599        0x0 c:/winavr-20100110/bin/../lib/gcc/avr/4.3.3/../../../../avr/lib/avr5\libc.a(memmove.o)
 .bss           0x00800599        0x0 c:/winavr-20100110/bin/../lib/gcc/avr/4.3.3/../../../../avr/lib/avr5\libc.a(itoa.o)
 .bss           0x00800599        0x0 c:/winavr-20100110/bin/../lib/gcc/avr/4.3.3/../../../../avr/lib/avr5\libc.a(iob.o)
 .bss           0x00800599        0x0 c:/winavr-20100110/bin/../lib/gcc/avr/4.3.3/../../../../avr/lib/avr5\libc.a(printf.o)
 .bss           0x00800599        0x0 c:/winavr-20100110/bin/../lib/gcc/avr/4.3.3/../../../../avr/lib/avr5\libc.a(puts.o)
 .bss           0x00800599        0x0 c:/winavr-20100110/bin/../lib/gcc/avr/4.3.3/../../../../avr/lib/avr5\libc.a(sprintf.o)
 .bss           0x00800599        0x0 c:/winavr-20100110/bin/../lib/gcc/avr/4.3.3/../../../../avr/lib/avr5\libc.a(vfprintf_std.o)
 .bss           0x00800599        0x0 c:/winavr-20100110/bin/../lib/gcc/avr/4.3.3/../../../../avr/lib/avr5\libc.a(eerd_byte_atmega32.o)
 .bss           0x00800599        0x0 c:/winavr-20100110/bin/../lib/gcc/avr/4.3.3/../../../../avr/lib/avr5\libc.a(eewr_byte_atmega32.o)
 .bss           0x00800599        0x0 c:/winavr-20100110/bin/../lib/gcc/avr/4.3.3/../../../../avr/lib/avr5\libc.a(strnlen_P.o)
 .bss           0x00800599        0x0 c:/winavr-20100110/bin/../lib/gcc/avr/4.3.3/../../../../avr/lib/avr5\libc.a(strnlen.o)
 .bss           0x00800599        0x0 c:/winavr-20100110/bin/../lib/gcc/avr/4.3.3/../../../../avr/lib/avr5\libc.a(strrev.o)
 .bss           0x00800599        0x0 c:/winavr-20100110/bin/../lib/gcc/avr/4.3.3/../../../../avr/lib/avr5\libc.a(fputc.o)
 .bss           0x00800599        0x0 c:/winavr-20100110/bin/../lib/gcc/avr/4.3.3/../../../../avr/lib/avr5\libc.a(ultoa_invert.o)
 .bss           0x00800599        0x0 c:/winavr-20100110/bin/../lib/gcc/avr/4.3.3/avr5\libgcc.a(_prologue.o)
 .bss           0x00800599        0x0 c:/winavr-20100110/bin/../lib/gcc/avr/4.3.3/avr5\libgcc.a(_epilogue.o)
 *(.bss*)
 *(COMMON)
 COMMON         0x00800599        0xc ../avrlib/timer.o
                0x00800599                Timer0Reg0
                0x0080059d                TimerPauseReg
                0x008005a1                Timer2Reg0
 COMMON         0x008005a5        0x2 keysta.o
                0x008005a5                kbd_state
                0x008005a6                kbd_flags
 COMMON         0x008005a7       0x36 usbdrv/usbdrv.o
                0x008005a7                usbTxBuf
                0x008005b2                usbTxStatus1
                0x008005be                usbDeviceAddr
                0x008005bf                usbRxToken
                0x008005c0                usbInputBufOffset
                0x008005c1                usbMsgPtr
                0x008005c3                usbRxLen
                0x008005c4                usbNewDeviceAddr
                0x008005c5                usbCurrentTok
                0x008005c6                usbConfiguration
                0x008005c7                usbRxBuf
 COMMON         0x008005dd       0xd2 keymapper.o
                0x008005dd                _macroIndex
                0x008005de                _macroPressedBuffer
                0x008005f6                _newKeyMap
                0x0080067e                _macroInputBuffer
                0x008006ae                _macroBufferIndex
 COMMON         0x008006af       0x22 keymatrix.o
                0x008006af                prevMatrix
                0x008006c0                currentMatrix
 COMMON         0x008006d1       0xb3 ps2main.o
                0x008006d1                lastState
                0x008006d2                KFLA
                0x00800782                lastSent
                0x00800783                m_state
 COMMON         0x00800784        0x1 usbmain.o
                0x00800784                reportIndex
 COMMON         0x00800785        0x6 c:/winavr-20100110/bin/../lib/gcc/avr/4.3.3/../../../../avr/lib/avr5\libc.a(iob.o)
                0x00800785                __iob
                0x0080078b                PROVIDE (__bss_end, .)
                0x00004f56                __data_load_start = LOADADDR (.data)
                0x000051d8                __data_load_end = (__data_load_start + SIZEOF (.data))

.noinit         0x0080078b        0x0
                0x0080078b                PROVIDE (__noinit_start, .)
 *(.noinit*)
                0x0080078b                PROVIDE (__noinit_end, .)
                0x0080078b                _end = .
                0x0080078b                PROVIDE (__heap_start, .)

.eeprom         0x00810000        0x0
 *(.eeprom*)
                0x00810000                __eeprom_end = .

.fuse
 *(.fuse)
 *(.lfuse)
 *(.hfuse)
 *(.efuse)

.lock
 *(.lock*)

.signature
 *(.signature*)

.stab
 *(.stab)

.stabstr
 *(.stabstr)

.stab.excl
 *(.stab.excl)

.stab.exclstr
 *(.stab.exclstr)

.stab.index
 *(.stab.index)

.stab.indexstr
 *(.stab.indexstr)

.comment
 *(.comment)

.debug
 *(.debug)

.line
 *(.line)

.debug_srcinfo
 *(.debug_srcinfo)

.debug_sfnames
 *(.debug_sfnames)

.debug_aranges  0x00000000      0x1e0
 *(.debug_aranges)
 .debug_aranges
                0x00000000       0x20 ../avrlib/timer.o
 .debug_aranges
                0x00000020       0x20 keysta.o
 .debug_aranges
                0x00000040       0x20 usbdrv/usbdrv.o
 .debug_aranges
                0x00000060       0x20 keymap.o
 .debug_aranges
                0x00000080       0x20 ledrender.o
 .debug_aranges
                0x000000a0       0x20 sleep.o
 .debug_aranges
                0x000000c0       0x20 keymapper.o
 .debug_aranges
                0x000000e0       0x20 ps2avru_util.o
 .debug_aranges
                0x00000100       0x20 macrobuffer.o
 .debug_aranges
                0x00000120       0x20 keymatrix.o
 .debug_aranges
                0x00000140       0x20 ps2main.o
 .debug_aranges
                0x00000160       0x20 usbmain.o
 .debug_aranges
                0x00000180       0x20 bootMapper.o
 .debug_aranges
                0x000001a0       0x20 udelay.o
 .debug_aranges
                0x000001c0       0x20 keymain.o

.debug_pubnames
                0x00000000     0x1395
 *(.debug_pubnames)
 .debug_pubnames
                0x00000000      0x302 ../avrlib/timer.o
 .debug_pubnames
                0x00000302       0x5e keysta.o
 .debug_pubnames
                0x00000360      0x190 usbdrv/usbdrv.o
 .debug_pubnames
                0x000004f0      0x19c keymap.o
 .debug_pubnames
                0x0000068c      0x18f ledrender.o
 .debug_pubnames
                0x0000081b       0x42 sleep.o
 .debug_pubnames
                0x0000085d      0x648 keymapper.o
 .debug_pubnames
                0x00000ea5       0x4e ps2avru_util.o
 .debug_pubnames
                0x00000ef3       0xb9 macrobuffer.o
 .debug_pubnames
                0x00000fac       0xd9 keymatrix.o
 .debug_pubnames
                0x00001085      0x10a ps2main.o
 .debug_pubnames
                0x0000118f      0x116 usbmain.o
 .debug_pubnames
                0x000012a5       0x41 bootMapper.o
 .debug_pubnames
                0x000012e6       0x22 udelay.o
 .debug_pubnames
                0x00001308       0x8d keymain.o

.debug_info     0x00000000     0x7041
 *(.debug_info)
 .debug_info    0x00000000      0x76c ../avrlib/timer.o
 .debug_info    0x0000076c      0x32b keysta.o
 .debug_info    0x00000a97      0x8ee usbdrv/usbdrv.o
 .debug_info    0x00001385       0x64 usbdrv/oddebug.o
 .debug_info    0x000013e9      0x592 keymap.o
 .debug_info    0x0000197b      0x6d4 ledrender.o
 .debug_info    0x0000204f       0xfa sleep.o
 .debug_info    0x00002149     0x17c9 keymapper.o
 .debug_info    0x00003912      0x1d7 ps2avru_util.o
 .debug_info    0x00003ae9      0x75b macrobuffer.o
 .debug_info    0x00004244      0x90c keymatrix.o
 .debug_info    0x00004b50      0xd7a ps2main.o
 .debug_info    0x000058ca      0xd37 usbmain.o
 .debug_info    0x00006601       0xf8 bootMapper.o
 .debug_info    0x000066f9       0xc0 udelay.o
 .debug_info    0x000067b9      0x888 keymain.o
 *(.gnu.linkonce.wi.*)

.debug_abbrev   0x00000000     0x1c7f
 *(.debug_abbrev)
 .debug_abbrev  0x00000000      0x256 ../avrlib/timer.o
 .debug_abbrev  0x00000256       0xe8 keysta.o
 .debug_abbrev  0x0000033e      0x2ac usbdrv/usbdrv.o
 .debug_abbrev  0x000005ea       0x33 usbdrv/oddebug.o
 .debug_abbrev  0x0000061d      0x21d keymap.o
 .debug_abbrev  0x0000083a      0x2cb ledrender.o
 .debug_abbrev  0x00000b05       0x7b sleep.o
 .debug_abbrev  0x00000b80      0x3db keymapper.o
 .debug_abbrev  0x00000f5b       0xdf ps2avru_util.o
 .debug_abbrev  0x0000103a      0x17e macrobuffer.o
 .debug_abbrev  0x000011b8      0x1c8 keymatrix.o
 .debug_abbrev  0x00001380      0x2d2 ps2main.o
 .debug_abbrev  0x00001652      0x28e usbmain.o
 .debug_abbrev  0x000018e0       0xa1 bootMapper.o
 .debug_abbrev  0x00001981       0x79 udelay.o
 .debug_abbrev  0x000019fa      0x285 keymain.o

.debug_line     0x00000000     0x4779
 *(.debug_line)
 .debug_line    0x00000000      0x5db ../avrlib/timer.o
 .debug_line    0x000005db      0x3cb keysta.o
 .debug_line    0x000009a6      0x3ea usbdrv/usbdrv.o
 .debug_line    0x00000d90       0x3e usbdrv/oddebug.o
 .debug_line    0x00000dce      0x200 keymap.o
 .debug_line    0x00000fce      0x829 ledrender.o
 .debug_line    0x000017f7      0x114 sleep.o
 .debug_line    0x0000190b      0xf79 keymapper.o
 .debug_line    0x00002884      0x13b ps2avru_util.o
 .debug_line    0x000029bf      0x30e macrobuffer.o
 .debug_line    0x00002ccd      0x436 keymatrix.o
 .debug_line    0x00003103      0x915 ps2main.o
 .debug_line    0x00003a18      0x6f9 usbmain.o
 .debug_line    0x00004111       0xe7 bootMapper.o
 .debug_line    0x000041f8       0x62 udelay.o
 .debug_line    0x0000425a      0x51f keymain.o

.debug_frame    0x00000000      0xb40
 *(.debug_frame)
 .debug_frame   0x00000000      0x240 ../avrlib/timer.o
 .debug_frame   0x00000240       0x50 keysta.o
 .debug_frame   0x00000290       0x40 usbdrv/usbdrv.o
 .debug_frame   0x000002d0       0x60 keymap.o
 .debug_frame   0x00000330      0x170 ledrender.o
 .debug_frame   0x000004a0       0x50 sleep.o
 .debug_frame   0x000004f0      0x260 keymapper.o
 .debug_frame   0x00000750       0x60 ps2avru_util.o
 .debug_frame   0x000007b0       0xa0 macrobuffer.o
 .debug_frame   0x00000850       0x80 keymatrix.o
 .debug_frame   0x000008d0       0xe0 ps2main.o
 .debug_frame   0x000009b0       0xb0 usbmain.o
 .debug_frame   0x00000a60       0x40 bootMapper.o
 .debug_frame   0x00000aa0       0x20 udelay.o
 .debug_frame   0x00000ac0       0x80 keymain.o

.debug_str      0x00000000     0x22a8
 *(.debug_str)
 .debug_str     0x00000000      0x37e ../avrlib/timer.o
                                0x3b7 (size before relaxing)
 .debug_str     0x0000037e      0x1c2 keysta.o
                                0x26d (size before relaxing)
 .debug_str     0x00000540      0x31e usbdrv/usbdrv.o
                                0x3f5 (size before relaxing)
 .debug_str     0x0000085e       0x11 usbdrv/oddebug.o
                                 0x9a (size before relaxing)
 .debug_str     0x0000086f      0x2ff keymap.o
                                0x3ef (size before relaxing)
 .debug_str     0x00000b6e      0x336 ledrender.o
                                0x41f (size before relaxing)
 .debug_str     0x00000ea4       0x35 sleep.o
                                 0xf0 (size before relaxing)
 .debug_str     0x00000ed9      0xdf5 keymapper.o
                               0x105e (size before relaxing)
 .debug_str     0x00001cce       0x46 ps2avru_util.o
                                 0xe3 (size before relaxing)
 .debug_str     0x00001d14       0xc3 macrobuffer.o
                                0x814 (size before relaxing)
 .debug_str     0x00001dd7       0xde keymatrix.o
                                0x992 (size before relaxing)
 .debug_str     0x00001eb5      0x1aa ps2main.o
                                0xb1b (size before relaxing)
 .debug_str     0x0000205f      0x16f usbmain.o
                                0xb8f (size before relaxing)
 .debug_str     0x000021ce       0x31 bootMapper.o
                                 0xfb (size before relaxing)
 .debug_str     0x000021ff       0x15 udelay.o
                                 0xd4 (size before relaxing)
 .debug_str     0x00002214       0x94 keymain.o
                                0x873 (size before relaxing)

.debug_loc      0x00000000     0x1b1f
 *(.debug_loc)
 .debug_loc     0x00000000      0x196 ../avrlib/timer.o
 .debug_loc     0x00000196       0x13 keysta.o
 .debug_loc     0x000001a9      0x38f usbdrv/usbdrv.o
 .debug_loc     0x00000538      0x142 keymap.o
 .debug_loc     0x0000067a       0xb5 ledrender.o
 .debug_loc     0x0000072f      0x49b keymapper.o
 .debug_loc     0x00000bca      0x16f ps2avru_util.o
 .debug_loc     0x00000d39       0xb2 macrobuffer.o
 .debug_loc     0x00000deb      0x1a3 keymatrix.o
 .debug_loc     0x00000f8e      0x5a5 ps2main.o
 .debug_loc     0x00001533      0x458 usbmain.o
 .debug_loc     0x0000198b       0x3c bootMapper.o
 .debug_loc     0x000019c7       0x18 udelay.o
 .debug_loc     0x000019df      0x140 keymain.o

.debug_macinfo
 *(.debug_macinfo)
OUTPUT(keymain.elf elf32-avr)
LOAD linker stubs

.debug_ranges   0x00000000       0xe0
 .debug_ranges  0x00000000       0x38 usbdrv/usbdrv.o
 .debug_ranges  0x00000038       0x18 keymap.o
 .debug_ranges  0x00000050       0x18 ledrender.o
 .debug_ranges  0x00000068       0x30 ps2main.o
 .debug_ranges  0x00000098       0x48 keymain.o

Cross Reference Table

Symbol                                            File
INTERFACE                                         keymain.o
                                                  usbmain.o
                                                  ps2main.o
                                                  keymapper.o
                                                  ledrender.o
KFLA                                              ps2main.o
Timer0Reg0                                        ../avrlib/timer.o
Timer2Reg0                                        ../avrlib/timer.o
TimerPauseReg                                     ../avrlib/timer.o
TimerPrescaleFactor                               ../avrlib/timer.o
TimerRTCPrescaleFactor                            ../avrlib/timer.o
__bad_interrupt                                   c:/winavr-20100110/bin/../lib/gcc/avr/4.3.3/../../../../avr/lib/avr5/crtm32.o
__bss_end                                         c:/winavr-20100110/bin/../lib/gcc/avr/4.3.3/avr5\libgcc.a(_clear_bss.o)
__bss_start                                       c:/winavr-20100110/bin/../lib/gcc/avr/4.3.3/avr5\libgcc.a(_clear_bss.o)
__data_end                                        c:/winavr-20100110/bin/../lib/gcc/avr/4.3.3/avr5\libgcc.a(_copy_data.o)
__data_load_start                                 c:/winavr-20100110/bin/../lib/gcc/avr/4.3.3/avr5\libgcc.a(_copy_data.o)
__data_start                                      c:/winavr-20100110/bin/../lib/gcc/avr/4.3.3/avr5\libgcc.a(_copy_data.o)
__divmodhi4                                       c:/winavr-20100110/bin/../lib/gcc/avr/4.3.3/avr5\libgcc.a(_divmodhi4.o)
                                                  ps2main.o
                                                  macrobuffer.o
                                                  ledrender.o
__divmodsi4                                       c:/winavr-20100110/bin/../lib/gcc/avr/4.3.3/avr5\libgcc.a(_divmodsi4.o)
                                                  ps2main.o
__do_clear_bss                                    c:/winavr-20100110/bin/../lib/gcc/avr/4.3.3/avr5\libgcc.a(_clear_bss.o)
                                                  c:/winavr-20100110/bin/../lib/gcc/avr/4.3.3/../../../../avr/lib/avr5\libc.a(iob.o)
                                                  keymain.o
                                                  udelay.o
                                                  bootMapper.o
                                                  usbmain.o
                                                  ps2main.o
                                                  keymatrix.o
                                                  macrobuffer.o
                                                  keymapper.o
                                                  sleep.o
                                                  ledrender.o
                                                  keymap.o
                                                  usbdrv/usbdrv.o
                                                  keysta.o
                                                  ../avrlib/timer.o
__do_copy_data                                    c:/winavr-20100110/bin/../lib/gcc/avr/4.3.3/avr5\libgcc.a(_copy_data.o)
                                                  keymain.o
                                                  bootMapper.o
                                                  usbmain.o
                                                  ps2main.o
                                                  keymatrix.o
                                                  macrobuffer.o
                                                  keymapper.o
                                                  ledrender.o
                                                  keymap.o
                                                  usbdrv/usbdrv.o
__eerd_byte_m32                                   c:/winavr-20100110/bin/../lib/gcc/avr/4.3.3/../../../../avr/lib/avr5\libc.a(eerd_byte_atmega32.o)
                                                  keymain.o
                                                  keymapper.o
                                                  ledrender.o
__eewr_byte_m32                                   c:/winavr-20100110/bin/../lib/gcc/avr/4.3.3/../../../../avr/lib/avr5\libc.a(eewr_byte_atmega32.o)
                                                  keymain.o
                                                  keymapper.o
                                                  ledrender.o
__eewr_r18_m32                                    c:/winavr-20100110/bin/../lib/gcc/avr/4.3.3/../../../../avr/lib/avr5\libc.a(eewr_byte_atmega32.o)
__epilogue_restores__                             c:/winavr-20100110/bin/../lib/gcc/avr/4.3.3/avr5\libgcc.a(_epilogue.o)
                                                  c:/winavr-20100110/bin/../lib/gcc/avr/4.3.3/../../../../avr/lib/avr5\libc.a(vfprintf_std.o)
                                                  c:/winavr-20100110/bin/../lib/gcc/avr/4.3.3/../../../../avr/lib/avr5\libc.a(sprintf.o)
                                                  c:/winavr-20100110/bin/../lib/gcc/avr/4.3.3/../../../../avr/lib/avr5\libc.a(printf.o)
__heap_end                                        c:/winavr-20100110/bin/../lib/gcc/avr/4.3.3/../../../../avr/lib/avr5/crtm32.o
__init                                            c:/winavr-20100110/bin/../lib/gcc/avr/4.3.3/../../../../avr/lib/avr5/crtm32.o
__iob                                             c:/winavr-20100110/bin/../lib/gcc/avr/4.3.3/../../../../avr/lib/avr5\libc.a(puts.o)
                                                  c:/winavr-20100110/bin/../lib/gcc/avr/4.3.3/../../../../avr/lib/avr5\libc.a(printf.o)
                                                  c:/winavr-20100110/bin/../lib/gcc/avr/4.3.3/../../../../avr/lib/avr5\libc.a(iob.o)
                                                  keymain.o
__mulsi3                                          c:/winavr-20100110/bin/../lib/gcc/avr/4.3.3/avr5\libgcc.a(_mulsi3.o)
                                                  udelay.o
                                                  ps2main.o
                                                  ../avrlib/timer.o
__prologue_saves__                                c:/winavr-20100110/bin/../lib/gcc/avr/4.3.3/avr5\libgcc.a(_prologue.o)
                                                  c:/winavr-20100110/bin/../lib/gcc/avr/4.3.3/../../../../avr/lib/avr5\libc.a(vfprintf_std.o)
                                                  c:/winavr-20100110/bin/../lib/gcc/avr/4.3.3/../../../../avr/lib/avr5\libc.a(sprintf.o)
                                                  c:/winavr-20100110/bin/../lib/gcc/avr/4.3.3/../../../../avr/lib/avr5\libc.a(printf.o)
__stack                                           c:/winavr-20100110/bin/../lib/gcc/avr/4.3.3/../../../../avr/lib/avr5/crtm32.o
__udivmodhi4                                      c:/winavr-20100110/bin/../lib/gcc/avr/4.3.3/avr5\libgcc.a(_udivmodhi4.o)
                                                  c:/winavr-20100110/bin/../lib/gcc/avr/4.3.3/../../../../avr/lib/avr5\libc.a(itoa.o)
                                                  c:/winavr-20100110/bin/../lib/gcc/avr/4.3.3/avr5\libgcc.a(_divmodhi4.o)
                                                  udelay.o
__udivmodqi4                                      c:/winavr-20100110/bin/../lib/gcc/avr/4.3.3/avr5\libgcc.a(_udivmodqi4.o)
                                                  ps2main.o
__udivmodsi4                                      c:/winavr-20100110/bin/../lib/gcc/avr/4.3.3/avr5\libgcc.a(_udivmodsi4.o)
                                                  c:/winavr-20100110/bin/../lib/gcc/avr/4.3.3/avr5\libgcc.a(_divmodsi4.o)
                                                  ../avrlib/timer.o
__ultoa_invert                                    c:/winavr-20100110/bin/../lib/gcc/avr/4.3.3/../../../../avr/lib/avr5\libc.a(ultoa_invert.o)
                                                  c:/winavr-20100110/bin/../lib/gcc/avr/4.3.3/../../../../avr/lib/avr5\libc.a(vfprintf_std.o)
__vector_1                                        usbdrv/usbdrvasm.o
                                                  c:/winavr-20100110/bin/../lib/gcc/avr/4.3.3/../../../../avr/lib/avr5/crtm32.o
__vector_10                                       ../avrlib/timer.o
                                                  c:/winavr-20100110/bin/../lib/gcc/avr/4.3.3/../../../../avr/lib/avr5/crtm32.o
__vector_11                                       ../avrlib/timer.o
                                                  c:/winavr-20100110/bin/../lib/gcc/avr/4.3.3/../../../../avr/lib/avr5/crtm32.o
__vector_12                                       c:/winavr-20100110/bin/../lib/gcc/avr/4.3.3/../../../../avr/lib/avr5/crtm32.o
__vector_13                                       c:/winavr-20100110/bin/../lib/gcc/avr/4.3.3/../../../../avr/lib/avr5/crtm32.o
__vector_14                                       c:/winavr-20100110/bin/../lib/gcc/avr/4.3.3/../../../../avr/lib/avr5/crtm32.o
__vector_15                                       c:/winavr-20100110/bin/../lib/gcc/avr/4.3.3/../../../../avr/lib/avr5/crtm32.o
__vector_16                                       c:/winavr-20100110/bin/../lib/gcc/avr/4.3.3/../../../../avr/lib/avr5/crtm32.o
__vector_17                                       c:/winavr-20100110/bin/../lib/gcc/avr/4.3.3/../../../../avr/lib/avr5/crtm32.o
__vector_18                                       c:/winavr-20100110/bin/../lib/gcc/avr/4.3.3/../../../../avr/lib/avr5/crtm32.o
__vector_19                                       c:/winavr-20100110/bin/../lib/gcc/avr/4.3.3/../../../../avr/lib/avr5/crtm32.o
__vector_2                                        c:/winavr-20100110/bin/../lib/gcc/avr/4.3.3/../../../../avr/lib/avr5/crtm32.o
__vector_20                                       c:/winavr-20100110/bin/../lib/gcc/avr/4.3.3/../../../../avr/lib/avr5/crtm32.o
__vector_3                                        c:/winavr-20100110/bin/../lib/gcc/avr/4.3.3/../../../../avr/lib/avr5/crtm32.o
__vector_4                                        ../avrlib/timer.o
                                                  c:/winavr-20100110/bin/../lib/gcc/avr/4.3.3/../../../../avr/lib/avr5/crtm32.o
__vector_5                                        ../avrlib/timer.o
                                                  c:/winavr-20100110/bin/../lib/gcc/avr/4.3.3/../../../../avr/lib/avr5/crtm32.o
__vector_6                                        ../avrlib/timer.o
                                                  c:/winavr-20100110/bin/../lib/gcc/avr/4.3.3/../../../../avr/lib/avr5/crtm32.o
__vector_7                                        ../avrlib/timer.o
                                                  c:/winavr-20100110/bin/../lib/gcc/avr/4.3.3/../../../../avr/lib/avr5/crtm32.o
__vector_8                                        ../avrlib/timer.o
                                                  c:/winavr-20100110/bin/../lib/gcc/avr/4.3.3/../../../../avr/lib/avr5/crtm32.o
__vector_9                                        ../avrlib/timer.o
                                                  c:/winavr-20100110/bin/../lib/gcc/avr/4.3.3/../../../../avr/lib/avr5/crtm32.o
__vector_default                                  c:/winavr-20100110/bin/../lib/gcc/avr/4.3.3/../../../../avr/lib/avr5/crtm32.o
__vectors                                         c:/winavr-20100110/bin/../lib/gcc/avr/4.3.3/../../../../avr/lib/avr5/crtm32.o
_currentLayer                                     keymatrix.o
_delay_us_m                                       udelay.o
                                                  keymain.o
                                                  keymatrix.o
_div                                              c:/winavr-20100110/bin/../lib/gcc/avr/4.3.3/avr5\libgcc.a(_divmodhi4.o)
_exit                                             c:/winavr-20100110/bin/../lib/gcc/avr/4.3.3/avr5\libgcc.a(_exit.o)
_isMultimediaPressed                              usbmain.o
_isPressedEscapeKey                               keymapper.o
_isTiredEscapeKey                                 keymapper.o
_macroBufferIndex                                 keymapper.o
_macroIndex                                       keymapper.o
_macroInputBuffer                                 keymapper.o
_macroPressedBuffer                               keymapper.o
_newKeyMap                                        keymapper.o
_pressedBuffer                                    macrobuffer.o
                                                  usbmain.o
_pressedEscapeKeyCount                            keymapper.o
append                                            ps2avru_util.o
                                                  macrobuffer.o
                                                  keymapper.o
applyDualActionDown                               keymap.o
                                                  usbmain.o
                                                  ps2main.o
applyFN                                           keymatrix.o
                                                  usbmain.o
                                                  ps2main.o
applyKeyDownForFullLED                            ledrender.o
                                                  keymatrix.o
applyKeyMapping                                   keymapper.o
                                                  usbmain.o
                                                  ps2main.o
applyMacro                                        keymapper.o
                                                  usbmain.o
                                                  ps2main.o
changeFullLedState                                ledrender.o
                                                  keymatrix.o
charToKey                                         macrobuffer.o
                                                  keymapper.o
clear                                             ps2main.o
clearInterface                                    keymain.o
clearLEDInited                                    ledrender.o
                                                  keymain.o
clearMacro                                        keymapper.o
clearMacroAfter                                   keymapper.o
clearMacroPressedBuffer                           macrobuffer.o
                                                  keymapper.o
clearMatrix                                       keymatrix.o
                                                  ps2main.o
clearReportBuffer                                 usbmain.o
clearTimers                                       keymain.o
countKeyMappingEnabled                            keymapper.o
countSleep                                        sleep.o
                                                  usbmain.o
currentMatrix                                     keymatrix.o
delay_us                                          ../avrlib/timer.o
delete                                            ps2avru_util.o
                                                  macrobuffer.o
                                                  keymapper.o
doSleep                                           ledrender.o
dualActionKeyIndex                                keymap.o
dualActionMaskDown                                keymap.o
                                                  keymatrix.o
dualActionMaskUp                                  keymap.o
enterFrameForMapper                               keymapper.o
                                                  keymatrix.o
equalAll                                          ps2avru_util.o
escapeMacroKeycode                                keymapper.o
exit                                              c:/winavr-20100110/bin/../lib/gcc/avr/4.3.3/avr5\libgcc.a(_exit.o)
                                                  c:/winavr-20100110/bin/../lib/gcc/avr/4.3.3/../../../../avr/lib/avr5/crtm32.o
fadePWM                                           ledrender.o
findIndex                                         ps2avru_util.o
                                                  usbmain.o
                                                  macrobuffer.o
                                                  keymapper.o
fputc                                             c:/winavr-20100110/bin/../lib/gcc/avr/4.3.3/../../../../avr/lib/avr5\libc.a(fputc.o)
                                                  c:/winavr-20100110/bin/../lib/gcc/avr/4.3.3/../../../../avr/lib/avr5\libc.a(vfprintf_std.o)
getCurrentKeycode                                 keymapper.o
                                                  usbmain.o
                                                  ps2main.o
                                                  keymatrix.o
getCurrentMatrix                                  keymatrix.o
                                                  keymain.o
                                                  usbmain.o
                                                  ps2main.o
getDualActionDownKeyIdex                          keymap.o
                                                  usbmain.o
                                                  ps2main.o
                                                  keymapper.o
getKeyCode                                        keymap.o
                                                  keymain.o
                                                  keymapper.o
getLEDState                                       ledrender.o
                                                  keymatrix.o
getLayer                                          keymatrix.o
                                                  usbmain.o
                                                  ps2main.o
getLiveMatrix                                     keymatrix.o
                                                  keymain.o
hasMacroPs2                                       ps2main.o
hasMacroUsb                                       usbmain.o
increaseLedBrightness                             ledrender.o
                                                  keymatrix.o
initFullLEDState                                  ledrender.o
                                                  usbmain.o
                                                  ps2main.o
initInterfacePs2                                  ps2main.o
initInterfaceUsb                                  usbmain.o
insert                                            ps2avru_util.o
interfaceCount                                    keymain.o
                                                  usbmain.o
                                                  ps2main.o
interfaceReady                                    keymain.o
                                                  usbmain.o
                                                  ps2main.o
isAllKeyRelease                                   keymatrix.o
                                                  keymapper.o
isBeyondFN                                        keymatrix.o
                                                  usbmain.o
                                                  ps2main.o
isBootMapper                                      bootMapper.o
                                                  usbmain.o
                                                  ps2main.o
                                                  keymapper.o
                                                  ledrender.o
isCanceledDualAction                              keymap.o
isDeepKeyMapping                                  keymapper.o
isEmpty                                           ps2main.o
isEmptyM                                          macrobuffer.o
                                                  usbmain.o
                                                  ps2main.o
                                                  keymapper.o
isKeyMapping                                      keymapper.o
                                                  usbmain.o
                                                  ps2main.o
isMacroInput                                      keymapper.o
                                                  keymap.o
isMacroKey                                        keymapper.o
isMacroProcessEnd                                 macrobuffer.o
                                                  keymapper.o
isReadyKeyMappingOnBoot                           keymapper.o
                                                  keymatrix.o
isSleep                                           sleep.o
                                                  ledrender.o
itoa                                              c:/winavr-20100110/bin/../lib/gcc/avr/4.3.3/../../../../avr/lib/avr5\libc.a(itoa.o)
                                                  macrobuffer.o
kbd_flags                                         ps2main.o
                                                  keysta.o
kbd_get_rx_char                                   keysta.o
                                                  ps2main.o
kbd_init                                          keysta.o
                                                  ps2main.o
kbd_set_tx                                        keysta.o
                                                  ps2main.o
kbd_state                                         keysta.o
keycode_USB_extend                                keymap.o
                                                  usbmain.o
keycode_USB_multimedia                            keymap.o
                                                  usbmain.o
keycode_set2                                      keymap.o
                                                  ps2main.o
keycode_set2_extend                               keymap.o
                                                  ps2main.o
keycode_set2_make_break                           keymap.o
                                                  ps2main.o
keycode_set2_makeonly                             keymap.o
                                                  ps2main.o
keycode_set2_proc_shift                           keymap.o
                                                  ps2main.o
keycode_set2_special                              keymap.o
                                                  ps2main.o
keymapAddress                                     keymap.o
keymap_init                                       ps2main.o
lastSent                                          ps2main.o
lastState                                         ps2main.o
loadCurrentLayer                                  keymapper.o
m_state                                           ps2main.o
main                                              keymain.o
                                                  c:/winavr-20100110/bin/../lib/gcc/avr/4.3.3/../../../../avr/lib/avr5/crtm32.o
makeReportBuffer                                  usbmain.o
memcpy                                            c:/winavr-20100110/bin/../lib/gcc/avr/4.3.3/../../../../avr/lib/avr5\libc.a(memcpy.o)
                                                  c:/winavr-20100110/bin/../lib/gcc/avr/4.3.3/../../../../avr/lib/avr5\libc.a(memmove.o)
                                                  usbmain.o
memmove                                           c:/winavr-20100110/bin/../lib/gcc/avr/4.3.3/../../../../avr/lib/avr5\libc.a(memmove.o)
                                                  ps2avru_util.o
modmask                                           keymatrix.o
                                                  usbmain.o
                                                  ps2main.o
pop                                               ps2main.o
popM                                              macrobuffer.o
popMWithKey                                       macrobuffer.o
                                                  usbmain.o
                                                  ps2main.o
prepareKeyMapper                                  keymapper.o
prepareKeyMapping                                 keymapper.o
prepareKeyMappingPs2                              ps2main.o
                                                  keymapper.o
prepareKeyMappingUsb                              usbmain.o
                                                  keymapper.o
prevMatrix                                        usbmain.o
                                                  ps2main.o
                                                  keymatrix.o
printMacroMessage                                 keymapper.o
printMapperMessageAfter                           keymapper.o
printPrepareString                                keymapper.o
printSelectMode                                   keymapper.o
printString                                       keymapper.o
                                                  bootMapper.o
printf                                            c:/winavr-20100110/bin/../lib/gcc/avr/4.3.3/../../../../avr/lib/avr5\libc.a(printf.o)
                                                  keymain.o
                                                  keymapper.o
ps2_main                                          ps2main.o
                                                  keymain.o
push                                              ps2main.o
pushKeyCode                                       ps2main.o
pushM                                             macrobuffer.o
                                                  keymapper.o
                                                  keymap.o
putKey                                            ps2main.o
putKeyCode                                        keymapper.o
                                                  usbmain.o
                                                  ps2main.o
                                                  keymap.o
puts                                              c:/winavr-20100110/bin/../lib/gcc/avr/4.3.3/../../../../avr/lib/avr5\libc.a(puts.o)
                                                  keymain.o
                                                  usbmain.o
                                                  ps2main.o
                                                  keymapper.o
                                                  ledrender.o
pwmMAX                                            ledrender.o
pwmMIN                                            ledrender.o
pwmValue                                          ledrender.o
readMacro                                         keymapper.o
readyKeyMappingOnBoot                             keymapper.o
                                                  keymain.o
reduceLedBrightness                               ledrender.o
                                                  keymatrix.o
renderLED                                         ledrender.o
                                                  usbmain.o
                                                  ps2main.o
reportIndex                                       usbmain.o
resetCurrentLayer                                 keymapper.o
resetMacroInput                                   keymapper.o
saveCurrentLayer                                  keymapper.o
saveCurrentLayerAfter                             keymapper.o
saveMacro                                         keymapper.o
scanKeyPS2                                        ps2main.o
scanKeyUSB                                        usbmain.o
scanMacroUsb                                      usbmain.o
setCurrentMatrix                                  keymatrix.o
                                                  usbmain.o
                                                  ps2main.o
setDualAction                                     keymap.o
                                                  keymatrix.o
setLEDIndicate                                    ledrender.o
                                                  usbmain.o
                                                  ps2main.o
setLEDState                                       ledrender.o
                                                  usbmain.o
                                                  ps2main.o
setMacroProcessEnd                                macrobuffer.o
                                                  usbmain.o
                                                  ps2main.o
setPWM                                            ledrender.o
setToBootMapper                                   bootMapper.o
                                                  keymain.o
                                                  keymapper.o
setUsbOff                                         keymain.o
setUsbOn                                          keymain.o
setWillStartKeyMapping                            keymapper.o
sleep                                             sleep.o
sleepLED                                          ledrender.o
                                                  sleep.o
sprintf                                           c:/winavr-20100110/bin/../lib/gcc/avr/4.3.3/../../../../avr/lib/avr5\libc.a(sprintf.o)
                                                  keymapper.o
startKeyMapping                                   keymapper.o
                                                  keymatrix.o
startKeyMappingOnBoot                             keymapper.o
                                                  usbmain.o
                                                  ps2main.o
startTimer                                        ledrender.o
stopKeyMapping                                    keymapper.o
stopTimer                                         ledrender.o
str_back_6                                        keymapper.o
str_boot_mapper                                   keymapper.o
str_cancel_mapping                                keymapper.o
str_choose_key                                    keymapper.o
str_choose_layer                                  keymapper.o
str_clear_all_macro                               keymapper.o
str_col_row                                       keymapper.o
str_exit                                          keymapper.o
str_exit_macro                                    keymapper.o
str_input_command                                 keymapper.o
str_input_keycode                                 keymapper.o
str_input_macro                                   keymapper.o
str_invalid_keycode                               keymapper.o
str_invalid_macro_number                          keymapper.o
str_load_layer                                    keymapper.o
str_macro_1                                       keymapper.o
str_macro_2                                       keymapper.o
str_macro_9                                       keymapper.o
str_macro_message                                 keymapper.o
str_mapper_1                                      keymapper.o
str_mapper_2                                      keymapper.o
str_mapper_3                                      keymapper.o
str_mapper_4                                      keymapper.o
str_mapper_9                                      keymapper.o
str_mapper_message                                keymapper.o
str_nothing                                       keymapper.o
str_prepare_message                               keymapper.o
str_reset_mapping                                 keymapper.o
str_save_end_mapping                              keymapper.o
str_save_layer                                    keymapper.o
str_saving                                        keymapper.o
str_select_mode                                   keymapper.o
str_select_mode1                                  keymapper.o
str_select_mode2                                  keymapper.o
str_select_mode3                                  keymapper.o
str_select_mode4                                  keymapper.o
str_select_number                                 keymapper.o
strnlen                                           c:/winavr-20100110/bin/../lib/gcc/avr/4.3.3/../../../../avr/lib/avr5\libc.a(strnlen.o)
                                                  c:/winavr-20100110/bin/../lib/gcc/avr/4.3.3/../../../../avr/lib/avr5\libc.a(vfprintf_std.o)
strnlen_P                                         c:/winavr-20100110/bin/../lib/gcc/avr/4.3.3/../../../../avr/lib/avr5\libc.a(strnlen_P.o)
                                                  c:/winavr-20100110/bin/../lib/gcc/avr/4.3.3/../../../../avr/lib/avr5\libc.a(vfprintf_std.o)
strrev                                            c:/winavr-20100110/bin/../lib/gcc/avr/4.3.3/../../../../avr/lib/avr5\libc.a(strrev.o)
                                                  c:/winavr-20100110/bin/../lib/gcc/avr/4.3.3/../../../../avr/lib/avr5\libc.a(itoa.o)
timer0ClearOverflowCount                          ../avrlib/timer.o
timer0GetOverflowCount                            ../avrlib/timer.o
timer0GetPrescaler                                ../avrlib/timer.o
timer0Init                                        ../avrlib/timer.o
timer0SetPrescaler                                ../avrlib/timer.o
timer1GetPrescaler                                ../avrlib/timer.o
timer1Init                                        ../avrlib/timer.o
timer1PWMAOff                                     ../avrlib/timer.o
timer1PWMAOn                                      ../avrlib/timer.o
timer1PWMASet                                     ../avrlib/timer.o
timer1PWMBOff                                     ../avrlib/timer.o
timer1PWMBOn                                      ../avrlib/timer.o
timer1PWMBSet                                     ../avrlib/timer.o
timer1PWMInit                                     ../avrlib/timer.o
timer1PWMInitICR                                  ../avrlib/timer.o
timer1PWMOff                                      ../avrlib/timer.o
timer1SetPrescaler                                ../avrlib/timer.o
timer2ClearOverflowCount                          ../avrlib/timer.o
timer2GetOverflowCount                            ../avrlib/timer.o
timer2GetPrescaler                                ../avrlib/timer.o
timer2Init                                        ../avrlib/timer.o
                                                  keysta.o
timer2SetPrescaler                                ../avrlib/timer.o
                                                  keysta.o
timerAttach                                       ../avrlib/timer.o
                                                  ledrender.o
                                                  keysta.o
timerDetach                                       ../avrlib/timer.o
                                                  keymain.o
timerInit                                         ../avrlib/timer.o
timerPause                                        ../avrlib/timer.o
timerProcessCompareA                              ledrender.o
timerProcessCompareB                              ledrender.o
toString                                          macrobuffer.o
                                                  bootMapper.o
                                                  keymapper.o
trace                                             bootMapper.o
                                                  usbmain.o
                                                  ps2main.o
txScanCode                                        ps2main.o
tx_state                                          ps2main.o
usbConfiguration                                  usbdrv/usbdrv.o
usbCrc16                                          usbdrv/usbdrvasm.o
usbCrc16Append                                    usbdrv/usbdrvasm.o
                                                  usbdrv/usbdrv.o
usbCurrentTok                                     usbdrv/usbdrv.o
                                                  usbdrv/usbdrvasm.o
usbDescriptorConfiguration                        usbdrv/usbdrv.o
usbDescriptorDevice                               usbdrv/usbdrv.o
usbDescriptorHidReport                            usbmain.o
                                                  usbdrv/usbdrv.o
usbDescriptorString0                              usbdrv/usbdrv.o
usbDescriptorStringDevice                         usbdrv/usbdrv.o
usbDescriptorStringVendor                         usbdrv/usbdrv.o
usbDeviceAddr                                     usbdrv/usbdrv.o
                                                  usbdrv/usbdrvasm.o
usbFunctionSetup                                  usbmain.o
                                                  usbdrv/usbdrv.o
usbFunctionWrite                                  usbmain.o
                                                  usbdrv/usbdrv.o
usbInit                                           usbdrv/usbdrv.o
                                                  usbmain.o
usbInputBufOffset                                 usbdrv/usbdrv.o
                                                  usbdrv/usbdrvasm.o
usbMsgPtr                                         usbmain.o
                                                  usbdrv/usbdrv.o
usbNewDeviceAddr                                  usbdrv/usbdrv.o
                                                  usbdrv/usbdrvasm.o
usbPoll                                           usbdrv/usbdrv.o
                                                  usbmain.o
usbRxBuf                                          usbdrv/usbdrv.o
                                                  usbdrv/usbdrvasm.o
usbRxLen                                          usbdrv/usbdrv.o
                                                  usbdrv/usbdrvasm.o
usbRxToken                                        usbdrv/usbdrv.o
                                                  usbdrv/usbdrvasm.o
usbSetInterrupt                                   usbdrv/usbdrv.o
                                                  usbmain.o
usbTxBuf                                          usbdrv/usbdrv.o
                                                  usbdrv/usbdrvasm.o
usbTxLen                                          usbdrv/usbdrv.o
                                                  usbdrv/usbdrvasm.o
usbTxStatus1                                      usbmain.o
                                                  usbdrv/usbdrv.o
                                                  usbdrv/usbdrvasm.o
usb_main                                          usbmain.o
                                                  keymain.o
vfprintf                                          c:/winavr-20100110/bin/../lib/gcc/avr/4.3.3/../../../../avr/lib/avr5\libc.a(vfprintf_std.o)
                                                  c:/winavr-20100110/bin/../lib/gcc/avr/4.3.3/../../../../avr/lib/avr5\libc.a(sprintf.o)
                                                  c:/winavr-20100110/bin/../lib/gcc/avr/4.3.3/../../../../avr/lib/avr5\libc.a(printf.o)
wakeUp                                            sleep.o
                                                  usbmain.o
wakeUpLED                                         ledrender.o
                                                  sleep.o
